Archive member included to satisfy reference by file (symbol)

c:/st/stm32cubeide_1.7.0/stm32cubeide/plugins/com.st.stm32cube.ide.mcu.externaltools.gnu-tools-for-stm32.9-2020-q2-update.win32_2.0.0.202105311346/tools/bin/../lib/gcc/arm-none-eabi/9.3.1/../../../../arm-none-eabi/lib/thumb/v7e-m+fp/hard\libstdc++_nano.a(del_op.o)
                              ./xf/port/common/timeoutmanager.o (operator delete(void*))
c:/st/stm32cubeide_1.7.0/stm32cubeide/plugins/com.st.stm32cube.ide.mcu.externaltools.gnu-tools-for-stm32.9-2020-q2-update.win32_2.0.0.202105311346/tools/bin/../lib/gcc/arm-none-eabi/9.3.1/../../../../arm-none-eabi/lib/thumb/v7e-m+fp/hard\libstdc++_nano.a(del_ops.o)
                              ./app/statemachine02.o (operator delete(void*, unsigned int))
c:/st/stm32cubeide_1.7.0/stm32cubeide/plugins/com.st.stm32cube.ide.mcu.externaltools.gnu-tools-for-stm32.9-2020-q2-update.win32_2.0.0.202105311346/tools/bin/../lib/gcc/arm-none-eabi/9.3.1/../../../../arm-none-eabi/lib/thumb/v7e-m+fp/hard\libstdc++_nano.a(guard.o)
                              ./app/testfactory02.o (__cxa_guard_acquire)
c:/st/stm32cubeide_1.7.0/stm32cubeide/plugins/com.st.stm32cube.ide.mcu.externaltools.gnu-tools-for-stm32.9-2020-q2-update.win32_2.0.0.202105311346/tools/bin/../lib/gcc/arm-none-eabi/9.3.1/../../../../arm-none-eabi/lib/thumb/v7e-m+fp/hard\libstdc++_nano.a(new_op.o)
                              ./app/statemachine02.o (operator new(unsigned int))
c:/st/stm32cubeide_1.7.0/stm32cubeide/plugins/com.st.stm32cube.ide.mcu.externaltools.gnu-tools-for-stm32.9-2020-q2-update.win32_2.0.0.202105311346/tools/bin/../lib/gcc/arm-none-eabi/9.3.1/../../../../arm-none-eabi/lib/thumb/v7e-m+fp/hard\libstdc++_nano.a(pure.o)
                              ./xf/core/behavior.o (__cxa_pure_virtual)
c:/st/stm32cubeide_1.7.0/stm32cubeide/plugins/com.st.stm32cube.ide.mcu.externaltools.gnu-tools-for-stm32.9-2020-q2-update.win32_2.0.0.202105311346/tools/bin/../lib/gcc/arm-none-eabi/9.3.1/../../../../arm-none-eabi/lib/thumb/v7e-m+fp/hard\libstdc++_nano.a(list.o)
                              ./xf/port/common/timeoutmanager.o (std::__detail::_List_node_base::_M_hook(std::__detail::_List_node_base*))
c:/st/stm32cubeide_1.7.0/stm32cubeide/plugins/com.st.stm32cube.ide.mcu.externaltools.gnu-tools-for-stm32.9-2020-q2-update.win32_2.0.0.202105311346/tools/bin/../lib/gcc/arm-none-eabi/9.3.1/../../../../arm-none-eabi/lib/thumb/v7e-m+fp/hard\libstdc++_nano.a(functexcept.o)
                              ./xf/port/idf-stm32/eventqueue.o (std::__throw_bad_alloc())
c:/st/stm32cubeide_1.7.0/stm32cubeide/plugins/com.st.stm32cube.ide.mcu.externaltools.gnu-tools-for-stm32.9-2020-q2-update.win32_2.0.0.202105311346/tools/bin/../lib/gcc/arm-none-eabi/9.3.1/../../../../arm-none-eabi/lib/thumb/v7e-m+fp/hard\libstdc++_nano.a(functional.o)
                              ./xf/port/common/timeoutmanager.o (std::__throw_bad_function_call())
c:/st/stm32cubeide_1.7.0/stm32cubeide/plugins/com.st.stm32cube.ide.mcu.externaltools.gnu-tools-for-stm32.9-2020-q2-update.win32_2.0.0.202105311346/tools/bin/../lib/gcc/arm-none-eabi/9.3.1/../../../../arm-none-eabi/lib/thumb/v7e-m+fp/hard\libstdc++_nano.a(snprintf_lite.o)
                              c:/st/stm32cubeide_1.7.0/stm32cubeide/plugins/com.st.stm32cube.ide.mcu.externaltools.gnu-tools-for-stm32.9-2020-q2-update.win32_2.0.0.202105311346/tools/bin/../lib/gcc/arm-none-eabi/9.3.1/../../../../arm-none-eabi/lib/thumb/v7e-m+fp/hard\libstdc++_nano.a(functexcept.o) (__gnu_cxx::__snprintf_lite(char*, unsigned int, char const*, std::__va_list))
c:/st/stm32cubeide_1.7.0/stm32cubeide/plugins/com.st.stm32cube.ide.mcu.externaltools.gnu-tools-for-stm32.9-2020-q2-update.win32_2.0.0.202105311346/tools/bin/../lib/gcc/arm-none-eabi/9.3.1/../../../../arm-none-eabi/lib/thumb/v7e-m+fp/hard\libstdc++_nano.a(string-inst.o)
                              ./platform/f7-disco-gcc/board/trace.o (std::__cxx11::basic_string<char, std::char_traits<char>, std::allocator<char> >::_M_mutate(unsigned int, unsigned int, char const*, unsigned int))
c:/st/stm32cubeide_1.7.0/stm32cubeide/plugins/com.st.stm32cube.ide.mcu.externaltools.gnu-tools-for-stm32.9-2020-q2-update.win32_2.0.0.202105311346/tools/bin/../lib/gcc/arm-none-eabi/9.3.1/../../../../arm-none-eabi/lib/thumb/v7e-m+fp/hard\libstdc++_nano.a(eh_exception.o)
                              c:/st/stm32cubeide_1.7.0/stm32cubeide/plugins/com.st.stm32cube.ide.mcu.externaltools.gnu-tools-for-stm32.9-2020-q2-update.win32_2.0.0.202105311346/tools/bin/../lib/gcc/arm-none-eabi/9.3.1/../../../../arm-none-eabi/lib/thumb/v7e-m+fp/hard\libstdc++_nano.a(functional.o) (std::exception::~exception())
c:/st/stm32cubeide_1.7.0/stm32cubeide/plugins/com.st.stm32cube.ide.mcu.externaltools.gnu-tools-for-stm32.9-2020-q2-update.win32_2.0.0.202105311346/tools/bin/../lib/gcc/arm-none-eabi/9.3.1/../../../../arm-none-eabi/lib/thumb/v7e-m+fp/hard\libstdc++_nano.a(eh_terminate.o)
[...]
Memory Configuration

Name             Origin             Length             Attributes
RAM              0x0000000020000000 0x0000000000050000 xrw
FLASH            0x0000000008000000 0x0000000000100000 xr
*default*        0x0000000000000000 0xffffffffffffffff

Linker script and memory map

LOAD c:/st/stm32cubeide_1.7.0/stm32cubeide/plugins/com.st.stm32cube.ide.mcu.externaltools.gnu-tools-for-stm32.9-2020-q2-update.win32_2.0.0.202105311346/tools/bin/../lib/gcc/arm-none-eabi/9.3.1/thumb/v7e-m+fp/hard/crti.o
LOAD c:/st/stm32cubeide_1.7.0/stm32cubeide/plugins/com.st.stm32cube.ide.mcu.externaltools.gnu-tools-for-stm32.9-2020-q2-update.win32_2.0.0.202105311346/tools/bin/../lib/gcc/arm-none-eabi/9.3.1/thumb/v7e-m+fp/hard/crtbegin.o
LOAD c:/st/stm32cubeide_1.7.0/stm32cubeide/plugins/com.st.stm32cube.ide.mcu.externaltools.gnu-tools-for-stm32.9-2020-q2-update.win32_2.0.0.202105311346/tools/bin/../lib/gcc/arm-none-eabi/9.3.1/../../../../arm-none-eabi/lib/thumb/v7e-m+fp/hard/crt0.o
LOAD ./Core/Src/main.o
LOAD ./Core/Src/stm32f7xx_hal_msp.o
LOAD ./Core/Src/stm32f7xx_it.o
LOAD ./Core/Src/system_stm32f7xx.o
LOAD ./Drivers/STM32F7xx_HAL_Driver/Src/stm32f7xx_hal.o
LOAD ./Drivers/STM32F7xx_HAL_Driver/Src/stm32f7xx_hal_cortex.o
LOAD ./Drivers/STM32F7xx_HAL_Driver/Src/stm32f7xx_hal_dma.o
LOAD ./Drivers/STM32F7xx_HAL_Driver/Src/stm32f7xx_hal_dma_ex.o
LOAD ./Drivers/STM32F7xx_HAL_Driver/Src/stm32f7xx_hal_exti.o
LOAD ./Drivers/STM32F7xx_HAL_Driver/Src/stm32f7xx_hal_flash.o
LOAD ./Drivers/STM32F7xx_HAL_Driver/Src/stm32f7xx_hal_flash_ex.o
LOAD ./Drivers/STM32F7xx_HAL_Driver/Src/stm32f7xx_hal_gpio.o
LOAD ./Drivers/STM32F7xx_HAL_Driver/Src/stm32f7xx_hal_i2c.o
LOAD ./Drivers/STM32F7xx_HAL_Driver/Src/stm32f7xx_hal_i2c_ex.o
LOAD ./Drivers/STM32F7xx_HAL_Driver/Src/stm32f7xx_hal_pwr.o
LOAD ./Drivers/STM32F7xx_HAL_Driver/Src/stm32f7xx_hal_pwr_ex.o
LOAD ./Drivers/STM32F7xx_HAL_Driver/Src/stm32f7xx_hal_rcc.o
LOAD ./Drivers/STM32F7xx_HAL_Driver/Src/stm32f7xx_hal_rcc_ex.o
LOAD ./Drivers/STM32F7xx_HAL_Driver/Src/stm32f7xx_hal_tim.o
LOAD ./Drivers/STM32F7xx_HAL_Driver/Src/stm32f7xx_hal_tim_ex.o
LOAD ./Drivers/STM32F7xx_HAL_Driver/Src/stm32f7xx_hal_uart.o
LOAD ./Drivers/STM32F7xx_HAL_Driver/Src/stm32f7xx_hal_uart_ex.o
LOAD ./app/statemachine02.o
LOAD ./app/testfactory02.o
LOAD ./mdw/trace/examples/trace-example01.o
LOAD ./platform/f7-disco-gcc/board/ledcontroller.o
LOAD ./platform/f7-disco-gcc/board/trace.o
LOAD ./platform/f7-disco-gcc/mcu/critical/critical.o
LOAD ./platform/f7-disco-gcc/mcu/hal/uart.o
LOAD ./startup/startup_stm32f746xx.o
LOAD ./xf/core/behavior.o
LOAD ./xf/core/customevent.o
LOAD ./xf/core/defaulttransition.o
LOAD ./xf/core/initialevent.o
LOAD ./xf/core/timeout.o
LOAD ./xf/port/common/dispatcher.o
LOAD ./xf/port/common/timeoutmanager.o
LOAD ./xf/port/idf-stm32/c-wrapper-functions.o
LOAD ./xf/port/idf-stm32/eventqueue.o
LOAD ./xf/port/idf-stm32/mutex.o
LOAD ./xf/port/idf-stm32/xf.o
START GROUP
LOAD c:/st/stm32cubeide_1.7.0/stm32cubeide/plugins/com.st.stm32cube.ide.mcu.externaltools.gnu-tools-for-stm32.9-2020-q2-update.win32_2.0.0.202105311346/tools/bin/../lib/gcc/arm-none-eabi/9.3.1/../../../../arm-none-eabi/lib/thumb/v7e-m+fp/hard\libstdc++_nano.a
LOAD c:/st/stm32cubeide_1.7.0/stm32cubeide/plugins/com.st.stm32cube.ide.mcu.externaltools.gnu-tools-for-stm32.9-2020-q2-update.win32_2.0.0.202105311346/tools/bin/../lib/gcc/arm-none-eabi/9.3.1/../../../../arm-none-eabi/lib/thumb/v7e-m+fp/hard\libsupc++_nano.a
END GROUP
LOAD c:/st/stm32cubeide_1.7.0/stm32cubeide/plugins/com.st.stm32cube.ide.mcu.externaltools.gnu-tools-for-stm32.9-2020-q2-update.win32_2.0.0.202105311346/tools/bin/../lib/gcc/arm-none-eabi/9.3.1/../../../../arm-none-eabi/lib/thumb/v7e-m+fp/hard\libstdc++_nano.a
LOAD c:/st/stm32cubeide_1.7.0/stm32cubeide/plugins/com.st.stm32cube.ide.mcu.externaltools.gnu-tools-for-stm32.9-2020-q2-update.win32_2.0.0.202105311346/tools/bin/../lib/gcc/arm-none-eabi/9.3.1/../../../../arm-none-eabi/lib/thumb/v7e-m+fp/hard\libm.a
LOAD c:/st/stm32cubeide_1.7.0/stm32cubeide/plugins/com.st.stm32cube.ide.mcu.externaltools.gnu-tools-for-stm32.9-2020-q2-update.win32_2.0.0.202105311346/tools/bin/../lib/gcc/arm-none-eabi/9.3.1/../../../../arm-none-eabi/lib/thumb/v7e-m+fp/hard\libc_nano.a
START GROUP
LOAD c:/st/stm32cubeide_1.7.0/stm32cubeide/plugins/com.st.stm32cube.ide.mcu.externaltools.gnu-tools-for-stm32.9-2020-q2-update.win32_2.0.0.202105311346/tools/bin/../lib/gcc/arm-none-eabi/9.3.1/thumb/v7e-m+fp/hard\libgcc.a
LOAD c:/st/stm32cubeide_1.7.0/stm32cubeide/plugins/com.st.stm32cube.ide.mcu.externaltools.gnu-tools-for-stm32.9-2020-q2-update.win32_2.0.0.202105311346/tools/bin/../lib/gcc/arm-none-eabi/9.3.1/../../../../arm-none-eabi/lib/thumb/v7e-m+fp/hard\libc_nano.a
END GROUP
START GROUP
LOAD c:/st/stm32cubeide_1.7.0/stm32cubeide/plugins/com.st.stm32cube.ide.mcu.externaltools.gnu-tools-for-stm32.9-2020-q2-update.win32_2.0.0.202105311346/tools/bin/../lib/gcc/arm-none-eabi/9.3.1/thumb/v7e-m+fp/hard\libgcc.a
LOAD c:/st/stm32cubeide_1.7.0/stm32cubeide/plugins/com.st.stm32cube.ide.mcu.externaltools.gnu-tools-for-stm32.9-2020-q2-update.win32_2.0.0.202105311346/tools/bin/../lib/gcc/arm-none-eabi/9.3.1/../../../../arm-none-eabi/lib/thumb/v7e-m+fp/hard\libc_nano.a
LOAD c:/st/stm32cubeide_1.7.0/stm32cubeide/plugins/com.st.stm32cube.ide.mcu.externaltools.gnu-tools-for-stm32.9-2020-q2-update.win32_2.0.0.202105311346/tools/bin/../lib/gcc/arm-none-eabi/9.3.1/../../../../arm-none-eabi/lib/thumb/v7e-m+fp/hard\libnosys.a
END GROUP
START GROUP
LOAD c:/st/stm32cubeide_1.7.0/stm32cubeide/plugins/com.st.stm32cube.ide.mcu.externaltools.gnu-tools-for-stm32.9-2020-q2-update.win32_2.0.0.202105311346/tools/bin/../lib/gcc/arm-none-eabi/9.3.1/thumb/v7e-m+fp/hard\libgcc.a
LOAD c:/st/stm32cubeide_1.7.0/stm32cubeide/plugins/com.st.stm32cube.ide.mcu.externaltools.gnu-tools-for-stm32.9-2020-q2-update.win32_2.0.0.202105311346/tools/bin/../lib/gcc/arm-none-eabi/9.3.1/../../../../arm-none-eabi/lib/thumb/v7e-m+fp/hard\libc_nano.a
LOAD c:/st/stm32cubeide_1.7.0/stm32cubeide/plugins/com.st.stm32cube.ide.mcu.externaltools.gnu-tools-for-stm32.9-2020-q2-update.win32_2.0.0.202105311346/tools/bin/../lib/gcc/arm-none-eabi/9.3.1/../../../../arm-none-eabi/lib/thumb/v7e-m+fp/hard\libnosys.a
END GROUP
LOAD c:/st/stm32cubeide_1.7.0/stm32cubeide/plugins/com.st.stm32cube.ide.mcu.externaltools.gnu-tools-for-stm32.9-2020-q2-update.win32_2.0.0.202105311346/tools/bin/../lib/gcc/arm-none-eabi/9.3.1/thumb/v7e-m+fp/hard/crtend.o
LOAD c:/st/stm32cubeide_1.7.0/stm32cubeide/plugins/com.st.stm32cube.ide.mcu.externaltools.gnu-tools-for-stm32.9-2020-q2-update.win32_2.0.0.202105311346/tools/bin/../lib/gcc/arm-none-eabi/9.3.1/thumb/v7e-m+fp/hard/crtn.o
                0x0000000020050000                _estack = 0x20050000
                0x0000000000001000                _Min_Heap_Size = 0x1000
                0x0000000000001000                _Min_Stack_Size = 0x1000

.isr_vector     0x0000000008000000      0x1c8
                0x0000000008000000                . = ALIGN (0x4)
 *(.isr_vector)
 .isr_vector    0x0000000008000000      0x1c8 ./startup/startup_stm32f746xx.o
                0x0000000008000000                g_pfnVectors
                0x00000000080001c8                . = ALIGN (0x4)

.text           0x00000000080001d0     0x47ec
                0x00000000080001d0                . = ALIGN (0x4)
 *(.text)
 .text          0x00000000080001d0       0x40 c:/st/stm32cubeide_1.7.0/stm32cubeide/plugins/com.st.stm32cube.ide.mcu.externaltools.gnu-tools-for-stm32.9-2020-q2-update.win32_2.0.0.202105311346/tools/bin/../lib/gcc/arm-none-eabi/9.3.1/thumb/v7e-m+fp/hard/crtbegin.o
 .text          0x0000000008000210       0xa0 c:/st/stm32cubeide_1.7.0/stm32cubeide/plugins/com.st.stm32cube.ide.mcu.externaltools.gnu-tools-for-stm32.9-2020-q2-update.win32_2.0.0.202105311346/tools/bin/../lib/gcc/arm-none-eabi/9.3.1/../../../../arm-none-eabi/lib/thumb/v7e-m+fp/hard\libc_nano.a(lib_a-memchr.o)
                0x0000000008000210                memchr
 .text          0x00000000080002b0       0x10 c:/st/stm32cubeide_1.7.0/stm32cubeide/plugins/com.st.stm32cube.ide.mcu.externaltools.gnu-tools-for-stm32.9-2020-q2-update.win32_2.0.0.202105311346/tools/bin/../lib/gcc/arm-none-eabi/9.3.1/../../../../arm-none-eabi/lib/thumb/v7e-m+fp/hard\libc_nano.a(lib_a-strlen.o)
                0x00000000080002b0                strlen
 .text          0x00000000080002c0       0x30 c:/st/stm32cubeide_1.7.0/stm32cubeide/plugins/com.st.stm32cube.ide.mcu.externaltools.gnu-tools-for-stm32.9-2020-q2-update.win32_2.0.0.202105311346/tools/bin/../lib/gcc/arm-none-eabi/9.3.1/thumb/v7e-m+fp/hard\libgcc.a(_aeabi_uldivmod.o)
                0x00000000080002c0                __aeabi_uldivmod
 .text          0x00000000080002f0      0x2c4 c:/st/stm32cubeide_1.7.0/stm32cubeide/plugins/com.st.stm32cube.ide.mcu.externaltools.gnu-tools-for-stm32.9-2020-q2-update.win32_2.0.0.202105311346/tools/bin/../lib/gcc/arm-none-eabi/9.3.1/thumb/v7e-m+fp/hard\libgcc.a(_udivmoddi4.o)
                0x00000000080002f0                __udivmoddi4
 .text          0x00000000080005b4        0x4 c:/st/stm32cubeide_1.7.0/stm32cubeide/plugins/com.st.stm32cube.ide.mcu.externaltools.gnu-tools-for-stm32.9-2020-q2-update.win32_2.0.0.202105311346/tools/bin/../lib/gcc/arm-none-eabi/9.3.1/thumb/v7e-m+fp/hard\libgcc.a(_dvmd_tls.o)
                0x00000000080005b4                __aeabi_idiv0
                0x00000000080005b4                __aeabi_ldiv0
 *(.text*)
 .text.MX_GPIO_Init
                0x00000000080005b8      0x65c ./Core/Src/main.o
 .text.Error_Handler
                0x0000000008000c14        0x4 ./Core/Src/main.o
                0x0000000008000c14                Error_Handler
 .text.MX_USART1_UART_Init
                0x0000000008000c18       0x38 ./Core/Src/main.o
 .text.SystemClock_Config
                0x0000000008000c50       0xc0 ./Core/Src/main.o
                0x0000000008000c50                SystemClock_Config
 .text.main     0x0000000008000d10       0x26 ./Core/Src/main.o
                0x0000000008000d10                main
 *fill*         0x0000000008000d36        0x2 
 .text.HAL_MspInit
                0x0000000008000d38       0x30 ./Core/Src/stm32f7xx_hal_msp.o
                0x0000000008000d38                HAL_MspInit
 .text.HAL_UART_MspInit
                0x0000000008000d68       0x98 ./Core/Src/stm32f7xx_hal_msp.o
                0x0000000008000d68                HAL_UART_MspInit
 .text.NMI_Handler
                0x0000000008000e00        0x2 ./Core/Src/stm32f7xx_it.o
                0x0000000008000e00                NMI_Handler
 .text.HardFault_Handler
                0x0000000008000e02        0x2 ./Core/Src/stm32f7xx_it.o
                0x0000000008000e02                HardFault_Handler
 .text.MemManage_Handler
                0x0000000008000e04        0x2 ./Core/Src/stm32f7xx_it.o
                0x0000000008000e04                MemManage_Handler
 .text.BusFault_Handler
                0x0000000008000e06        0x2 ./Core/Src/stm32f7xx_it.o
                0x0000000008000e06                BusFault_Handler
 .text.UsageFault_Handler
                0x0000000008000e08        0x2 ./Core/Src/stm32f7xx_it.o
                0x0000000008000e08                UsageFault_Handler
 .text.SVC_Handler
                0x0000000008000e0a        0x2 ./Core/Src/stm32f7xx_it.o
                0x0000000008000e0a                SVC_Handler
 .text.DebugMon_Handler
                0x0000000008000e0c        0x2 ./Core/Src/stm32f7xx_it.o
                0x0000000008000e0c                DebugMon_Handler
 .text.PendSV_Handler
                0x0000000008000e0e        0x2 ./Core/Src/stm32f7xx_it.o
                0x0000000008000e0e                PendSV_Handler
 .text.SysTick_Handler
                0x0000000008000e10       0x22 ./Core/Src/stm32f7xx_it.o
                0x0000000008000e10                SysTick_Handler
 *fill*         0x0000000008000e32        0x2 
 .text.SystemInit
                0x0000000008000e34       0x1c ./Core/Src/system_stm32f7xx.o
                0x0000000008000e34                SystemInit
 .text.HAL_InitTick
                0x0000000008000e50       0x48 ./Drivers/STM32F7xx_HAL_Driver/Src/stm32f7xx_hal.o
                0x0000000008000e50                HAL_InitTick
 .text.HAL_Init
                0x0000000008000e98       0x16 ./Drivers/STM32F7xx_HAL_Driver/Src/stm32f7xx_hal.o
                0x0000000008000e98                HAL_Init
 *fill*         0x0000000008000eae        0x2 
 .text.HAL_IncTick
                0x0000000008000eb0       0x18 ./Drivers/STM32F7xx_HAL_Driver/Src/stm32f7xx_hal.o
                0x0000000008000eb0                HAL_IncTick
 .text.HAL_GetTick
                0x0000000008000ec8        0xc ./Drivers/STM32F7xx_HAL_Driver/Src/stm32f7xx_hal.o
                0x0000000008000ec8                HAL_GetTick
 .text.HAL_NVIC_SetPriorityGrouping
                0x0000000008000ed4       0x24 ./Drivers/STM32F7xx_HAL_Driver/Src/stm32f7xx_hal_cortex.o
                0x0000000008000ed4                HAL_NVIC_SetPriorityGrouping
 .text.HAL_NVIC_SetPriority
                0x0000000008000ef8       0x64 ./Drivers/STM32F7xx_HAL_Driver/Src/stm32f7xx_hal_cortex.o
                0x0000000008000ef8                HAL_NVIC_SetPriority
 .text.HAL_SYSTICK_Config
                0x0000000008000f5c       0x2c ./Drivers/STM32F7xx_HAL_Driver/Src/stm32f7xx_hal_cortex.o
                0x0000000008000f5c                HAL_SYSTICK_Config
 .text.DMA_SetConfig
                0x0000000008000f88       0x2c ./Drivers/STM32F7xx_HAL_Driver/Src/stm32f7xx_hal_dma.o
 .text.HAL_DMA_Start_IT
                0x0000000008000fb4       0x74 ./Drivers/STM32F7xx_HAL_Driver/Src/stm32f7xx_hal_dma.o
                0x0000000008000fb4                HAL_DMA_Start_IT
 .text.HAL_GPIO_Init
                0x0000000008001028      0x1e0 ./Drivers/STM32F7xx_HAL_Driver/Src/stm32f7xx_hal_gpio.o
                0x0000000008001028                HAL_GPIO_Init
 .text.HAL_GPIO_WritePin
                0x0000000008001208        0xc ./Drivers/STM32F7xx_HAL_Driver/Src/stm32f7xx_hal_gpio.o
                0x0000000008001208                HAL_GPIO_WritePin
 .text.HAL_RCC_OscConfig
                0x0000000008001214      0x434 ./Drivers/STM32F7xx_HAL_Driver/Src/stm32f7xx_hal_rcc.o
                0x0000000008001214                HAL_RCC_OscConfig
 .text.HAL_RCC_GetSysClockFreq
                0x0000000008001648       0xa0 ./Drivers/STM32F7xx_HAL_Driver/Src/stm32f7xx_hal_rcc.o
                0x0000000008001648                HAL_RCC_GetSysClockFreq
 .text.HAL_RCC_ClockConfig
                0x00000000080016e8      0x16c ./Drivers/STM32F7xx_HAL_Driver/Src/stm32f7xx_hal_rcc.o
                0x00000000080016e8                HAL_RCC_ClockConfig
 .text.HAL_RCC_GetHCLKFreq
                0x0000000008001854        0xc ./Drivers/STM32F7xx_HAL_Driver/Src/stm32f7xx_hal_rcc.o
                0x0000000008001854                HAL_RCC_GetHCLKFreq
 .text.HAL_RCC_GetPCLK1Freq
                0x0000000008001860       0x20 ./Drivers/STM32F7xx_HAL_Driver/Src/stm32f7xx_hal_rcc.o
                0x0000000008001860                HAL_RCC_GetPCLK1Freq
 .text.HAL_RCC_GetPCLK2Freq
                0x0000000008001880       0x20 ./Drivers/STM32F7xx_HAL_Driver/Src/stm32f7xx_hal_rcc.o
                0x0000000008001880                HAL_RCC_GetPCLK2Freq
 .text.HAL_RCCEx_PeriphCLKConfig
                0x00000000080018a0      0x5ac ./Drivers/STM32F7xx_HAL_Driver/Src/stm32f7xx_hal_rcc_ex.o
                0x00000000080018a0                HAL_RCCEx_PeriphCLKConfig
 .text.UART_EndTxTransfer
                0x0000000008001e4c       0x10 ./Drivers/STM32F7xx_HAL_Driver/Src/stm32f7xx_hal_uart.o
 .text.UART_EndRxTransfer
                0x0000000008001e5c       0x1e ./Drivers/STM32F7xx_HAL_Driver/Src/stm32f7xx_hal_uart.o
 *fill*         0x0000000008001e7a        0x2 
 .text.HAL_UART_Transmit_DMA
                0x0000000008001e7c       0xa8 ./Drivers/STM32F7xx_HAL_Driver/Src/stm32f7xx_hal_uart.o
                0x0000000008001e7c                HAL_UART_Transmit_DMA
 .text.HAL_UART_TxCpltCallback
                0x0000000008001f24        0x2 ./Drivers/STM32F7xx_HAL_Driver/Src/stm32f7xx_hal_uart.o
                0x0000000008001f24                HAL_UART_TxCpltCallback
 .text.UART_DMATransmitCplt
                0x0000000008001f26       0x30 ./Drivers/STM32F7xx_HAL_Driver/Src/stm32f7xx_hal_uart.o
 .text.HAL_UART_TxHalfCpltCallback
                0x0000000008001f56        0x2 ./Drivers/STM32F7xx_HAL_Driver/Src/stm32f7xx_hal_uart.o
                0x0000000008001f56                HAL_UART_TxHalfCpltCallback
 .text.UART_DMATxHalfCplt
                0x0000000008001f58        0xa ./Drivers/STM32F7xx_HAL_Driver/Src/stm32f7xx_hal_uart.o
 .text.HAL_UART_ErrorCallback
                0x0000000008001f62        0x2 ./Drivers/STM32F7xx_HAL_Driver/Src/stm32f7xx_hal_uart.o
                0x0000000008001f62                HAL_UART_ErrorCallback
 .text.UART_DMAError
                0x0000000008001f64       0x50 ./Drivers/STM32F7xx_HAL_Driver/Src/stm32f7xx_hal_uart.o
 .text.UART_SetConfig
                0x0000000008001fb4      0x3a0 ./Drivers/STM32F7xx_HAL_Driver/Src/stm32f7xx_hal_uart.o
                0x0000000008001fb4                UART_SetConfig
 .text.UART_AdvFeatureConfig
                0x0000000008002354       0xca ./Drivers/STM32F7xx_HAL_Driver/Src/stm32f7xx_hal_uart.o
                0x0000000008002354                UART_AdvFeatureConfig
 .text.UART_WaitOnFlagUntilTimeout
                0x000000000800241e       0xa2 ./Drivers/STM32F7xx_HAL_Driver/Src/stm32f7xx_hal_uart.o
                0x000000000800241e                UART_WaitOnFlagUntilTimeout
 .text.HAL_UART_Transmit
                0x00000000080024c0       0xda ./Drivers/STM32F7xx_HAL_Driver/Src/stm32f7xx_hal_uart.o
                0x00000000080024c0                HAL_UART_Transmit
 .text.UART_CheckIdleState
                0x000000000800259a       0x44 ./Drivers/STM32F7xx_HAL_Driver/Src/stm32f7xx_hal_uart.o
                0x000000000800259a                UART_CheckIdleState
 .text.HAL_UART_Init
                0x00000000080025de       0x62 ./Drivers/STM32F7xx_HAL_Driver/Src/stm32f7xx_hal_uart.o
                0x00000000080025de                HAL_UART_Init
 .text._ZN14StateMachine02D2Ev
                0x0000000008002640       0x24 ./app/statemachine02.o
                0x0000000008002640                StateMachine02::~StateMachine02()
                0x0000000008002640                StateMachine02::~StateMachine02()
 .text._ZN14StateMachine02D0Ev
                0x0000000008002664       0x14 ./app/statemachine02.o
                0x0000000008002664                StateMachine02::~StateMachine02()
 .text._ZN14StateMachine0212processEventEv
                0x0000000008002678       0xf8 ./app/statemachine02.o
                0x0000000008002678                StateMachine02::processEvent()
 .text._ZN14StateMachine02C2Ev
                0x0000000008002770       0x38 ./app/statemachine02.o
                0x0000000008002770                StateMachine02::StateMachine02()
                0x0000000008002770                StateMachine02::StateMachine02()
 .text._ZN13TestFactory0213getStaticTaskEv
                0x00000000080027a8       0x44 ./app/testfactory02.o
                0x00000000080027a8                TestFactory02::getStaticTask()
 .text._ZN13TestFactory0214getDynamicTaskEv
                0x00000000080027ec       0x40 ./app/testfactory02.o
                0x00000000080027ec                TestFactory02::getDynamicTask()
 .text._ZN13TestFactory0210initializeEv
                0x000000000800282c       0x1c ./app/testfactory02.o
                0x000000000800282c                TestFactory02::initialize()
 .text.Factory_initialize
                0x0000000008002848        0x8 ./app/testfactory02.o
                0x0000000008002848                Factory_initialize
 .text._ZN13TestFactory025buildEv
                0x0000000008002850       0x2c ./app/testfactory02.o
                0x0000000008002850                TestFactory02::build()
 .text.Factory_build
                0x000000000800287c        0x8 ./app/testfactory02.o
                0x000000000800287c                Factory_build
 .text.__tcf_0  0x0000000008002884       0x10 ./app/testfactory02.o
 .text._ZL10traceMutexv
                0x0000000008002894        0xc ./platform/f7-disco-gcc/board/trace.o
 .text._ZL14traceMutexLockv
                0x00000000080028a0        0xe ./platform/f7-disco-gcc/board/trace.o
 .text._ZL16traceMutexUnlockv
                0x00000000080028ae        0xe ./platform/f7-disco-gcc/board/trace.o
 .text._ZL17checkStringEndingPcm
                0x00000000080028bc       0x44 ./platform/f7-disco-gcc/board/trace.o
 .text._ZN5Trace3outEPKcz
                0x0000000008002900       0x4c ./platform/f7-disco-gcc/board/trace.o
                0x0000000008002900                Trace::out(char const*, ...)
 .text._Z41__static_initialization_and_destruction_0ii
                0x000000000800294c       0x4c ./platform/f7-disco-gcc/board/trace.o
 .text._GLOBAL__sub_I_trace_initialize
                0x0000000008002998        0xe ./platform/f7-disco-gcc/board/trace.o
 .text._GLOBAL__sub_D_trace_initialize
                0x00000000080029a6        0xe ./platform/f7-disco-gcc/board/trace.o
 .text._Z5inISRv
                0x00000000080029b4        0xc ./platform/f7-disco-gcc/mcu/critical/critical.o
                0x00000000080029b4                inISR()
 .text._Z13enterCriticalv
                0x00000000080029c0       0x20 ./platform/f7-disco-gcc/mcu/critical/critical.o
                0x00000000080029c0                enterCritical()
 .text._Z12exitCriticalv
                0x00000000080029e0       0x1c ./platform/f7-disco-gcc/mcu/critical/critical.o
                0x00000000080029e0                exitCritical()
 .text._ZN4UartD2Ev
                0x00000000080029fc        0x2 ./platform/f7-disco-gcc/mcu/hal/uart.o
                0x00000000080029fc                Uart::~Uart()
                0x00000000080029fc                Uart::~Uart()
 .text._ZN4UartD0Ev
                0x00000000080029fe        0xe ./platform/f7-disco-gcc/mcu/hal/uart.o
                0x00000000080029fe                Uart::~Uart()
 .text._ZN4UartC2EhP20__UART_HandleTypeDefb
                0x0000000008002a0c       0x58 ./platform/f7-disco-gcc/mcu/hal/uart.o
                0x0000000008002a0c                Uart::Uart(unsigned char, __UART_HandleTypeDef*, bool)
                0x0000000008002a0c                Uart::Uart(unsigned char, __UART_HandleTypeDef*, bool)
 .text._ZN4Uart13writeUsingDMAEPKhm
                0x0000000008002a64       0x40 ./platform/f7-disco-gcc/mcu/hal/uart.o
                0x0000000008002a64                Uart::writeUsingDMA(unsigned char const*, unsigned long)
 .text._ZN4Uart5writeEPKcj
                0x0000000008002aa4       0x2e ./platform/f7-disco-gcc/mcu/hal/uart.o
                0x0000000008002aa4                Uart::write(char const*, unsigned int)
 *fill*         0x0000000008002ad2        0x2 
 .text.Reset_Handler
                0x0000000008002ad4       0x50 ./startup/startup_stm32f746xx.o
                0x0000000008002ad4                Reset_Handler
 .text.Default_Handler
                0x0000000008002b24        0x2 ./startup/startup_stm32f746xx.o
                0x0000000008002b24                RTC_Alarm_IRQHandler
                0x0000000008002b24                EXTI2_IRQHandler
                0x0000000008002b24                TIM8_CC_IRQHandler
                0x0000000008002b24                UART8_IRQHandler
                0x0000000008002b24                SPI4_IRQHandler
                0x0000000008002b24                TIM1_CC_IRQHandler
                0x0000000008002b24                DMA2_Stream5_IRQHandler
                0x0000000008002b24                DMA1_Stream5_IRQHandler
                0x0000000008002b24                PVD_IRQHandler
                0x0000000008002b24                TAMP_STAMP_IRQHandler
                0x0000000008002b24                CAN2_RX1_IRQHandler
                0x0000000008002b24                EXTI3_IRQHandler
                0x0000000008002b24                TIM8_TRG_COM_TIM14_IRQHandler
                0x0000000008002b24                TIM1_UP_TIM10_IRQHandler
                0x0000000008002b24                TIM8_UP_TIM13_IRQHandler
                0x0000000008002b24                I2C3_ER_IRQHandler
                0x0000000008002b24                EXTI0_IRQHandler
                0x0000000008002b24                I2C2_EV_IRQHandler
                0x0000000008002b24                DMA1_Stream2_IRQHandler
                0x0000000008002b24                CAN1_RX0_IRQHandler
                0x0000000008002b24                FPU_IRQHandler
                0x0000000008002b24                OTG_HS_WKUP_IRQHandler
                0x0000000008002b24                LTDC_ER_IRQHandler
                0x0000000008002b24                CAN2_SCE_IRQHandler
                0x0000000008002b24                DMA2_Stream2_IRQHandler
                0x0000000008002b24                SPI1_IRQHandler
                0x0000000008002b24                TIM6_DAC_IRQHandler
                0x0000000008002b24                TIM1_BRK_TIM9_IRQHandler
                0x0000000008002b24                DCMI_IRQHandler
                0x0000000008002b24                CAN2_RX0_IRQHandler
                0x0000000008002b24                DMA2_Stream3_IRQHandler
                0x0000000008002b24                SAI2_IRQHandler
                0x0000000008002b24                USART6_IRQHandler
                0x0000000008002b24                USART3_IRQHandler
                0x0000000008002b24                CAN1_RX1_IRQHandler
                0x0000000008002b24                UART5_IRQHandler
                0x0000000008002b24                DMA2_Stream0_IRQHandler
                0x0000000008002b24                TIM4_IRQHandler
                0x0000000008002b24                QUADSPI_IRQHandler
                0x0000000008002b24                I2C1_EV_IRQHandler
                0x0000000008002b24                DMA1_Stream6_IRQHandler
                0x0000000008002b24                DMA1_Stream1_IRQHandler
                0x0000000008002b24                UART4_IRQHandler
                0x0000000008002b24                TIM3_IRQHandler
                0x0000000008002b24                RCC_IRQHandler
                0x0000000008002b24                TIM8_BRK_TIM12_IRQHandler
                0x0000000008002b24                Default_Handler
                0x0000000008002b24                CEC_IRQHandler
                0x0000000008002b24                EXTI15_10_IRQHandler
                0x0000000008002b24                ADC_IRQHandler
                0x0000000008002b24                DMA1_Stream7_IRQHandler
                0x0000000008002b24                SPI5_IRQHandler
                0x0000000008002b24                TIM7_IRQHandler
                0x0000000008002b24                SDMMC1_IRQHandler
                0x0000000008002b24                CAN2_TX_IRQHandler
                0x0000000008002b24                TIM5_IRQHandler
                0x0000000008002b24                DMA2_Stream7_IRQHandler
                0x0000000008002b24                I2C3_EV_IRQHandler
                0x0000000008002b24                EXTI9_5_IRQHandler
                0x0000000008002b24                RTC_WKUP_IRQHandler
                0x0000000008002b24                LTDC_IRQHandler
                0x0000000008002b24                ETH_WKUP_IRQHandler
                0x0000000008002b24                SPDIF_RX_IRQHandler
                0x0000000008002b24                SPI2_IRQHandler
                0x0000000008002b24                OTG_HS_EP1_IN_IRQHandler
                0x0000000008002b24                DMA1_Stream0_IRQHandler
                0x0000000008002b24                CAN1_TX_IRQHandler
                0x0000000008002b24                EXTI4_IRQHandler
                0x0000000008002b24                RNG_IRQHandler
                0x0000000008002b24                ETH_IRQHandler
                0x0000000008002b24                OTG_HS_EP1_OUT_IRQHandler
                0x0000000008002b24                WWDG_IRQHandler
                0x0000000008002b24                SPI6_IRQHandler
                0x0000000008002b24                I2C4_EV_IRQHandler
                0x0000000008002b24                TIM2_IRQHandler
                0x0000000008002b24                OTG_FS_WKUP_IRQHandler
                0x0000000008002b24                TIM1_TRG_COM_TIM11_IRQHandler
                0x0000000008002b24                OTG_HS_IRQHandler
                0x0000000008002b24                DMA2D_IRQHandler
                0x0000000008002b24                EXTI1_IRQHandler
                0x0000000008002b24                UART7_IRQHandler
                0x0000000008002b24                USART2_IRQHandler
                0x0000000008002b24                I2C2_ER_IRQHandler
                0x0000000008002b24                DMA2_Stream1_IRQHandler
                0x0000000008002b24                CAN1_SCE_IRQHandler
                0x0000000008002b24                FLASH_IRQHandler
                0x0000000008002b24                DMA2_Stream4_IRQHandler
                0x0000000008002b24                USART1_IRQHandler
                0x0000000008002b24                OTG_FS_IRQHandler
                0x0000000008002b24                SPI3_IRQHandler
                0x0000000008002b24                DMA1_Stream4_IRQHandler
                0x0000000008002b24                I2C1_ER_IRQHandler
                0x0000000008002b24                FMC_IRQHandler
                0x0000000008002b24                LPTIM1_IRQHandler
                0x0000000008002b24                I2C4_ER_IRQHandler
                0x0000000008002b24                DMA2_Stream6_IRQHandler
                0x0000000008002b24                SAI1_IRQHandler
                0x0000000008002b24                DMA1_Stream3_IRQHandler
 .text._ZNK10XFBehavior17deleteOnTerminateEv
                0x0000000008002b26        0x4 ./xf/core/behavior.o
                0x0000000008002b26                XFBehavior::deleteOnTerminate() const
 .text._ZN10XFBehavior20setDeleteOnTerminateEb
                0x0000000008002b2a        0x4 ./xf/core/behavior.o
                0x0000000008002b2a                XFBehavior::setDeleteOnTerminate(bool)
 .text._ZN10XFBehavior13startBehaviorEv
                0x0000000008002b2e       0x1e ./xf/core/behavior.o
                0x0000000008002b2e                XFBehavior::startBehavior()
 .text._ZN10XFBehavior9pushEventEP7XFEventb
                0x0000000008002b4c       0x18 ./xf/core/behavior.o
                0x0000000008002b4c                XFBehavior::pushEvent(XFEvent*, bool)
 .text._ZN10XFBehaviorC2Ev
                0x0000000008002b64        0xc ./xf/core/behavior.o
                0x0000000008002b64                XFBehavior::XFBehavior()
                0x0000000008002b64                XFBehavior::XFBehavior()
 .text._ZN10XFBehaviorD2Ev
                0x0000000008002b70        0x2 ./xf/core/behavior.o
                0x0000000008002b70                XFBehavior::~XFBehavior()
                0x0000000008002b70                XFBehavior::~XFBehavior()
 .text._ZNK10XFBehavior15getCurrentEventEv
                0x0000000008002b72        0x4 ./xf/core/behavior.o
                0x0000000008002b72                XFBehavior::getCurrentEvent() const
 .text._ZN10XFBehavior13getDispatcherEv
                0x0000000008002b76        0x8 ./xf/core/behavior.o
                0x0000000008002b76                XFBehavior::getDispatcher()
 .text._ZN10XFBehavior17getCurrentTimeoutEv
                0x0000000008002b7e        0x4 ./xf/core/behavior.o
                0x0000000008002b7e                XFBehavior::getCurrentTimeout()
 .text._ZN10XFBehavior15setCurrentEventEPK7XFEvent
                0x0000000008002b82        0x4 ./xf/core/behavior.o
                0x0000000008002b82                XFBehavior::setCurrentEvent(XFEvent const*)
 .text._ZN10XFBehavior7processEPK7XFEvent
                0x0000000008002b86       0x44 ./xf/core/behavior.o
                0x0000000008002b86                XFBehavior::process(XFEvent const*)
 .text._ZNK19XFDefaultTransition18deleteAfterConsumeEv
                0x0000000008002bca        0x4 ./xf/core/defaulttransition.o
                0x0000000008002bca                XFDefaultTransition::deleteAfterConsume() const
 .text._ZN19XFDefaultTransitionD2Ev
                0x0000000008002bce        0x2 ./xf/core/defaulttransition.o
                0x0000000008002bce                XFDefaultTransition::~XFDefaultTransition()
                0x0000000008002bce                XFDefaultTransition::~XFDefaultTransition()
 .text._ZN19XFDefaultTransitionD0Ev
                0x0000000008002bd0        0xe ./xf/core/defaulttransition.o
                0x0000000008002bd0                XFDefaultTransition::~XFDefaultTransition()
 *fill*         0x0000000008002bde        0x2 
 .text._ZN19XFDefaultTransitionC2EPN9interface10XFBehaviorE
                0x0000000008002be0       0x14 ./xf/core/defaulttransition.o
                0x0000000008002be0                XFDefaultTransition::XFDefaultTransition(interface::XFBehavior*)
                0x0000000008002be0                XFDefaultTransition::XFDefaultTransition(interface::XFBehavior*)
 .text._ZNK14XFInitialEvent18deleteAfterConsumeEv
                0x0000000008002bf4        0x4 ./xf/core/initialevent.o
                0x0000000008002bf4                XFInitialEvent::deleteAfterConsume() const
 .text._ZN14XFInitialEventD2Ev
                0x0000000008002bf8        0x2 ./xf/core/initialevent.o
                0x0000000008002bf8                XFInitialEvent::~XFInitialEvent()
                0x0000000008002bf8                XFInitialEvent::~XFInitialEvent()
 .text._ZN14XFInitialEventD0Ev
                0x0000000008002bfa        0xe ./xf/core/initialevent.o
                0x0000000008002bfa                XFInitialEvent::~XFInitialEvent()
 .text._ZN14XFInitialEventC2Ev
                0x0000000008002c08       0x14 ./xf/core/initialevent.o
                0x0000000008002c08                XFInitialEvent::XFInitialEvent()
                0x0000000008002c08                XFInitialEvent::XFInitialEvent()
 .text._ZNK9XFTimeout18deleteAfterConsumeEv
                0x0000000008002c1c        0x4 ./xf/core/timeout.o
                0x0000000008002c1c                XFTimeout::deleteAfterConsume() const
 .text._ZN9XFTimeoutD2Ev
                0x0000000008002c20        0x2 ./xf/core/timeout.o
                0x0000000008002c20                XFTimeout::~XFTimeout()
                0x0000000008002c20                XFTimeout::~XFTimeout()
 .text._ZN9XFTimeoutD0Ev
                0x0000000008002c22        0xe ./xf/core/timeout.o
                0x0000000008002c22                XFTimeout::~XFTimeout()
 .text._ZN9XFTimeoutC2EiiPN9interface10XFBehaviorE
                0x0000000008002c30       0x1c ./xf/core/timeout.o
                0x0000000008002c30                XFTimeout::XFTimeout(int, int, interface::XFBehavior*)
                0x0000000008002c30                XFTimeout::XFTimeout(int, int, interface::XFBehavior*)
 .text._ZN12XFDispatcher7executeEPKv
                0x0000000008002c4c        0xe ./xf/port/common/dispatcher.o
                0x0000000008002c4c                XFDispatcher::execute(void const*)
 .text._ZNK12XFDispatcher13dispatchEventEPK7XFEvent
                0x0000000008002c5a       0x1a ./xf/port/common/dispatcher.o
                0x0000000008002c5a                XFDispatcher::dispatchEvent(XFEvent const*) const
 .text._ZN12XFDispatcher15scheduleTimeoutEiiPN9interface10XFBehaviorE
                0x0000000008002c74       0x1a ./xf/port/common/dispatcher.o
                0x0000000008002c74                XFDispatcher::scheduleTimeout(int, int, interface::XFBehavior*)
 .text._ZN12XFDispatcher17unscheduleTimeoutEiPN9interface10XFBehaviorE
                0x0000000008002c8e       0x16 ./xf/port/common/dispatcher.o
                0x0000000008002c8e                XFDispatcher::unscheduleTimeout(int, interface::XFBehavior*)
 .text._ZN12XFDispatcherC2Ev
                0x0000000008002ca4       0x18 ./xf/port/common/dispatcher.o
                0x0000000008002ca4                XFDispatcher::XFDispatcher()
                0x0000000008002ca4                XFDispatcher::XFDispatcher()
 .text._ZN9interface12XFDispatcher11getInstanceEv
                0x0000000008002cbc       0x44 ./xf/port/common/dispatcher.o
                0x0000000008002cbc                interface::XFDispatcher::getInstance()
 .text._ZN12XFDispatcherD2Ev
                0x0000000008002d00       0x18 ./xf/port/common/dispatcher.o
                0x0000000008002d00                XFDispatcher::~XFDispatcher()
                0x0000000008002d00                XFDispatcher::~XFDispatcher()
 .text.__tcf_0  0x0000000008002d18       0x10 ./xf/port/common/dispatcher.o
 .text._ZN12XFDispatcherD0Ev
                0x0000000008002d28       0x14 ./xf/port/common/dispatcher.o
                0x0000000008002d28                XFDispatcher::~XFDispatcher()
 .text._ZN12XFDispatcher9pushEventEP7XFEventb
                0x0000000008002d3c        0xa ./xf/port/common/dispatcher.o
                0x0000000008002d3c                XFDispatcher::pushEvent(XFEvent*, bool)
 .text._ZN12XFDispatcher11executeOnceEv
                0x0000000008002d46       0x28 ./xf/port/common/dispatcher.o
                0x0000000008002d46                XFDispatcher::executeOnce()
 .text._ZN9interface16XFTimeoutManager10initializeEl
                0x0000000008002d6e        0x4 ./xf/port/common/timeoutmanager.o
                0x0000000008002d6e                interface::XFTimeoutManager::initialize(long)
 .text._ZNK9interface16XFTimeoutManager15getTickIntervalEv
                0x0000000008002d72        0x4 ./xf/port/common/timeoutmanager.o
                0x0000000008002d72                interface::XFTimeoutManager::getTickInterval() const
 .text._ZN16XFTimeoutManager15scheduleTimeoutEllPN9interface10XFBehaviorE
                0x0000000008002d76       0x2c ./xf/port/common/timeoutmanager.o
                0x0000000008002d76                XFTimeoutManager::scheduleTimeout(long, long, interface::XFBehavior*)
 *fill*         0x0000000008002da2        0x2 
 .text._ZN16XFTimeoutManagerC2Ev
                0x0000000008002da4       0x20 ./xf/port/common/timeoutmanager.o
                0x0000000008002da4                XFTimeoutManager::XFTimeoutManager()
                0x0000000008002da4                XFTimeoutManager::XFTimeoutManager()
 .text._ZN9interface16XFTimeoutManager11getInstanceEv
                0x0000000008002dc4       0x44 ./xf/port/common/timeoutmanager.o
                0x0000000008002dc4                interface::XFTimeoutManager::getInstance()
 .text._ZN16XFTimeoutManager13returnTimeoutEP9XFTimeout
                0x0000000008002e08        0xe ./xf/port/common/timeoutmanager.o
                0x0000000008002e08                XFTimeoutManager::returnTimeout(XFTimeout*)
 .text._ZN16XFTimeoutManager4tickEv
                0x0000000008002e16       0x44 ./xf/port/common/timeoutmanager.o
                0x0000000008002e16                XFTimeoutManager::tick()
 .text._ZNKSt8functionIFvmEEclEm
                0x0000000008002e5a       0x1a ./xf/port/common/timeoutmanager.o
                0x0000000008002e5a                std::function<void (unsigned long)>::operator()(unsigned long) const
 .text._ZN16XFTimeoutManager5startESt8functionIFvmEE
                0x0000000008002e74       0x14 ./xf/port/common/timeoutmanager.o
                0x0000000008002e74                XFTimeoutManager::start(std::function<void (unsigned long)>)
 .text._ZNSt7__cxx114listIP9XFTimeoutSaIS2_EE5eraseESt20_List_const_iteratorIS2_E
                0x0000000008002e88       0x1c ./xf/port/common/timeoutmanager.o
                0x0000000008002e88                std::__cxx11::list<XFTimeout*, std::allocator<XFTimeout*> >::erase(std::_List_const_iterator<XFTimeout*>)
 .text._ZN16XFTimeoutManager17unscheduleTimeoutElPN9interface10XFBehaviorE
                0x0000000008002ea4       0x50 ./xf/port/common/timeoutmanager.o
                0x0000000008002ea4                XFTimeoutManager::unscheduleTimeout(long, interface::XFBehavior*)
 .text._ZNSt7__cxx114listIP9XFTimeoutSaIS2_EE6insertESt20_List_const_iteratorIS2_ERKS2_
                0x0000000008002ef4       0x24 ./xf/port/common/timeoutmanager.o
                0x0000000008002ef4                std::__cxx11::list<XFTimeout*, std::allocator<XFTimeout*> >::insert(std::_List_const_iterator<XFTimeout*>, XFTimeout* const&)
 .text._ZN16XFTimeoutManager10addTimeoutEP9XFTimeout
                0x0000000008002f18       0x6e ./xf/port/common/timeoutmanager.o
                0x0000000008002f18                XFTimeoutManager::addTimeout(XFTimeout*)
 .text._ZNSt7__cxx1110_List_baseIP9XFTimeoutSaIS2_EE8_M_clearEv
                0x0000000008002f86       0x16 ./xf/port/common/timeoutmanager.o
                0x0000000008002f86                std::__cxx11::_List_base<XFTimeout*, std::allocator<XFTimeout*> >::_M_clear()
 .text._ZN16XFTimeoutManagerD2Ev
                0x0000000008002f9c       0x18 ./xf/port/common/timeoutmanager.o
                0x0000000008002f9c                XFTimeoutManager::~XFTimeoutManager()
                0x0000000008002f9c                XFTimeoutManager::~XFTimeoutManager()
 .text.__tcf_0  0x0000000008002fb4       0x10 ./xf/port/common/timeoutmanager.o
 .text._ZN16XFTimeoutManagerD0Ev
                0x0000000008002fc4       0x14 ./xf/port/common/timeoutmanager.o
                0x0000000008002fc4                XFTimeoutManager::~XFTimeoutManager()
 .text.XF_tick  0x0000000008002fd8       0x28 ./xf/port/idf-stm32/c-wrapper-functions.o
                0x0000000008002fd8                XF_tick
 .text.XF_tickIntervalInMilliseconds
                0x0000000008003000        0xe ./xf/port/idf-stm32/c-wrapper-functions.o
                0x0000000008003000                XF_tickIntervalInMilliseconds
 .text._ZNK12XFEventQueue5emptyEv
                0x000000000800300e        0xe ./xf/port/idf-stm32/eventqueue.o
                0x000000000800300e                XFEventQueue::empty() const
 .text._ZN12XFEventQueue5frontEv
                0x000000000800301c        0x6 ./xf/port/idf-stm32/eventqueue.o
                0x000000000800301c                XFEventQueue::front()
 .text._ZN12XFEventQueue4pendEv
                0x0000000008003022        0xc ./xf/port/idf-stm32/eventqueue.o
                0x0000000008003022                XFEventQueue::pend()
 .text._ZNSt11_Deque_baseIPK7XFEventSaIS2_EE16_M_destroy_nodesEPPS2_S6_
                0x000000000800302e       0x16 ./xf/port/idf-stm32/eventqueue.o
                0x000000000800302e                std::_Deque_base<XFEvent const*, std::allocator<XFEvent const*> >::_M_destroy_nodes(XFEvent const***, XFEvent const***)
 .text._ZNSt11_Deque_baseIPK7XFEventSaIS2_EED2Ev
                0x0000000008003044       0x1c ./xf/port/idf-stm32/eventqueue.o
                0x0000000008003044                std::_Deque_base<XFEvent const*, std::allocator<XFEvent const*> >::~_Deque_base()
                0x0000000008003044                std::_Deque_base<XFEvent const*, std::allocator<XFEvent const*> >::~_Deque_base()
 .text._ZN12XFEventQueueD2Ev
                0x0000000008003060       0x18 ./xf/port/idf-stm32/eventqueue.o
                0x0000000008003060                XFEventQueue::~XFEventQueue()
                0x0000000008003060                XFEventQueue::~XFEventQueue()
 .text._ZN12XFEventQueueD0Ev
                0x0000000008003078       0x14 ./xf/port/idf-stm32/eventqueue.o
                0x0000000008003078                XFEventQueue::~XFEventQueue()
 .text._ZNSt5dequeIPK7XFEventSaIS2_EE16_M_pop_front_auxEv
                0x000000000800308c       0x1e ./xf/port/idf-stm32/eventqueue.o
                0x000000000800308c                std::deque<XFEvent const*, std::allocator<XFEvent const*> >::_M_pop_front_aux()
 .text._ZN12XFEventQueue3popEv
                0x00000000080030aa       0x1e ./xf/port/idf-stm32/eventqueue.o
                0x00000000080030aa                XFEventQueue::pop()
 .text._ZNSt11_Deque_baseIPK7XFEventSaIS2_EE15_M_create_nodesEPPS2_S6_
                0x00000000080030c8       0x1a ./xf/port/idf-stm32/eventqueue.o
                0x00000000080030c8                std::_Deque_base<XFEvent const*, std::allocator<XFEvent const*> >::_M_create_nodes(XFEvent const***, XFEvent const***)
 .text._ZNSt11_Deque_baseIPK7XFEventSaIS2_EE17_M_initialize_mapEj
                0x00000000080030e2       0x82 ./xf/port/idf-stm32/eventqueue.o
                0x00000000080030e2                std::_Deque_base<XFEvent const*, std::allocator<XFEvent const*> >::_M_initialize_map(unsigned int)
 .text._ZN12XFEventQueueC2Ev
                0x0000000008003164       0x34 ./xf/port/idf-stm32/eventqueue.o
                0x0000000008003164                XFEventQueue::XFEventQueue()
                0x0000000008003164                XFEventQueue::XFEventQueue()
 .text._ZNSt5dequeIPK7XFEventSaIS2_EE17_M_reallocate_mapEjb
                0x0000000008003198       0xe6 ./xf/port/idf-stm32/eventqueue.o
                0x0000000008003198                std::deque<XFEvent const*, std::allocator<XFEvent const*> >::_M_reallocate_map(unsigned int, bool)
 *fill*         0x000000000800327e        0x2 
 .text._ZNSt5dequeIPK7XFEventSaIS2_EE16_M_push_back_auxIJRKS2_EEEvDpOT_
                0x0000000008003280       0x78 ./xf/port/idf-stm32/eventqueue.o
                0x0000000008003280                void std::deque<XFEvent const*, std::allocator<XFEvent const*> >::_M_push_back_aux<XFEvent const* const&>(XFEvent const* const&)
 .text._ZN12XFEventQueue4pushEPK7XFEventb
                0x00000000080032f8       0x44 ./xf/port/idf-stm32/eventqueue.o
                0x00000000080032f8                XFEventQueue::push(XFEvent const*, bool)
 .text._ZN7XFMutex7tryLockEl
                0x000000000800333c        0x4 ./xf/port/idf-stm32/mutex.o
                0x000000000800333c                XFMutex::tryLock(long)
 .text._ZN7XFMutexD2Ev
                0x0000000008003340        0x2 ./xf/port/idf-stm32/mutex.o
                0x0000000008003340                XFMutex::~XFMutex()
                0x0000000008003340                XFMutex::~XFMutex()
 .text._ZN7XFMutex4lockEv
                0x0000000008003342        0x8 ./xf/port/idf-stm32/mutex.o
                0x0000000008003342                XFMutex::lock()
 .text._ZN7XFMutex6unlockEv
                0x000000000800334a        0x8 ./xf/port/idf-stm32/mutex.o
                0x000000000800334a                XFMutex::unlock()
 .text._ZN7XFMutexD0Ev
                0x0000000008003352        0xe ./xf/port/idf-stm32/mutex.o
                0x0000000008003352                XFMutex::~XFMutex()
 .text._ZN9interface7XFMutex6createEv
                0x0000000008003360       0x14 ./xf/port/idf-stm32/mutex.o
                0x0000000008003360                interface::XFMutex::create()
 .text._ZN2XF10initializeEiiPPc
                0x0000000008003374       0x44 ./xf/port/idf-stm32/xf.o
                0x0000000008003374                XF::initialize(int, int, char**)
 .text.XF_initialize
                0x00000000080033b8        0xc ./xf/port/idf-stm32/xf.o
                0x00000000080033b8                XF_initialize
 .text._ZN2XF8execOnceEv
                0x00000000080033c4       0x1c ./xf/port/idf-stm32/xf.o
                0x00000000080033c4                XF::execOnce()
 .text.XF_execOnce
                0x00000000080033e0        0x8 ./xf/port/idf-stm32/xf.o
                0x00000000080033e0                XF_execOnce
 .text._ZN2XF9isRunningEv
                0x00000000080033e8        0xc ./xf/port/idf-stm32/xf.o
                0x00000000080033e8                XF::isRunning()
 .text._ZdlPv   0x00000000080033f4        0x4 c:/st/stm32cubeide_1.7.0/stm32cubeide/plugins/com.st.stm32cube.ide.mcu.externaltools.gnu-tools-for-stm32.9-2020-q2-update.win32_2.0.0.202105311346/tools/bin/../lib/gcc/arm-none-eabi/9.3.1/../../../../arm-none-eabi/lib/thumb/v7e-m+fp/hard\libstdc++_nano.a(del_op.o)
                0x00000000080033f4                operator delete(void*)
 .text._ZdlPvj  0x00000000080033f8        0x4 c:/st/stm32cubeide_1.7.0/stm32cubeide/plugins/com.st.stm32cube.ide.mcu.externaltools.gnu-tools-for-stm32.9-2020-q2-update.win32_2.0.0.202105311346/tools/bin/../lib/gcc/arm-none-eabi/9.3.1/../../../../arm-none-eabi/lib/thumb/v7e-m+fp/hard\libstdc++_nano.a(del_ops.o)
                0x00000000080033f8                operator delete(void*, unsigned int)
 .text.__cxa_guard_acquire
                0x00000000080033fc       0x18 c:/st/stm32cubeide_1.7.0/stm32cubeide/plugins/com.st.stm32cube.ide.mcu.externaltools.gnu-tools-for-stm32.9-2020-q2-update.win32_2.0.0.202105311346/tools/bin/../lib/gcc/arm-none-eabi/9.3.1/../../../../arm-none-eabi/lib/thumb/v7e-m+fp/hard\libstdc++_nano.a(guard.o)
                0x00000000080033fc                __cxa_guard_acquire
 .text.__cxa_guard_release
                0x0000000008003414        0x6 c:/st/stm32cubeide_1.7.0/stm32cubeide/plugins/com.st.stm32cube.ide.mcu.externaltools.gnu-tools-for-stm32.9-2020-q2-update.win32_2.0.0.202105311346/tools/bin/../lib/gcc/arm-none-eabi/9.3.1/../../../../arm-none-eabi/lib/thumb/v7e-m+fp/hard\libstdc++_nano.a(guard.o)
                0x0000000008003414                __cxa_guard_release
 .text._Znwj    0x000000000800341a       0x22 c:/st/stm32cubeide_1.7.0/stm32cubeide/plugins/com.st.stm32cube.ide.mcu.externaltools.gnu-tools-for-stm32.9-2020-q2-update.win32_2.0.0.202105311346/tools/bin/../lib/gcc/arm-none-eabi/9.3.1/../../../../arm-none-eabi/lib/thumb/v7e-m+fp/hard\libstdc++_nano.a(new_op.o)
                0x000000000800341a                operator new(unsigned int)
 .text.__cxa_pure_virtual
                0x000000000800343c        0x6 c:/st/stm32cubeide_1.7.0/stm32cubeide/plugins/com.st.stm32cube.ide.mcu.externaltools.gnu-tools-for-stm32.9-2020-q2-update.win32_2.0.0.202105311346/tools/bin/../lib/gcc/arm-none-eabi/9.3.1/../../../../arm-none-eabi/lib/thumb/v7e-m+fp/hard\libstdc++_nano.a(pure.o)
                0x000000000800343c                __cxa_pure_virtual
 .text._ZNSt8__detail15_List_node_base7_M_hookEPS0_
                0x0000000008003442        0xe c:/st/stm32cubeide_1.7.0/stm32cubeide/plugins/com.st.stm32cube.ide.mcu.externaltools.gnu-tools-for-stm32.9-2020-q2-update.win32_2.0.0.202105311346/tools/bin/../lib/gcc/arm-none-eabi/9.3.1/../../../../arm-none-eabi/lib/thumb/v7e-m+fp/hard\libstdc++_nano.a(list.o)
                0x0000000008003442                std::__detail::_List_node_base::_M_hook(std::__detail::_List_node_base*)
 .text._ZNSt8__detail15_List_node_base9_M_unhookEv
                0x0000000008003450        0xa c:/st/stm32cubeide_1.7.0/stm32cubeide/plugins/com.st.stm32cube.ide.mcu.externaltools.gnu-tools-for-stm32.9-2020-q2-update.win32_2.0.0.202105311346/tools/bin/../lib/gcc/arm-none-eabi/9.3.1/../../../../arm-none-eabi/lib/thumb/v7e-m+fp/hard\libstdc++_nano.a(list.o)
                0x0000000008003450                std::__detail::_List_node_base::_M_unhook()
 .text.unlikely._ZSt17__throw_bad_allocv
                0x000000000800345a        0x6 c:/st/stm32cubeide_1.7.0/stm32cubeide/plugins/com.st.stm32cube.ide.mcu.externaltools.gnu-tools-for-stm32.9-2020-q2-update.win32_2.0.0.202105311346/tools/bin/../lib/gcc/arm-none-eabi/9.3.1/../../../../arm-none-eabi/lib/thumb/v7e-m+fp/hard\libstdc++_nano.a(functexcept.o)
                0x000000000800345a                std::__throw_bad_alloc()
 .text.unlikely._ZSt20__throw_length_errorPKc
                0x0000000008003460        0x6 c:/st/stm32cubeide_1.7.0/stm32cubeide/plugins/com.st.stm32cube.ide.mcu.externaltools.gnu-tools-for-stm32.9-2020-q2-update.win32_2.0.0.202105311346/tools/bin/../lib/gcc/arm-none-eabi/9.3.1/../../../../arm-none-eabi/lib/thumb/v7e-m+fp/hard\libstdc++_nano.a(functexcept.o)
                0x0000000008003460                std::__throw_length_error(char const*)
 .text.unlikely._ZSt25__throw_bad_function_callv
                0x0000000008003466        0x6 c:/st/stm32cubeide_1.7.0/stm32cubeide/plugins/com.st.stm32cube.ide.mcu.externaltools.gnu-tools-for-stm32.9-2020-q2-update.win32_2.0.0.202105311346/tools/bin/../lib/gcc/arm-none-eabi/9.3.1/../../../../arm-none-eabi/lib/thumb/v7e-m+fp/hard\libstdc++_nano.a(functional.o)
                0x0000000008003466                std::__throw_bad_function_call()
 .text._ZN10__cxxabiv111__terminateEPFvvE
                0x000000000800346c        0x8 c:/st/stm32cubeide_1.7.0/stm32cubeide/plugins/com.st.stm32cube.ide.mcu.externaltools.gnu-tools-for-stm32.9-2020-q2-update.win32_2.0.0.202105311346/tools/bin/../lib/gcc/arm-none-eabi/9.3.1/../../../../arm-none-eabi/lib/thumb/v7e-m+fp/hard\libstdc++_nano.a(eh_terminate.o)
                0x000000000800346c                __cxxabiv1::__terminate(void (*)())
 .text._ZSt13get_terminatev
                0x0000000008003474       0x10 c:/st/stm32cubeide_1.7.0/stm32cubeide/plugins/com.st.stm32cube.ide.mcu.externaltools.gnu-tools-for-stm32.9-2020-q2-update.win32_2.0.0.202105311346/tools/bin/../lib/gcc/arm-none-eabi/9.3.1/../../../../arm-none-eabi/lib/thumb/v7e-m+fp/hard\libstdc++_nano.a(eh_terminate.o)
                0x0000000008003474                std::get_terminate()
 .text._ZSt9terminatev
                0x0000000008003484        0xa c:/st/stm32cubeide_1.7.0/stm32cubeide/plugins/com.st.stm32cube.ide.mcu.externaltools.gnu-tools-for-stm32.9-2020-q2-update.win32_2.0.0.202105311346/tools/bin/../lib/gcc/arm-none-eabi/9.3.1/../../../../arm-none-eabi/lib/thumb/v7e-m+fp/hard\libstdc++_nano.a(eh_terminate.o)
                0x0000000008003484                std::terminate()
 *fill*         0x000000000800348e        0x2 
 .text._ZSt15get_new_handlerv
                0x0000000008003490       0x10 c:/st/stm32cubeide_1.7.0/stm32cubeide/plugins/com.st.stm32cube.ide.mcu.externaltools.gnu-tools-for-stm32.9-2020-q2-update.win32_2.0.0.202105311346/tools/bin/../lib/gcc/arm-none-eabi/9.3.1/../../../../arm-none-eabi/lib/thumb/v7e-m+fp/hard\libstdc++_nano.a(new_handler.o)
                0x0000000008003490                std::get_new_handler()
 .text.abort    0x00000000080034a0        0xe c:/st/stm32cubeide_1.7.0/stm32cubeide/plugins/com.st.stm32cube.ide.mcu.externaltools.gnu-tools-for-stm32.9-2020-q2-update.win32_2.0.0.202105311346/tools/bin/../lib/gcc/arm-none-eabi/9.3.1/../../../../arm-none-eabi/lib/thumb/v7e-m+fp/hard\libc_nano.a(lib_a-abort.o)
                0x00000000080034a0                abort
 *fill*         0x00000000080034ae        0x2 
 .text.__assert_func
                0x00000000080034b0       0x3c c:/st/stm32cubeide_1.7.0/stm32cubeide/plugins/com.st.stm32cube.ide.mcu.externaltools.gnu-tools-for-stm32.9-2020-q2-update.win32_2.0.0.202105311346/tools/bin/../lib/gcc/arm-none-eabi/9.3.1/../../../../arm-none-eabi/lib/thumb/v7e-m+fp/hard\libc_nano.a(lib_a-assert.o)
                0x00000000080034b0                __assert_func
 .text.atexit   0x00000000080034ec        0xc c:/st/stm32cubeide_1.7.0/stm32cubeide/plugins/com.st.stm32cube.ide.mcu.externaltools.gnu-tools-for-stm32.9-2020-q2-update.win32_2.0.0.202105311346/tools/bin/../lib/gcc/arm-none-eabi/9.3.1/../../../../arm-none-eabi/lib/thumb/v7e-m+fp/hard\libc_nano.a(lib_a-atexit.o)
                0x00000000080034ec                atexit
 .text.fprintf  0x00000000080034f8       0x24 c:/st/stm32cubeide_1.7.0/stm32cubeide/plugins/com.st.stm32cube.ide.mcu.externaltools.gnu-tools-for-stm32.9-2020-q2-update.win32_2.0.0.202105311346/tools/bin/../lib/gcc/arm-none-eabi/9.3.1/../../../../arm-none-eabi/lib/thumb/v7e-m+fp/hard\libc_nano.a(lib_a-fprintf.o)
                0x00000000080034f8                fiprintf
                0x00000000080034f8                fprintf
 .text.__libc_init_array
                0x000000000800351c       0x48 c:/st/stm32cubeide_1.7.0/stm32cubeide/plugins/com.st.stm32cube.ide.mcu.externaltools.gnu-tools-for-stm32.9-2020-q2-update.win32_2.0.0.202105311346/tools/bin/../lib/gcc/arm-none-eabi/9.3.1/../../../../arm-none-eabi/lib/thumb/v7e-m+fp/hard\libc_nano.a(lib_a-init.o)
                0x000000000800351c                __libc_init_array
 .text.malloc   0x0000000008003564       0x10 c:/st/stm32cubeide_1.7.0/stm32cubeide/plugins/com.st.stm32cube.ide.mcu.externaltools.gnu-tools-for-stm32.9-2020-q2-update.win32_2.0.0.202105311346/tools/bin/../lib/gcc/arm-none-eabi/9.3.1/../../../../arm-none-eabi/lib/thumb/v7e-m+fp/hard\libc_nano.a(lib_a-malloc.o)
                0x0000000008003564                malloc
 .text.free     0x0000000008003574       0x10 c:/st/stm32cubeide_1.7.0/stm32cubeide/plugins/com.st.stm32cube.ide.mcu.externaltools.gnu-tools-for-stm32.9-2020-q2-update.win32_2.0.0.202105311346/tools/bin/../lib/gcc/arm-none-eabi/9.3.1/../../../../arm-none-eabi/lib/thumb/v7e-m+fp/hard\libc_nano.a(lib_a-malloc.o)
                0x0000000008003574                free
 .text.memcpy   0x0000000008003584       0x1c c:/st/stm32cubeide_1.7.0/stm32cubeide/plugins/com.st.stm32cube.ide.mcu.externaltools.gnu-tools-for-stm32.9-2020-q2-update.win32_2.0.0.202105311346/tools/bin/../lib/gcc/arm-none-eabi/9.3.1/../../../../arm-none-eabi/lib/thumb/v7e-m+fp/hard\libc_nano.a(lib_a-memcpy-stub.o)
                0x0000000008003584                memcpy
 .text.memmove  0x00000000080035a0       0x34 c:/st/stm32cubeide_1.7.0/stm32cubeide/plugins/com.st.stm32cube.ide.mcu.externaltools.gnu-tools-for-stm32.9-2020-q2-update.win32_2.0.0.202105311346/tools/bin/../lib/gcc/arm-none-eabi/9.3.1/../../../../arm-none-eabi/lib/thumb/v7e-m+fp/hard\libc_nano.a(lib_a-memmove.o)
                0x00000000080035a0                memmove
 .text.memset   0x00000000080035d4       0x10 c:/st/stm32cubeide_1.7.0/stm32cubeide/plugins/com.st.stm32cube.ide.mcu.externaltools.gnu-tools-for-stm32.9-2020-q2-update.win32_2.0.0.202105311346/tools/bin/../lib/gcc/arm-none-eabi/9.3.1/../../../../arm-none-eabi/lib/thumb/v7e-m+fp/hard\libc_nano.a(lib_a-memset.o)
                0x00000000080035d4                memset
 .text._free_r  0x00000000080035e4       0xa0 c:/st/stm32cubeide_1.7.0/stm32cubeide/plugins/com.st.stm32cube.ide.mcu.externaltools.gnu-tools-for-stm32.9-2020-q2-update.win32_2.0.0.202105311346/tools/bin/../lib/gcc/arm-none-eabi/9.3.1/../../../../arm-none-eabi/lib/thumb/v7e-m+fp/hard\libc_nano.a(lib_a-nano-freer.o)
                0x00000000080035e4                _free_r
 .text._malloc_r
                0x0000000008003684       0xb4 c:/st/stm32cubeide_1.7.0/stm32cubeide/plugins/com.st.stm32cube.ide.mcu.externaltools.gnu-tools-for-stm32.9-2020-q2-update.win32_2.0.0.202105311346/tools/bin/../lib/gcc/arm-none-eabi/9.3.1/../../../../arm-none-eabi/lib/thumb/v7e-m+fp/hard\libc_nano.a(lib_a-nano-mallocr.o)
                0x0000000008003684                _malloc_r
 .text.__sfputc_r
                0x0000000008003738       0x2e c:/st/stm32cubeide_1.7.0/stm32cubeide/plugins/com.st.stm32cube.ide.mcu.externaltools.gnu-tools-for-stm32.9-2020-q2-update.win32_2.0.0.202105311346/tools/bin/../lib/gcc/arm-none-eabi/9.3.1/../../../../arm-none-eabi/lib/thumb/v7e-m+fp/hard\libc_nano.a(lib_a-nano-vfprintf.o)
 .text.__sfputs_r
                0x0000000008003766       0x24 c:/st/stm32cubeide_1.7.0/stm32cubeide/plugins/com.st.stm32cube.ide.mcu.externaltools.gnu-tools-for-stm32.9-2020-q2-update.win32_2.0.0.202105311346/tools/bin/../lib/gcc/arm-none-eabi/9.3.1/../../../../arm-none-eabi/lib/thumb/v7e-m+fp/hard\libc_nano.a(lib_a-nano-vfprintf.o)
                0x0000000008003766                __sfputs_r
 *fill*         0x000000000800378a        0x2 
 .text._vfprintf_r
                0x000000000800378c      0x260 c:/st/stm32cubeide_1.7.0/stm32cubeide/plugins/com.st.stm32cube.ide.mcu.externaltools.gnu-tools-for-stm32.9-2020-q2-update.win32_2.0.0.202105311346/tools/bin/../lib/gcc/arm-none-eabi/9.3.1/../../../../arm-none-eabi/lib/thumb/v7e-m+fp/hard\libc_nano.a(lib_a-nano-vfprintf.o)
                0x000000000800378c                _vfprintf_r
                0x000000000800378c                _vfiprintf_r
 .text._printf_common
                0x00000000080039ec       0xda c:/st/stm32cubeide_1.7.0/stm32cubeide/plugins/com.st.stm32cube.ide.mcu.externaltools.gnu-tools-for-stm32.9-2020-q2-update.win32_2.0.0.202105311346/tools/bin/../lib/gcc/arm-none-eabi/9.3.1/../../../../arm-none-eabi/lib/thumb/v7e-m+fp/hard\libc_nano.a(lib_a-nano-vfprintf_i.o)
                0x00000000080039ec                _printf_common
 *fill*         0x0000000008003ac6        0x2 
 .text._printf_i
                0x0000000008003ac8      0x24c c:/st/stm32cubeide_1.7.0/stm32cubeide/plugins/com.st.stm32cube.ide.mcu.externaltools.gnu-tools-for-stm32.9-2020-q2-update.win32_2.0.0.202105311346/tools/bin/../lib/gcc/arm-none-eabi/9.3.1/../../../../arm-none-eabi/lib/thumb/v7e-m+fp/hard\libc_nano.a(lib_a-nano-vfprintf_i.o)
                0x0000000008003ac8                _printf_i
 .text._sbrk_r  0x0000000008003d14       0x20 c:/st/stm32cubeide_1.7.0/stm32cubeide/plugins/com.st.stm32cube.ide.mcu.externaltools.gnu-tools-for-stm32.9-2020-q2-update.win32_2.0.0.202105311346/tools/bin/../lib/gcc/arm-none-eabi/9.3.1/../../../../arm-none-eabi/lib/thumb/v7e-m+fp/hard\libc_nano.a(lib_a-sbrkr.o)
                0x0000000008003d14                _sbrk_r
 .text._raise_r
                0x0000000008003d34       0x50 c:/st/stm32cubeide_1.7.0/stm32cubeide/plugins/com.st.stm32cube.ide.mcu.externaltools.gnu-tools-for-stm32.9-2020-q2-update.win32_2.0.0.202105311346/tools/bin/../lib/gcc/arm-none-eabi/9.3.1/../../../../arm-none-eabi/lib/thumb/v7e-m+fp/hard\libc_nano.a(lib_a-signal.o)
                0x0000000008003d34                _raise_r
 .text.raise    0x0000000008003d84       0x10 c:/st/stm32cubeide_1.7.0/stm32cubeide/plugins/com.st.stm32cube.ide.mcu.externaltools.gnu-tools-for-stm32.9-2020-q2-update.win32_2.0.0.202105311346/tools/bin/../lib/gcc/arm-none-eabi/9.3.1/../../../../arm-none-eabi/lib/thumb/v7e-m+fp/hard\libc_nano.a(lib_a-signal.o)
                0x0000000008003d84                raise
 .text._kill_r  0x0000000008003d94       0x24 c:/st/stm32cubeide_1.7.0/stm32cubeide/plugins/com.st.stm32cube.ide.mcu.externaltools.gnu-tools-for-stm32.9-2020-q2-update.win32_2.0.0.202105311346/tools/bin/../lib/gcc/arm-none-eabi/9.3.1/../../../../arm-none-eabi/lib/thumb/v7e-m+fp/hard\libc_nano.a(lib_a-signalr.o)
                0x0000000008003d94                _kill_r
 .text._getpid_r
                0x0000000008003db8        0x4 c:/st/stm32cubeide_1.7.0/stm32cubeide/plugins/com.st.stm32cube.ide.mcu.externaltools.gnu-tools-for-stm32.9-2020-q2-update.win32_2.0.0.202105311346/tools/bin/../lib/gcc/arm-none-eabi/9.3.1/../../../../arm-none-eabi/lib/thumb/v7e-m+fp/hard\libc_nano.a(lib_a-signalr.o)
                0x0000000008003db8                _getpid_r
 .text._vsprintf_r
                0x0000000008003dbc       0x2c c:/st/stm32cubeide_1.7.0/stm32cubeide/plugins/com.st.stm32cube.ide.mcu.externaltools.gnu-tools-for-stm32.9-2020-q2-update.win32_2.0.0.202105311346/tools/bin/../lib/gcc/arm-none-eabi/9.3.1/../../../../arm-none-eabi/lib/thumb/v7e-m+fp/hard\libc_nano.a(lib_a-vsprintf.o)
                0x0000000008003dbc                _vsprintf_r
                0x0000000008003dbc                _vsiprintf_r
 .text.vsprintf
                0x0000000008003de8       0x14 c:/st/stm32cubeide_1.7.0/stm32cubeide/plugins/com.st.stm32cube.ide.mcu.externaltools.gnu-tools-for-stm32.9-2020-q2-update.win32_2.0.0.202105311346/tools/bin/../lib/gcc/arm-none-eabi/9.3.1/../../../../arm-none-eabi/lib/thumb/v7e-m+fp/hard\libc_nano.a(lib_a-vsprintf.o)
                0x0000000008003de8                vsiprintf
                0x0000000008003de8                vsprintf
 .text.__swbuf_r
                0x0000000008003dfc       0xa4 c:/st/stm32cubeide_1.7.0/stm32cubeide/plugins/com.st.stm32cube.ide.mcu.externaltools.gnu-tools-for-stm32.9-2020-q2-update.win32_2.0.0.202105311346/tools/bin/../lib/gcc/arm-none-eabi/9.3.1/../../../../arm-none-eabi/lib/thumb/v7e-m+fp/hard\libc_nano.a(lib_a-wbuf.o)
                0x0000000008003dfc                __swbuf_r
 .text.__swsetup_r
                0x0000000008003ea0       0xdc c:/st/stm32cubeide_1.7.0/stm32cubeide/plugins/com.st.stm32cube.ide.mcu.externaltools.gnu-tools-for-stm32.9-2020-q2-update.win32_2.0.0.202105311346/tools/bin/../lib/gcc/arm-none-eabi/9.3.1/../../../../arm-none-eabi/lib/thumb/v7e-m+fp/hard\libc_nano.a(lib_a-wsetup.o)
                0x0000000008003ea0                __swsetup_r
 .text.__register_exitproc
                0x0000000008003f7c       0xc4 c:/st/stm32cubeide_1.7.0/stm32cubeide/plugins/com.st.stm32cube.ide.mcu.externaltools.gnu-tools-for-stm32.9-2020-q2-update.win32_2.0.0.202105311346/tools/bin/../lib/gcc/arm-none-eabi/9.3.1/../../../../arm-none-eabi/lib/thumb/v7e-m+fp/hard\libc_nano.a(lib_a-__atexit.o)
                0x0000000008003f7c                __register_exitproc
 .text.__sflush_r
                0x0000000008004040      0x10c c:/st/stm32cubeide_1.7.0/stm32cubeide/plugins/com.st.stm32cube.ide.mcu.externaltools.gnu-tools-for-stm32.9-2020-q2-update.win32_2.0.0.202105311346/tools/bin/../lib/gcc/arm-none-eabi/9.3.1/../../../../arm-none-eabi/lib/thumb/v7e-m+fp/hard\libc_nano.a(lib_a-fflush.o)
                0x0000000008004040                __sflush_r
 .text._fflush_r
                0x000000000800414c       0x78 c:/st/stm32cubeide_1.7.0/stm32cubeide/plugins/com.st.stm32cube.ide.mcu.externaltools.gnu-tools-for-stm32.9-2020-q2-update.win32_2.0.0.202105311346/tools/bin/../lib/gcc/arm-none-eabi/9.3.1/../../../../arm-none-eabi/lib/thumb/v7e-m+fp/hard\libc_nano.a(lib_a-fflush.o)
                0x000000000800414c                _fflush_r
 .text.std      0x00000000080041c4       0x48 c:/st/stm32cubeide_1.7.0/stm32cubeide/plugins/com.st.stm32cube.ide.mcu.externaltools.gnu-tools-for-stm32.9-2020-q2-update.win32_2.0.0.202105311346/tools/bin/../lib/gcc/arm-none-eabi/9.3.1/../../../../arm-none-eabi/lib/thumb/v7e-m+fp/hard\libc_nano.a(lib_a-findfp.o)
 .text._cleanup_r
                0x000000000800420c        0xc c:/st/stm32cubeide_1.7.0/stm32cubeide/plugins/com.st.stm32cube.ide.mcu.externaltools.gnu-tools-for-stm32.9-2020-q2-update.win32_2.0.0.202105311346/tools/bin/../lib/gcc/arm-none-eabi/9.3.1/../../../../arm-none-eabi/lib/thumb/v7e-m+fp/hard\libc_nano.a(lib_a-findfp.o)
                0x000000000800420c                _cleanup_r
 .text.__sfmoreglue
                0x0000000008004218       0x2c c:/st/stm32cubeide_1.7.0/stm32cubeide/plugins/com.st.stm32cube.ide.mcu.externaltools.gnu-tools-for-stm32.9-2020-q2-update.win32_2.0.0.202105311346/tools/bin/../lib/gcc/arm-none-eabi/9.3.1/../../../../arm-none-eabi/lib/thumb/v7e-m+fp/hard\libc_nano.a(lib_a-findfp.o)
                0x0000000008004218                __sfmoreglue
 .text.__sfp_lock_acquire
                0x0000000008004244        0xc c:/st/stm32cubeide_1.7.0/stm32cubeide/plugins/com.st.stm32cube.ide.mcu.externaltools.gnu-tools-for-stm32.9-2020-q2-update.win32_2.0.0.202105311346/tools/bin/../lib/gcc/arm-none-eabi/9.3.1/../../../../arm-none-eabi/lib/thumb/v7e-m+fp/hard\libc_nano.a(lib_a-findfp.o)
                0x0000000008004244                __sfp_lock_acquire
 .text.__sfp_lock_release
                0x0000000008004250        0xc c:/st/stm32cubeide_1.7.0/stm32cubeide/plugins/com.st.stm32cube.ide.mcu.externaltools.gnu-tools-for-stm32.9-2020-q2-update.win32_2.0.0.202105311346/tools/bin/../lib/gcc/arm-none-eabi/9.3.1/../../../../arm-none-eabi/lib/thumb/v7e-m+fp/hard\libc_nano.a(lib_a-findfp.o)
                0x0000000008004250                __sfp_lock_release
 .text.__sinit_lock_acquire
                0x000000000800425c        0xc c:/st/stm32cubeide_1.7.0/stm32cubeide/plugins/com.st.stm32cube.ide.mcu.externaltools.gnu-tools-for-stm32.9-2020-q2-update.win32_2.0.0.202105311346/tools/bin/../lib/gcc/arm-none-eabi/9.3.1/../../../../arm-none-eabi/lib/thumb/v7e-m+fp/hard\libc_nano.a(lib_a-findfp.o)
                0x000000000800425c                __sinit_lock_acquire
 .text.__sinit_lock_release
                0x0000000008004268        0xc c:/st/stm32cubeide_1.7.0/stm32cubeide/plugins/com.st.stm32cube.ide.mcu.externaltools.gnu-tools-for-stm32.9-2020-q2-update.win32_2.0.0.202105311346/tools/bin/../lib/gcc/arm-none-eabi/9.3.1/../../../../arm-none-eabi/lib/thumb/v7e-m+fp/hard\libc_nano.a(lib_a-findfp.o)
                0x0000000008004268                __sinit_lock_release
 .text.__sinit  0x0000000008004274       0x70 c:/st/stm32cubeide_1.7.0/stm32cubeide/plugins/com.st.stm32cube.ide.mcu.externaltools.gnu-tools-for-stm32.9-2020-q2-update.win32_2.0.0.202105311346/tools/bin/../lib/gcc/arm-none-eabi/9.3.1/../../../../arm-none-eabi/lib/thumb/v7e-m+fp/hard\libc_nano.a(lib_a-findfp.o)
                0x0000000008004274                __sinit
 .text.__sfp    0x00000000080042e4       0x8c c:/st/stm32cubeide_1.7.0/stm32cubeide/plugins/com.st.stm32cube.ide.mcu.externaltools.gnu-tools-for-stm32.9-2020-q2-update.win32_2.0.0.202105311346/tools/bin/../lib/gcc/arm-none-eabi/9.3.1/../../../../arm-none-eabi/lib/thumb/v7e-m+fp/hard\libc_nano.a(lib_a-findfp.o)
                0x00000000080042e4                __sfp
 .text._fwalk_reent
                0x0000000008004370       0x3e c:/st/stm32cubeide_1.7.0/stm32cubeide/plugins/com.st.stm32cube.ide.mcu.externaltools.gnu-tools-for-stm32.9-2020-q2-update.win32_2.0.0.202105311346/tools/bin/../lib/gcc/arm-none-eabi/9.3.1/../../../../arm-none-eabi/lib/thumb/v7e-m+fp/hard\libc_nano.a(lib_a-fwalk.o)
                0x0000000008004370                _fwalk_reent
 .text.__retarget_lock_init_recursive
                0x00000000080043ae        0x2 c:/st/stm32cubeide_1.7.0/stm32cubeide/plugins/com.st.stm32cube.ide.mcu.externaltools.gnu-tools-for-stm32.9-2020-q2-update.win32_2.0.0.202105311346/tools/bin/../lib/gcc/arm-none-eabi/9.3.1/../../../../arm-none-eabi/lib/thumb/v7e-m+fp/hard\libc_nano.a(lib_a-lock.o)
                0x00000000080043ae                __retarget_lock_init_recursive
 .text.__retarget_lock_acquire_recursive
                0x00000000080043b0        0x2 c:/st/stm32cubeide_1.7.0/stm32cubeide/plugins/com.st.stm32cube.ide.mcu.externaltools.gnu-tools-for-stm32.9-2020-q2-update.win32_2.0.0.202105311346/tools/bin/../lib/gcc/arm-none-eabi/9.3.1/../../../../arm-none-eabi/lib/thumb/v7e-m+fp/hard\libc_nano.a(lib_a-lock.o)
                0x00000000080043b0                __retarget_lock_acquire_recursive
 .text.__retarget_lock_release
                0x00000000080043b2        0x2 c:/st/stm32cubeide_1.7.0/stm32cubeide/plugins/com.st.stm32cube.ide.mcu.externaltools.gnu-tools-for-stm32.9-2020-q2-update.win32_2.0.0.202105311346/tools/bin/../lib/gcc/arm-none-eabi/9.3.1/../../../../arm-none-eabi/lib/thumb/v7e-m+fp/hard\libc_nano.a(lib_a-lock.o)
                0x00000000080043b2                __retarget_lock_release
 .text.__retarget_lock_release_recursive
                0x00000000080043b4        0x2 c:/st/stm32cubeide_1.7.0/stm32cubeide/plugins/com.st.stm32cube.ide.mcu.externaltools.gnu-tools-for-stm32.9-2020-q2-update.win32_2.0.0.202105311346/tools/bin/../lib/gcc/arm-none-eabi/9.3.1/../../../../arm-none-eabi/lib/thumb/v7e-m+fp/hard\libc_nano.a(lib_a-lock.o)
                0x00000000080043b4                __retarget_lock_release_recursive
 .text.__swhatbuf_r
                0x00000000080043b6       0x48 c:/st/stm32cubeide_1.7.0/stm32cubeide/plugins/com.st.stm32cube.ide.mcu.externaltools.gnu-tools-for-stm32.9-2020-q2-update.win32_2.0.0.202105311346/tools/bin/../lib/gcc/arm-none-eabi/9.3.1/../../../../arm-none-eabi/lib/thumb/v7e-m+fp/hard\libc_nano.a(lib_a-makebuf.o)
                0x00000000080043b6                __swhatbuf_r
 *fill*         0x00000000080043fe        0x2 
 .text.__smakebuf_r
                0x0000000008004400       0x80 c:/st/stm32cubeide_1.7.0/stm32cubeide/plugins/com.st.stm32cube.ide.mcu.externaltools.gnu-tools-for-stm32.9-2020-q2-update.win32_2.0.0.202105311346/tools/bin/../lib/gcc/arm-none-eabi/9.3.1/../../../../arm-none-eabi/lib/thumb/v7e-m+fp/hard\libc_nano.a(lib_a-makebuf.o)
                0x0000000008004400                __smakebuf_r
 .text.__malloc_lock
                0x0000000008004480        0xc c:/st/stm32cubeide_1.7.0/stm32cubeide/plugins/com.st.stm32cube.ide.mcu.externaltools.gnu-tools-for-stm32.9-2020-q2-update.win32_2.0.0.202105311346/tools/bin/../lib/gcc/arm-none-eabi/9.3.1/../../../../arm-none-eabi/lib/thumb/v7e-m+fp/hard\libc_nano.a(lib_a-mlock.o)
                0x0000000008004480                __malloc_lock
 .text.__malloc_unlock
                0x000000000800448c        0xc c:/st/stm32cubeide_1.7.0/stm32cubeide/plugins/com.st.stm32cube.ide.mcu.externaltools.gnu-tools-for-stm32.9-2020-q2-update.win32_2.0.0.202105311346/tools/bin/../lib/gcc/arm-none-eabi/9.3.1/../../../../arm-none-eabi/lib/thumb/v7e-m+fp/hard\libc_nano.a(lib_a-mlock.o)
                0x000000000800448c                __malloc_unlock
 .text._realloc_r
                0x0000000008004498       0x4c c:/st/stm32cubeide_1.7.0/stm32cubeide/plugins/com.st.stm32cube.ide.mcu.externaltools.gnu-tools-for-stm32.9-2020-q2-update.win32_2.0.0.202105311346/tools/bin/../lib/gcc/arm-none-eabi/9.3.1/../../../../arm-none-eabi/lib/thumb/v7e-m+fp/hard\libc_nano.a(lib_a-nano-reallocr.o)
                0x0000000008004498                _realloc_r
 .text.__ssputs_r
                0x00000000080044e4       0xb6 c:/st/stm32cubeide_1.7.0/stm32cubeide/plugins/com.st.stm32cube.ide.mcu.externaltools.gnu-tools-for-stm32.9-2020-q2-update.win32_2.0.0.202105311346/tools/bin/../lib/gcc/arm-none-eabi/9.3.1/../../../../arm-none-eabi/lib/thumb/v7e-m+fp/hard\libc_nano.a(lib_a-nano-svfprintf.o)
                0x00000000080044e4                __ssputs_r
 *fill*         0x000000000800459a        0x2 
 .text._svfprintf_r
                0x000000000800459c      0x200 c:/st/stm32cubeide_1.7.0/stm32cubeide/plugins/com.st.stm32cube.ide.mcu.externaltools.gnu-tools-for-stm32.9-2020-q2-update.win32_2.0.0.202105311346/tools/bin/../lib/gcc/arm-none-eabi/9.3.1/../../../../arm-none-eabi/lib/thumb/v7e-m+fp/hard\libc_nano.a(lib_a-nano-svfprintf.o)
                0x000000000800459c                _svfiprintf_r
                0x000000000800459c                _svfprintf_r
 .text.__sread  0x000000000800479c       0x22 c:/st/stm32cubeide_1.7.0/stm32cubeide/plugins/com.st.stm32cube.ide.mcu.externaltools.gnu-tools-for-stm32.9-2020-q2-update.win32_2.0.0.202105311346/tools/bin/../lib/gcc/arm-none-eabi/9.3.1/../../../../arm-none-eabi/lib/thumb/v7e-m+fp/hard\libc_nano.a(lib_a-stdio.o)
                0x000000000800479c                __sread
 .text.__swrite
                0x00000000080047be       0x38 c:/st/stm32cubeide_1.7.0/stm32cubeide/plugins/com.st.stm32cube.ide.mcu.externaltools.gnu-tools-for-stm32.9-2020-q2-update.win32_2.0.0.202105311346/tools/bin/../lib/gcc/arm-none-eabi/9.3.1/../../../../arm-none-eabi/lib/thumb/v7e-m+fp/hard\libc_nano.a(lib_a-stdio.o)
                0x00000000080047be                __swrite
 .text.__sseek  0x00000000080047f6       0x24 c:/st/stm32cubeide_1.7.0/stm32cubeide/plugins/com.st.stm32cube.ide.mcu.externaltools.gnu-tools-for-stm32.9-2020-q2-update.win32_2.0.0.202105311346/tools/bin/../lib/gcc/arm-none-eabi/9.3.1/../../../../arm-none-eabi/lib/thumb/v7e-m+fp/hard\libc_nano.a(lib_a-stdio.o)
                0x00000000080047f6                __sseek
 .text.__sclose
                0x000000000800481a        0x8 c:/st/stm32cubeide_1.7.0/stm32cubeide/plugins/com.st.stm32cube.ide.mcu.externaltools.gnu-tools-for-stm32.9-2020-q2-update.win32_2.0.0.202105311346/tools/bin/../lib/gcc/arm-none-eabi/9.3.1/../../../../arm-none-eabi/lib/thumb/v7e-m+fp/hard\libc_nano.a(lib_a-stdio.o)
                0x000000000800481a                __sclose
 *fill*         0x0000000008004822        0x2 
 .text._write_r
                0x0000000008004824       0x24 c:/st/stm32cubeide_1.7.0/stm32cubeide/plugins/com.st.stm32cube.ide.mcu.externaltools.gnu-tools-for-stm32.9-2020-q2-update.win32_2.0.0.202105311346/tools/bin/../lib/gcc/arm-none-eabi/9.3.1/../../../../arm-none-eabi/lib/thumb/v7e-m+fp/hard\libc_nano.a(lib_a-writer.o)
                0x0000000008004824                _write_r
 .text._close_r
                0x0000000008004848       0x20 c:/st/stm32cubeide_1.7.0/stm32cubeide/plugins/com.st.stm32cube.ide.mcu.externaltools.gnu-tools-for-stm32.9-2020-q2-update.win32_2.0.0.202105311346/tools/bin/../lib/gcc/arm-none-eabi/9.3.1/../../../../arm-none-eabi/lib/thumb/v7e-m+fp/hard\libc_nano.a(lib_a-closer.o)
                0x0000000008004848                _close_r
 .text._fstat_r
                0x0000000008004868       0x24 c:/st/stm32cubeide_1.7.0/stm32cubeide/plugins/com.st.stm32cube.ide.mcu.externaltools.gnu-tools-for-stm32.9-2020-q2-update.win32_2.0.0.202105311346/tools/bin/../lib/gcc/arm-none-eabi/9.3.1/../../../../arm-none-eabi/lib/thumb/v7e-m+fp/hard\libc_nano.a(lib_a-fstatr.o)
                0x0000000008004868                _fstat_r
 .text._isatty_r
                0x000000000800488c       0x20 c:/st/stm32cubeide_1.7.0/stm32cubeide/plugins/com.st.stm32cube.ide.mcu.externaltools.gnu-tools-for-stm32.9-2020-q2-update.win32_2.0.0.202105311346/tools/bin/../lib/gcc/arm-none-eabi/9.3.1/../../../../arm-none-eabi/lib/thumb/v7e-m+fp/hard\libc_nano.a(lib_a-isattyr.o)
                0x000000000800488c                _isatty_r
 .text._lseek_r
                0x00000000080048ac       0x24 c:/st/stm32cubeide_1.7.0/stm32cubeide/plugins/com.st.stm32cube.ide.mcu.externaltools.gnu-tools-for-stm32.9-2020-q2-update.win32_2.0.0.202105311346/tools/bin/../lib/gcc/arm-none-eabi/9.3.1/../../../../arm-none-eabi/lib/thumb/v7e-m+fp/hard\libc_nano.a(lib_a-lseekr.o)
                0x00000000080048ac                _lseek_r
 .text._malloc_usable_size_r
                0x00000000080048d0       0x10 c:/st/stm32cubeide_1.7.0/stm32cubeide/plugins/com.st.stm32cube.ide.mcu.externaltools.gnu-tools-for-stm32.9-2020-q2-update.win32_2.0.0.202105311346/tools/bin/../lib/gcc/arm-none-eabi/9.3.1/../../../../arm-none-eabi/lib/thumb/v7e-m+fp/hard\libc_nano.a(lib_a-nano-msizer.o)
                0x00000000080048d0                _malloc_usable_size_r
 .text._read_r  0x00000000080048e0       0x24 c:/st/stm32cubeide_1.7.0/stm32cubeide/plugins/com.st.stm32cube.ide.mcu.externaltools.gnu-tools-for-stm32.9-2020-q2-update.win32_2.0.0.202105311346/tools/bin/../lib/gcc/arm-none-eabi/9.3.1/../../../../arm-none-eabi/lib/thumb/v7e-m+fp/hard\libc_nano.a(lib_a-readr.o)
                0x00000000080048e0                _read_r
 .text._close   0x0000000008004904       0x10 c:/st/stm32cubeide_1.7.0/stm32cubeide/plugins/com.st.stm32cube.ide.mcu.externaltools.gnu-tools-for-stm32.9-2020-q2-update.win32_2.0.0.202105311346/tools/bin/../lib/gcc/arm-none-eabi/9.3.1/../../../../arm-none-eabi/lib/thumb/v7e-m+fp/hard\libnosys.a(close.o)
                0x0000000008004904                _close
 .text._fstat   0x0000000008004914       0x10 c:/st/stm32cubeide_1.7.0/stm32cubeide/plugins/com.st.stm32cube.ide.mcu.externaltools.gnu-tools-for-stm32.9-2020-q2-update.win32_2.0.0.202105311346/tools/bin/../lib/gcc/arm-none-eabi/9.3.1/../../../../arm-none-eabi/lib/thumb/v7e-m+fp/hard\libnosys.a(fstat.o)
                0x0000000008004914                _fstat
 .text._getpid  0x0000000008004924       0x10 c:/st/stm32cubeide_1.7.0/stm32cubeide/plugins/com.st.stm32cube.ide.mcu.externaltools.gnu-tools-for-stm32.9-2020-q2-update.win32_2.0.0.202105311346/tools/bin/../lib/gcc/arm-none-eabi/9.3.1/../../../../arm-none-eabi/lib/thumb/v7e-m+fp/hard\libnosys.a(getpid.o)
                0x0000000008004924                _getpid
 .text._isatty  0x0000000008004934       0x10 c:/st/stm32cubeide_1.7.0/stm32cubeide/plugins/com.st.stm32cube.ide.mcu.externaltools.gnu-tools-for-stm32.9-2020-q2-update.win32_2.0.0.202105311346/tools/bin/../lib/gcc/arm-none-eabi/9.3.1/../../../../arm-none-eabi/lib/thumb/v7e-m+fp/hard\libnosys.a(isatty.o)
                0x0000000008004934                _isatty
 .text._kill    0x0000000008004944       0x10 c:/st/stm32cubeide_1.7.0/stm32cubeide/plugins/com.st.stm32cube.ide.mcu.externaltools.gnu-tools-for-stm32.9-2020-q2-update.win32_2.0.0.202105311346/tools/bin/../lib/gcc/arm-none-eabi/9.3.1/../../../../arm-none-eabi/lib/thumb/v7e-m+fp/hard\libnosys.a(kill.o)
                0x0000000008004944                _kill
 .text._lseek   0x0000000008004954       0x10 c:/st/stm32cubeide_1.7.0/stm32cubeide/plugins/com.st.stm32cube.ide.mcu.externaltools.gnu-tools-for-stm32.9-2020-q2-update.win32_2.0.0.202105311346/tools/bin/../lib/gcc/arm-none-eabi/9.3.1/../../../../arm-none-eabi/lib/thumb/v7e-m+fp/hard\libnosys.a(lseek.o)
                0x0000000008004954                _lseek
 .text._read    0x0000000008004964       0x10 c:/st/stm32cubeide_1.7.0/stm32cubeide/plugins/com.st.stm32cube.ide.mcu.externaltools.gnu-tools-for-stm32.9-2020-q2-update.win32_2.0.0.202105311346/tools/bin/../lib/gcc/arm-none-eabi/9.3.1/../../../../arm-none-eabi/lib/thumb/v7e-m+fp/hard\libnosys.a(read.o)
                0x0000000008004964                _read
 .text._sbrk    0x0000000008004974       0x1c c:/st/stm32cubeide_1.7.0/stm32cubeide/plugins/com.st.stm32cube.ide.mcu.externaltools.gnu-tools-for-stm32.9-2020-q2-update.win32_2.0.0.202105311346/tools/bin/../lib/gcc/arm-none-eabi/9.3.1/../../../../arm-none-eabi/lib/thumb/v7e-m+fp/hard\libnosys.a(sbrk.o)
                0x0000000008004974                _sbrk
 .text._write   0x0000000008004990       0x10 c:/st/stm32cubeide_1.7.0/stm32cubeide/plugins/com.st.stm32cube.ide.mcu.externaltools.gnu-tools-for-stm32.9-2020-q2-update.win32_2.0.0.202105311346/tools/bin/../lib/gcc/arm-none-eabi/9.3.1/../../../../arm-none-eabi/lib/thumb/v7e-m+fp/hard\libnosys.a(write.o)
                0x0000000008004990                _write
 .text._exit    0x00000000080049a0        0x2 c:/st/stm32cubeide_1.7.0/stm32cubeide/plugins/com.st.stm32cube.ide.mcu.externaltools.gnu-tools-for-stm32.9-2020-q2-update.win32_2.0.0.202105311346/tools/bin/../lib/gcc/arm-none-eabi/9.3.1/../../../../arm-none-eabi/lib/thumb/v7e-m+fp/hard\libnosys.a(_exit.o)
                0x00000000080049a0                _exit
 *(.glue_7)
 .glue_7        0x00000000080049a2        0x0 linker stubs
 *(.glue_7t)
 .glue_7t       0x00000000080049a2        0x0 linker stubs
 *(.eh_frame)
 *fill*         0x00000000080049a2        0x2 
 .eh_frame      0x00000000080049a4        0x0 c:/st/stm32cubeide_1.7.0/stm32cubeide/plugins/com.st.stm32cube.ide.mcu.externaltools.gnu-tools-for-stm32.9-2020-q2-update.win32_2.0.0.202105311346/tools/bin/../lib/gcc/arm-none-eabi/9.3.1/thumb/v7e-m+fp/hard/crtbegin.o
 *(.init)
 .init          0x00000000080049a4        0x4 c:/st/stm32cubeide_1.7.0/stm32cubeide/plugins/com.st.stm32cube.ide.mcu.externaltools.gnu-tools-for-stm32.9-2020-q2-update.win32_2.0.0.202105311346/tools/bin/../lib/gcc/arm-none-eabi/9.3.1/thumb/v7e-m+fp/hard/crti.o
                0x00000000080049a4                _init
 .init          0x00000000080049a8        0x8 c:/st/stm32cubeide_1.7.0/stm32cubeide/plugins/com.st.stm32cube.ide.mcu.externaltools.gnu-tools-for-stm32.9-2020-q2-update.win32_2.0.0.202105311346/tools/bin/../lib/gcc/arm-none-eabi/9.3.1/thumb/v7e-m+fp/hard/crtn.o
 *(.fini)
 .fini          0x00000000080049b0        0x4 c:/st/stm32cubeide_1.7.0/stm32cubeide/plugins/com.st.stm32cube.ide.mcu.externaltools.gnu-tools-for-stm32.9-2020-q2-update.win32_2.0.0.202105311346/tools/bin/../lib/gcc/arm-none-eabi/9.3.1/thumb/v7e-m+fp/hard/crti.o
                0x00000000080049b0                _fini
 .fini          0x00000000080049b4        0x8 c:/st/stm32cubeide_1.7.0/stm32cubeide/plugins/com.st.stm32cube.ide.mcu.externaltools.gnu-tools-for-stm32.9-2020-q2-update.win32_2.0.0.202105311346/tools/bin/../lib/gcc/arm-none-eabi/9.3.1/thumb/v7e-m+fp/hard/crtn.o
                0x00000000080049bc                . = ALIGN (0x4)
                0x00000000080049bc                _etext = .

.vfp11_veneer   0x00000000080049bc        0x0
 .vfp11_veneer  0x00000000080049bc        0x0 linker stubs

.v4_bx          0x00000000080049bc        0x0
 .v4_bx         0x00000000080049bc        0x0 linker stubs

.iplt           0x00000000080049bc        0x0
 .iplt          0x00000000080049bc        0x0 c:/st/stm32cubeide_1.7.0/stm32cubeide/plugins/com.st.stm32cube.ide.mcu.externaltools.gnu-tools-for-stm32.9-2020-q2-update.win32_2.0.0.202105311346/tools/bin/../lib/gcc/arm-none-eabi/9.3.1/thumb/v7e-m+fp/hard/crtbegin.o

.rodata         0x00000000080049bc      0x4c0
                0x00000000080049bc                . = ALIGN (0x4)
 *(.rodata)
 .rodata        0x00000000080049bc       0x18 ./Core/Src/system_stm32f7xx.o
                0x00000000080049bc                AHBPrescTable
                0x00000000080049cc                APBPrescTable
 .rodata        0x00000000080049d4       0x28 ./app/statemachine02.o
                0x00000000080049d4                vtable for StateMachine02
 .rodata        0x00000000080049fc       0x10 ./platform/f7-disco-gcc/mcu/hal/uart.o
                0x00000000080049fc                vtable for Uart
 .rodata        0x0000000008004a0c       0x28 ./xf/core/behavior.o
                0x0000000008004a0c                vtable for XFBehavior
 .rodata        0x0000000008004a34       0x14 ./xf/core/defaulttransition.o
                0x0000000008004a34                vtable for XFDefaultTransition
 .rodata        0x0000000008004a48       0x14 ./xf/core/initialevent.o
                0x0000000008004a48                vtable for XFInitialEvent
 .rodata        0x0000000008004a5c       0x14 ./xf/core/timeout.o
                0x0000000008004a5c                vtable for XFTimeout
 .rodata        0x0000000008004a70       0x28 ./xf/port/common/dispatcher.o
                0x0000000008004a70                vtable for XFDispatcher
 .rodata        0x0000000008004a98       0x2c ./xf/port/common/timeoutmanager.o
                0x0000000008004a98                vtable for XFTimeoutManager
 .rodata        0x0000000008004ac4       0x24 ./xf/port/idf-stm32/eventqueue.o
                0x0000000008004ac4                vtable for XFEventQueue
 .rodata        0x0000000008004ae8       0x1c ./xf/port/idf-stm32/mutex.o
                0x0000000008004ae8                vtable for XFMutex
 *(.rodata*)
 .rodata.str1.4
                0x0000000008004b04       0x8f ./app/statemachine02.o
 *fill*         0x0000000008004b93        0x1 
 .rodata.str1.4
                0x0000000008004b94       0xd2 ./app/testfactory02.o
 *fill*         0x0000000008004c66        0x2 
 .rodata.str1.4
                0x0000000008004c68      0x10f ./platform/f7-disco-gcc/mcu/hal/uart.o
 *fill*         0x0000000008004d77        0x1 
 .rodata._ZNSt5dequeIPK7XFEventSaIS2_EE16_M_push_back_auxIJRKS2_EEEvDpOT_.str1.4
                0x0000000008004d78       0x30 ./xf/port/idf-stm32/eventqueue.o
 .rodata.__assert_func.str1.1
                0x0000000008004da8       0x3c c:/st/stm32cubeide_1.7.0/stm32cubeide/plugins/com.st.stm32cube.ide.mcu.externaltools.gnu-tools-for-stm32.9-2020-q2-update.win32_2.0.0.202105311346/tools/bin/../lib/gcc/arm-none-eabi/9.3.1/../../../../arm-none-eabi/lib/thumb/v7e-m+fp/hard\libc_nano.a(lib_a-assert.o)
                                         0x3d (size before relaxing)
 .rodata._global_impure_ptr
                0x0000000008004de4        0x4 c:/st/stm32cubeide_1.7.0/stm32cubeide/plugins/com.st.stm32cube.ide.mcu.externaltools.gnu-tools-for-stm32.9-2020-q2-update.win32_2.0.0.202105311346/tools/bin/../lib/gcc/arm-none-eabi/9.3.1/../../../../arm-none-eabi/lib/thumb/v7e-m+fp/hard\libc_nano.a(lib_a-impure.o)
                0x0000000008004de4                _global_impure_ptr
 .rodata._vfprintf_r.str1.1
                0x0000000008004de8       0x11 c:/st/stm32cubeide_1.7.0/stm32cubeide/plugins/com.st.stm32cube.ide.mcu.externaltools.gnu-tools-for-stm32.9-2020-q2-update.win32_2.0.0.202105311346/tools/bin/../lib/gcc/arm-none-eabi/9.3.1/../../../../arm-none-eabi/lib/thumb/v7e-m+fp/hard\libc_nano.a(lib_a-nano-vfprintf.o)
 .rodata._printf_i.str1.1
                0x0000000008004df9       0x22 c:/st/stm32cubeide_1.7.0/stm32cubeide/plugins/com.st.stm32cube.ide.mcu.externaltools.gnu-tools-for-stm32.9-2020-q2-update.win32_2.0.0.202105311346/tools/bin/../lib/gcc/arm-none-eabi/9.3.1/../../../../arm-none-eabi/lib/thumb/v7e-m+fp/hard\libc_nano.a(lib_a-nano-vfprintf_i.o)
 *fill*         0x0000000008004e1b        0x1 
 .rodata.__sf_fake_stderr
                0x0000000008004e1c       0x20 c:/st/stm32cubeide_1.7.0/stm32cubeide/plugins/com.st.stm32cube.ide.mcu.externaltools.gnu-tools-for-stm32.9-2020-q2-update.win32_2.0.0.202105311346/tools/bin/../lib/gcc/arm-none-eabi/9.3.1/../../../../arm-none-eabi/lib/thumb/v7e-m+fp/hard\libc_nano.a(lib_a-findfp.o)
                0x0000000008004e1c                __sf_fake_stderr
 .rodata.__sf_fake_stdin
                0x0000000008004e3c       0x20 c:/st/stm32cubeide_1.7.0/stm32cubeide/plugins/com.st.stm32cube.ide.mcu.externaltools.gnu-tools-for-stm32.9-2020-q2-update.win32_2.0.0.202105311346/tools/bin/../lib/gcc/arm-none-eabi/9.3.1/../../../../arm-none-eabi/lib/thumb/v7e-m+fp/hard\libc_nano.a(lib_a-findfp.o)
                0x0000000008004e3c                __sf_fake_stdin
 .rodata.__sf_fake_stdout
                0x0000000008004e5c       0x20 c:/st/stm32cubeide_1.7.0/stm32cubeide/plugins/com.st.stm32cube.ide.mcu.externaltools.gnu-tools-for-stm32.9-2020-q2-update.win32_2.0.0.202105311346/tools/bin/../lib/gcc/arm-none-eabi/9.3.1/../../../../arm-none-eabi/lib/thumb/v7e-m+fp/hard\libc_nano.a(lib_a-findfp.o)
                0x0000000008004e5c                __sf_fake_stdout
 .rodata._svfprintf_r.str1.1
                0x0000000008004e7c       0x11 c:/st/stm32cubeide_1.7.0/stm32cubeide/plugins/com.st.stm32cube.ide.mcu.externaltools.gnu-tools-for-stm32.9-2020-q2-update.win32_2.0.0.202105311346/tools/bin/../lib/gcc/arm-none-eabi/9.3.1/../../../../arm-none-eabi/lib/thumb/v7e-m+fp/hard\libc_nano.a(lib_a-nano-svfprintf.o)
                0x0000000008004e90                . = ALIGN (0x4)

.ARM.extab
 *(.ARM.extab* .gnu.linkonce.armextab.*)

.ARM            0x0000000008004e7c        0x8
                0x0000000008004e7c                __exidx_start = .
 *(.ARM.exidx*)
 .ARM.exidx     0x0000000008004e7c        0x8 c:/st/stm32cubeide_1.7.0/stm32cubeide/plugins/com.st.stm32cube.ide.mcu.externaltools.gnu-tools-for-stm32.9-2020-q2-update.win32_2.0.0.202105311346/tools/bin/../lib/gcc/arm-none-eabi/9.3.1/thumb/v7e-m+fp/hard\libgcc.a(_udivmoddi4.o)
                0x0000000008004e84                __exidx_end = .

.rel.dyn        0x0000000008004e84        0x0
 .rel.iplt      0x0000000008004e84        0x0 c:/st/stm32cubeide_1.7.0/stm32cubeide/plugins/com.st.stm32cube.ide.mcu.externaltools.gnu-tools-for-stm32.9-2020-q2-update.win32_2.0.0.202105311346/tools/bin/../lib/gcc/arm-none-eabi/9.3.1/thumb/v7e-m+fp/hard/crtbegin.o

.preinit_array  0x0000000008004e84        0x0
                0x0000000008004e84                PROVIDE (__preinit_array_start = .)
 *(.preinit_array*)
                0x0000000008004e84                PROVIDE (__preinit_array_end = .)

.init_array     0x0000000008004e84        0x8
                0x0000000008004e84                PROVIDE (__init_array_start = .)
 *(SORT_BY_NAME(.init_array.*))
 *(.init_array*)
 .init_array    0x0000000008004e84        0x4 c:/st/stm32cubeide_1.7.0/stm32cubeide/plugins/com.st.stm32cube.ide.mcu.externaltools.gnu-tools-for-stm32.9-2020-q2-update.win32_2.0.0.202105311346/tools/bin/../lib/gcc/arm-none-eabi/9.3.1/thumb/v7e-m+fp/hard/crtbegin.o
 .init_array    0x0000000008004e88        0x4 ./platform/f7-disco-gcc/board/trace.o
                0x0000000008004e8c                PROVIDE (__init_array_end = .)

.fini_array     0x0000000008004e8c        0x8
                [!provide]                        PROVIDE (__fini_array_start = .)
 *(SORT_BY_NAME(.fini_array.*))
 *(.fini_array*)
 .fini_array    0x0000000008004e8c        0x4 c:/st/stm32cubeide_1.7.0/stm32cubeide/plugins/com.st.stm32cube.ide.mcu.externaltools.gnu-tools-for-stm32.9-2020-q2-update.win32_2.0.0.202105311346/tools/bin/../lib/gcc/arm-none-eabi/9.3.1/thumb/v7e-m+fp/hard/crtbegin.o
 .fini_array    0x0000000008004e90        0x4 ./platform/f7-disco-gcc/board/trace.o
                [!provide]                        PROVIDE (__fini_array_end = .)
                0x0000000008004e94                _sidata = LOADADDR (.data)

.data           0x0000000020000000       0x7c load address 0x0000000008004e94
                0x0000000020000000                . = ALIGN (0x4)
                0x0000000020000000                _sdata = .
 *(.data)
 .data          0x0000000020000000        0x4 ./Core/Src/system_stm32f7xx.o
                0x0000000020000000                SystemCoreClock
 .data          0x0000000020000004        0x8 ./Drivers/STM32F7xx_HAL_Driver/Src/stm32f7xx_hal.o
                0x0000000020000004                uwTickFreq
                0x0000000020000008                uwTickPrio
 .data          0x000000002000000c        0x4 ./app/statemachine02.o
                0x000000002000000c                StateMachine02::nextId
 *(.data*)
 .data._ZN10__cxxabiv119__terminate_handlerE
                0x0000000020000010        0x4 c:/st/stm32cubeide_1.7.0/stm32cubeide/plugins/com.st.stm32cube.ide.mcu.externaltools.gnu-tools-for-stm32.9-2020-q2-update.win32_2.0.0.202105311346/tools/bin/../lib/gcc/arm-none-eabi/9.3.1/../../../../arm-none-eabi/lib/thumb/v7e-m+fp/hard\libstdc++_nano.a(eh_term_handler.o)
                0x0000000020000010                __cxxabiv1::__terminate_handler
 .data._impure_ptr
                0x0000000020000014        0x4 c:/st/stm32cubeide_1.7.0/stm32cubeide/plugins/com.st.stm32cube.ide.mcu.externaltools.gnu-tools-for-stm32.9-2020-q2-update.win32_2.0.0.202105311346/tools/bin/../lib/gcc/arm-none-eabi/9.3.1/../../../../arm-none-eabi/lib/thumb/v7e-m+fp/hard\libc_nano.a(lib_a-impure.o)
                0x0000000020000014                _impure_ptr
 .data.impure_data
                0x0000000020000018       0x60 c:/st/stm32cubeide_1.7.0/stm32cubeide/plugins/com.st.stm32cube.ide.mcu.externaltools.gnu-tools-for-stm32.9-2020-q2-update.win32_2.0.0.202105311346/tools/bin/../lib/gcc/arm-none-eabi/9.3.1/../../../../arm-none-eabi/lib/thumb/v7e-m+fp/hard\libc_nano.a(lib_a-impure.o)
 .data.__atexit_recursive_mutex
                0x0000000020000078        0x4 c:/st/stm32cubeide_1.7.0/stm32cubeide/plugins/com.st.stm32cube.ide.mcu.externaltools.gnu-tools-for-stm32.9-2020-q2-update.win32_2.0.0.202105311346/tools/bin/../lib/gcc/arm-none-eabi/9.3.1/../../../../arm-none-eabi/lib/thumb/v7e-m+fp/hard\libc_nano.a(lib_a-__call_atexit.o)