Archive member included to satisfy reference by file (symbol)

c:/st/stm32cubeide_1.7.0/stm32cubeide/plugins/com.st.stm32cube.ide.mcu.externaltools.gnu-tools-for-stm32.9-2020-q2-update.win32_2.0.0.202105311346/tools/bin/../lib/gcc/arm-none-eabi/9.3.1/../../../../arm-none-eabi/lib/thumb/v7e-m+fp/hard\libstdc++_nano.a(del_op.o)
                              ./app/statemachine01.o (operator delete(void*))
c:/st/stm32cubeide_1.7.0/stm32cubeide/plugins/com.st.stm32cube.ide.mcu.externaltools.gnu-tools-for-stm32.9-2020-q2-update.win32_2.0.0.202105311346/tools/bin/../lib/gcc/arm-none-eabi/9.3.1/../../../../arm-none-eabi/lib/thumb/v7e-m+fp/hard\libstdc++_nano.a(del_ops.o)
                              ./app/statemachine01.o (operator delete(void*, unsigned int))
c:/st/stm32cubeide_1.7.0/stm32cubeide/plugins/com.st.stm32cube.ide.mcu.externaltools.gnu-tools-for-stm32.9-2020-q2-update.win32_2.0.0.202105311346/tools/bin/../lib/gcc/arm-none-eabi/9.3.1/../../../../arm-none-eabi/lib/thumb/v7e-m+fp/hard\libstdc++_nano.a(guard.o)
                              ./xf/port/common/dispatcher.o (__cxa_guard_acquire)
c:/st/stm32cubeide_1.7.0/stm32cubeide/plugins/com.st.stm32cube.ide.mcu.externaltools.gnu-tools-for-stm32.9-2020-q2-update.win32_2.0.0.202105311346/tools/bin/../lib/gcc/arm-none-eabi/9.3.1/../../../../arm-none-eabi/lib/thumb/v7e-m+fp/hard\libstdc++_nano.a(new_op.o)
                              ./app/statemachine01.o (operator new(unsigned int))
c:/st/stm32cubeide_1.7.0/stm32cubeide/plugins/com.st.stm32cube.ide.mcu.externaltools.gnu-tools-for-stm32.9-2020-q2-update.win32_2.0.0.202105311346/tools/bin/../lib/gcc/arm-none-eabi/9.3.1/../../../../arm-none-eabi/lib/thumb/v7e-m+fp/hard\libstdc++_nano.a(pure.o)
                              ./xf/core/behavior.o (__cxa_pure_virtual)
c:/st/stm32cubeide_1.7.0/stm32cubeide/plugins/com.st.stm32cube.ide.mcu.externaltools.gnu-tools-for-stm32.9-2020-q2-update.win32_2.0.0.202105311346/tools/bin/../lib/gcc/arm-none-eabi/9.3.1/../../../../arm-none-eabi/lib/thumb/v7e-m+fp/hard\libstdc++_nano.a(list.o)
                              ./xf/port/common/timeoutmanager.o (std::__detail::_List_node_base::_M_hook(std::__detail::_List_node_base*))
c:/st/stm32cubeide_1.7.0/stm32cubeide/plugins/com.st.stm32cube.ide.mcu.externaltools.gnu-tools-for-stm32.9-2020-q2-update.win32_2.0.0.202105311346/tools/bin/../lib/gcc/arm-none-eabi/9.3.1/../../../../arm-none-eabi/lib/thumb/v7e-m+fp/hard\libstdc++_nano.a(functexcept.o)
                              ./xf/port/idf-stm32/eventqueue.o (std::__throw_bad_alloc())
c:/st/stm32cubeide_1.7.0/stm32cubeide/plugins/com.st.stm32cube.ide.mcu.externaltools.gnu-tools-for-stm32.9-2020-q2-update.win32_2.0.0.202105311346/tools/bin/../lib/gcc/arm-none-eabi/9.3.1/../../../../arm-none-eabi/lib/thumb/v7e-m+fp/hard\libstdc++_nano.a(functional.o)
                              ./xf/port/common/timeoutmanager.o (std::__throw_bad_function_call())
c:/st/stm32cubeide_1.7.0/stm32cubeide/plugins/com.st.stm32cube.ide.mcu.externaltools.gnu-tools-for-stm32.9-2020-q2-update.win32_2.0.0.202105311346/tools/bin/../lib/gcc/arm-none-eabi/9.3.1/../../../../arm-none-eabi/lib/thumb/v7e-m+fp/hard\libstdc++_nano.a(snprintf_lite.o)
                              c:/st/stm32cubeide_1.7.0/stm32cubeide/plugins/com.st.stm32cube.ide.mcu.externaltools.gnu-tools-for-stm32.9-2020-q2-update.win32_2.0.0.202105311346/tools/bin/../lib/gcc/arm-none-eabi/9.3.1/../../../../arm-none-eabi/lib/thumb/v7e-m+fp/hard\libstdc++_nano.a(functexcept.o) (__gnu_cxx::__snprintf_lite(char*, unsigned int, char const*, std::__va_list))
c:/st/stm32cubeide_1.7.0/stm32cubeide/plugins/com.st.stm32cube.ide.mcu.externaltools.gnu-tools-for-stm32.9-2020-q2-update.win32_2.0.0.202105311346/tools/bin/../lib/gcc/arm-none-eabi/9.3.1/../../../../arm-none-eabi/lib/thumb/v7e-m+fp/hard\libstdc++_nano.a(string-inst.o)
                              ./app/statemachine01.o (std::__cxx11::basic_string<char, std::char_traits<char>, std::allocator<char> >::_M_create(unsigned int&, unsigned int))
c:/st/stm32cubeide_1.7.0/stm32cubeide/plugins/com.st.stm32cube.ide.mcu.externaltools.gnu-tools-for-stm32.9-2020-q2-update.win32_2.0.0.202105311346/tools/bin/../lib/gcc/arm-none-eabi/9.3.1/../../../../arm-none-eabi/lib/thumb/v7e-m+fp/hard\libstdc++_nano.a(eh_exception.o)
                              c:/st/stm32cubeide_1.7.0/stm32cubeide/plugins/com.st.stm32cube.ide.mcu.externaltools.gnu-tools-for-stm32.9-2020-q2-update.win32_2.0.0.202105311346/tools/bin/../lib/gcc/arm-none-eabi/9.3.1/../../../../arm-none-eabi/lib/thumb/v7e-m+fp/hard\libstdc++_nano.a(functional.o) (std::exception::~exception())
c:/st/stm32cubeide_1.7.0/stm32cubeide/plugins/com.st.stm32cube.ide.mcu.externaltools.gnu-tools-for-stm32.9-2020-q2-update.win32_2.0.0.202105311346/tools/bin/../lib/gcc/arm-none-eabi/9.3.1/../../../../arm-none-eabi/lib/thumb/v7e-m+fp/hard\libstdc++_nano.a(eh_terminate.o)
[...]
Memory Configuration

Name             Origin             Length             Attributes
RAM              0x0000000020000000 0x0000000000050000 xrw
FLASH            0x0000000008000000 0x0000000000100000 xr
*default*        0x0000000000000000 0xffffffffffffffff

Linker script and memory map

LOAD c:/st/stm32cubeide_1.7.0/stm32cubeide/plugins/com.st.stm32cube.ide.mcu.externaltools.gnu-tools-for-stm32.9-2020-q2-update.win32_2.0.0.202105311346/tools/bin/../lib/gcc/arm-none-eabi/9.3.1/thumb/v7e-m+fp/hard/crti.o
LOAD c:/st/stm32cubeide_1.7.0/stm32cubeide/plugins/com.st.stm32cube.ide.mcu.externaltools.gnu-tools-for-stm32.9-2020-q2-update.win32_2.0.0.202105311346/tools/bin/../lib/gcc/arm-none-eabi/9.3.1/thumb/v7e-m+fp/hard/crtbegin.o
LOAD c:/st/stm32cubeide_1.7.0/stm32cubeide/plugins/com.st.stm32cube.ide.mcu.externaltools.gnu-tools-for-stm32.9-2020-q2-update.win32_2.0.0.202105311346/tools/bin/../lib/gcc/arm-none-eabi/9.3.1/../../../../arm-none-eabi/lib/thumb/v7e-m+fp/hard/crt0.o
LOAD ./Core/Src/main.o
LOAD ./Core/Src/stm32f7xx_hal_msp.o
LOAD ./Core/Src/stm32f7xx_it.o
LOAD ./Core/Src/system_stm32f7xx.o
LOAD ./Drivers/STM32F7xx_HAL_Driver/Src/stm32f7xx_hal.o
LOAD ./Drivers/STM32F7xx_HAL_Driver/Src/stm32f7xx_hal_cortex.o
LOAD ./Drivers/STM32F7xx_HAL_Driver/Src/stm32f7xx_hal_dma.o
LOAD ./Drivers/STM32F7xx_HAL_Driver/Src/stm32f7xx_hal_dma_ex.o
LOAD ./Drivers/STM32F7xx_HAL_Driver/Src/stm32f7xx_hal_exti.o
LOAD ./Drivers/STM32F7xx_HAL_Driver/Src/stm32f7xx_hal_flash.o
LOAD ./Drivers/STM32F7xx_HAL_Driver/Src/stm32f7xx_hal_flash_ex.o
LOAD ./Drivers/STM32F7xx_HAL_Driver/Src/stm32f7xx_hal_gpio.o
LOAD ./Drivers/STM32F7xx_HAL_Driver/Src/stm32f7xx_hal_i2c.o
LOAD ./Drivers/STM32F7xx_HAL_Driver/Src/stm32f7xx_hal_i2c_ex.o
LOAD ./Drivers/STM32F7xx_HAL_Driver/Src/stm32f7xx_hal_pwr.o
LOAD ./Drivers/STM32F7xx_HAL_Driver/Src/stm32f7xx_hal_pwr_ex.o
LOAD ./Drivers/STM32F7xx_HAL_Driver/Src/stm32f7xx_hal_rcc.o
LOAD ./Drivers/STM32F7xx_HAL_Driver/Src/stm32f7xx_hal_rcc_ex.o
LOAD ./Drivers/STM32F7xx_HAL_Driver/Src/stm32f7xx_hal_tim.o
LOAD ./Drivers/STM32F7xx_HAL_Driver/Src/stm32f7xx_hal_tim_ex.o
LOAD ./Drivers/STM32F7xx_HAL_Driver/Src/stm32f7xx_hal_uart.o
LOAD ./Drivers/STM32F7xx_HAL_Driver/Src/stm32f7xx_hal_uart_ex.o
LOAD ./app/statemachine01.o
LOAD ./app/testfactory01.o
LOAD ./mdw/trace/examples/trace-example01.o
LOAD ./platform/f7-disco-gcc/board/ledcontroller.o
LOAD ./platform/f7-disco-gcc/board/trace.o
LOAD ./platform/f7-disco-gcc/mcu/critical/critical.o
LOAD ./platform/f7-disco-gcc/mcu/hal/uart.o
LOAD ./startup/startup_stm32f746xx.o
LOAD ./xf/core/behavior.o
LOAD ./xf/core/customevent.o
LOAD ./xf/core/defaulttransition.o
LOAD ./xf/core/initialevent.o
LOAD ./xf/core/timeout.o
LOAD ./xf/port/common/dispatcher.o
LOAD ./xf/port/common/timeoutmanager.o
LOAD ./xf/port/idf-stm32/c-wrapper-functions.o
LOAD ./xf/port/idf-stm32/eventqueue.o
LOAD ./xf/port/idf-stm32/mutex.o
LOAD ./xf/port/idf-stm32/xf.o
START GROUP
LOAD c:/st/stm32cubeide_1.7.0/stm32cubeide/plugins/com.st.stm32cube.ide.mcu.externaltools.gnu-tools-for-stm32.9-2020-q2-update.win32_2.0.0.202105311346/tools/bin/../lib/gcc/arm-none-eabi/9.3.1/../../../../arm-none-eabi/lib/thumb/v7e-m+fp/hard\libstdc++_nano.a
LOAD c:/st/stm32cubeide_1.7.0/stm32cubeide/plugins/com.st.stm32cube.ide.mcu.externaltools.gnu-tools-for-stm32.9-2020-q2-update.win32_2.0.0.202105311346/tools/bin/../lib/gcc/arm-none-eabi/9.3.1/../../../../arm-none-eabi/lib/thumb/v7e-m+fp/hard\libsupc++_nano.a
END GROUP
LOAD c:/st/stm32cubeide_1.7.0/stm32cubeide/plugins/com.st.stm32cube.ide.mcu.externaltools.gnu-tools-for-stm32.9-2020-q2-update.win32_2.0.0.202105311346/tools/bin/../lib/gcc/arm-none-eabi/9.3.1/../../../../arm-none-eabi/lib/thumb/v7e-m+fp/hard\libstdc++_nano.a
LOAD c:/st/stm32cubeide_1.7.0/stm32cubeide/plugins/com.st.stm32cube.ide.mcu.externaltools.gnu-tools-for-stm32.9-2020-q2-update.win32_2.0.0.202105311346/tools/bin/../lib/gcc/arm-none-eabi/9.3.1/../../../../arm-none-eabi/lib/thumb/v7e-m+fp/hard\libm.a
LOAD c:/st/stm32cubeide_1.7.0/stm32cubeide/plugins/com.st.stm32cube.ide.mcu.externaltools.gnu-tools-for-stm32.9-2020-q2-update.win32_2.0.0.202105311346/tools/bin/../lib/gcc/arm-none-eabi/9.3.1/../../../../arm-none-eabi/lib/thumb/v7e-m+fp/hard\libc_nano.a
START GROUP
LOAD c:/st/stm32cubeide_1.7.0/stm32cubeide/plugins/com.st.stm32cube.ide.mcu.externaltools.gnu-tools-for-stm32.9-2020-q2-update.win32_2.0.0.202105311346/tools/bin/../lib/gcc/arm-none-eabi/9.3.1/thumb/v7e-m+fp/hard\libgcc.a
LOAD c:/st/stm32cubeide_1.7.0/stm32cubeide/plugins/com.st.stm32cube.ide.mcu.externaltools.gnu-tools-for-stm32.9-2020-q2-update.win32_2.0.0.202105311346/tools/bin/../lib/gcc/arm-none-eabi/9.3.1/../../../../arm-none-eabi/lib/thumb/v7e-m+fp/hard\libc_nano.a
END GROUP
START GROUP
LOAD c:/st/stm32cubeide_1.7.0/stm32cubeide/plugins/com.st.stm32cube.ide.mcu.externaltools.gnu-tools-for-stm32.9-2020-q2-update.win32_2.0.0.202105311346/tools/bin/../lib/gcc/arm-none-eabi/9.3.1/thumb/v7e-m+fp/hard\libgcc.a
LOAD c:/st/stm32cubeide_1.7.0/stm32cubeide/plugins/com.st.stm32cube.ide.mcu.externaltools.gnu-tools-for-stm32.9-2020-q2-update.win32_2.0.0.202105311346/tools/bin/../lib/gcc/arm-none-eabi/9.3.1/../../../../arm-none-eabi/lib/thumb/v7e-m+fp/hard\libc_nano.a
LOAD c:/st/stm32cubeide_1.7.0/stm32cubeide/plugins/com.st.stm32cube.ide.mcu.externaltools.gnu-tools-for-stm32.9-2020-q2-update.win32_2.0.0.202105311346/tools/bin/../lib/gcc/arm-none-eabi/9.3.1/../../../../arm-none-eabi/lib/thumb/v7e-m+fp/hard\libnosys.a
END GROUP
START GROUP
LOAD c:/st/stm32cubeide_1.7.0/stm32cubeide/plugins/com.st.stm32cube.ide.mcu.externaltools.gnu-tools-for-stm32.9-2020-q2-update.win32_2.0.0.202105311346/tools/bin/../lib/gcc/arm-none-eabi/9.3.1/thumb/v7e-m+fp/hard\libgcc.a
LOAD c:/st/stm32cubeide_1.7.0/stm32cubeide/plugins/com.st.stm32cube.ide.mcu.externaltools.gnu-tools-for-stm32.9-2020-q2-update.win32_2.0.0.202105311346/tools/bin/../lib/gcc/arm-none-eabi/9.3.1/../../../../arm-none-eabi/lib/thumb/v7e-m+fp/hard\libc_nano.a
LOAD c:/st/stm32cubeide_1.7.0/stm32cubeide/plugins/com.st.stm32cube.ide.mcu.externaltools.gnu-tools-for-stm32.9-2020-q2-update.win32_2.0.0.202105311346/tools/bin/../lib/gcc/arm-none-eabi/9.3.1/../../../../arm-none-eabi/lib/thumb/v7e-m+fp/hard\libnosys.a
END GROUP
LOAD c:/st/stm32cubeide_1.7.0/stm32cubeide/plugins/com.st.stm32cube.ide.mcu.externaltools.gnu-tools-for-stm32.9-2020-q2-update.win32_2.0.0.202105311346/tools/bin/../lib/gcc/arm-none-eabi/9.3.1/thumb/v7e-m+fp/hard/crtend.o
LOAD c:/st/stm32cubeide_1.7.0/stm32cubeide/plugins/com.st.stm32cube.ide.mcu.externaltools.gnu-tools-for-stm32.9-2020-q2-update.win32_2.0.0.202105311346/tools/bin/../lib/gcc/arm-none-eabi/9.3.1/thumb/v7e-m+fp/hard/crtn.o
                0x0000000020050000                _estack = 0x20050000
                0x0000000000001000                _Min_Heap_Size = 0x1000
                0x0000000000001000                _Min_Stack_Size = 0x1000

.isr_vector     0x0000000008000000      0x1c8
                0x0000000008000000                . = ALIGN (0x4)
 *(.isr_vector)
 .isr_vector    0x0000000008000000      0x1c8 ./startup/startup_stm32f746xx.o
                0x0000000008000000                g_pfnVectors
                0x00000000080001c8                . = ALIGN (0x4)

.text           0x00000000080001d0     0x4ce8
                0x00000000080001d0                . = ALIGN (0x4)
 *(.text)
 .text          0x00000000080001d0       0x40 c:/st/stm32cubeide_1.7.0/stm32cubeide/plugins/com.st.stm32cube.ide.mcu.externaltools.gnu-tools-for-stm32.9-2020-q2-update.win32_2.0.0.202105311346/tools/bin/../lib/gcc/arm-none-eabi/9.3.1/thumb/v7e-m+fp/hard/crtbegin.o
 .text          0x0000000008000210       0xa0 c:/st/stm32cubeide_1.7.0/stm32cubeide/plugins/com.st.stm32cube.ide.mcu.externaltools.gnu-tools-for-stm32.9-2020-q2-update.win32_2.0.0.202105311346/tools/bin/../lib/gcc/arm-none-eabi/9.3.1/../../../../arm-none-eabi/lib/thumb/v7e-m+fp/hard\libc_nano.a(lib_a-memchr.o)
                0x0000000008000210                memchr
 .text          0x00000000080002b0       0x10 c:/st/stm32cubeide_1.7.0/stm32cubeide/plugins/com.st.stm32cube.ide.mcu.externaltools.gnu-tools-for-stm32.9-2020-q2-update.win32_2.0.0.202105311346/tools/bin/../lib/gcc/arm-none-eabi/9.3.1/../../../../arm-none-eabi/lib/thumb/v7e-m+fp/hard\libc_nano.a(lib_a-strlen.o)
                0x00000000080002b0                strlen
 .text          0x00000000080002c0       0x30 c:/st/stm32cubeide_1.7.0/stm32cubeide/plugins/com.st.stm32cube.ide.mcu.externaltools.gnu-tools-for-stm32.9-2020-q2-update.win32_2.0.0.202105311346/tools/bin/../lib/gcc/arm-none-eabi/9.3.1/thumb/v7e-m+fp/hard\libgcc.a(_aeabi_uldivmod.o)
                0x00000000080002c0                __aeabi_uldivmod
 .text          0x00000000080002f0      0x2c4 c:/st/stm32cubeide_1.7.0/stm32cubeide/plugins/com.st.stm32cube.ide.mcu.externaltools.gnu-tools-for-stm32.9-2020-q2-update.win32_2.0.0.202105311346/tools/bin/../lib/gcc/arm-none-eabi/9.3.1/thumb/v7e-m+fp/hard\libgcc.a(_udivmoddi4.o)
                0x00000000080002f0                __udivmoddi4
 .text          0x00000000080005b4        0x4 c:/st/stm32cubeide_1.7.0/stm32cubeide/plugins/com.st.stm32cube.ide.mcu.externaltools.gnu-tools-for-stm32.9-2020-q2-update.win32_2.0.0.202105311346/tools/bin/../lib/gcc/arm-none-eabi/9.3.1/thumb/v7e-m+fp/hard\libgcc.a(_dvmd_tls.o)
                0x00000000080005b4                __aeabi_idiv0
                0x00000000080005b4                __aeabi_ldiv0
 *(.text*)
 .text.MX_GPIO_Init
                0x00000000080005b8      0x65c ./Core/Src/main.o
 .text.Error_Handler
                0x0000000008000c14        0x4 ./Core/Src/main.o
                0x0000000008000c14                Error_Handler
 .text.MX_USART1_UART_Init
                0x0000000008000c18       0x38 ./Core/Src/main.o
 .text.SystemClock_Config
                0x0000000008000c50       0xc0 ./Core/Src/main.o
                0x0000000008000c50                SystemClock_Config
 .text.main     0x0000000008000d10       0x26 ./Core/Src/main.o
                0x0000000008000d10                main
 *fill*         0x0000000008000d36        0x2 
 .text.HAL_MspInit
                0x0000000008000d38       0x30 ./Core/Src/stm32f7xx_hal_msp.o
                0x0000000008000d38                HAL_MspInit
 .text.HAL_UART_MspInit
                0x0000000008000d68       0x98 ./Core/Src/stm32f7xx_hal_msp.o
                0x0000000008000d68                HAL_UART_MspInit
 .text.NMI_Handler
                0x0000000008000e00        0x2 ./Core/Src/stm32f7xx_it.o
                0x0000000008000e00                NMI_Handler
 .text.HardFault_Handler
                0x0000000008000e02        0x2 ./Core/Src/stm32f7xx_it.o
                0x0000000008000e02                HardFault_Handler
 .text.MemManage_Handler
                0x0000000008000e04        0x2 ./Core/Src/stm32f7xx_it.o
                0x0000000008000e04                MemManage_Handler
 .text.BusFault_Handler
                0x0000000008000e06        0x2 ./Core/Src/stm32f7xx_it.o
                0x0000000008000e06                BusFault_Handler
 .text.UsageFault_Handler
                0x0000000008000e08        0x2 ./Core/Src/stm32f7xx_it.o
                0x0000000008000e08                UsageFault_Handler
 .text.SVC_Handler
                0x0000000008000e0a        0x2 ./Core/Src/stm32f7xx_it.o
                0x0000000008000e0a                SVC_Handler
 .text.DebugMon_Handler
                0x0000000008000e0c        0x2 ./Core/Src/stm32f7xx_it.o
                0x0000000008000e0c                DebugMon_Handler
 .text.PendSV_Handler
                0x0000000008000e0e        0x2 ./Core/Src/stm32f7xx_it.o
                0x0000000008000e0e                PendSV_Handler
 .text.SysTick_Handler
                0x0000000008000e10       0x22 ./Core/Src/stm32f7xx_it.o
                0x0000000008000e10                SysTick_Handler
 *fill*         0x0000000008000e32        0x2 
 .text.SystemInit
                0x0000000008000e34       0x1c ./Core/Src/system_stm32f7xx.o
                0x0000000008000e34                SystemInit
 .text.HAL_InitTick
                0x0000000008000e50       0x48 ./Drivers/STM32F7xx_HAL_Driver/Src/stm32f7xx_hal.o
                0x0000000008000e50                HAL_InitTick
 .text.HAL_Init
                0x0000000008000e98       0x16 ./Drivers/STM32F7xx_HAL_Driver/Src/stm32f7xx_hal.o
                0x0000000008000e98                HAL_Init
 *fill*         0x0000000008000eae        0x2 
 .text.HAL_IncTick
                0x0000000008000eb0       0x18 ./Drivers/STM32F7xx_HAL_Driver/Src/stm32f7xx_hal.o
                0x0000000008000eb0                HAL_IncTick
 .text.HAL_GetTick
                0x0000000008000ec8        0xc ./Drivers/STM32F7xx_HAL_Driver/Src/stm32f7xx_hal.o
                0x0000000008000ec8                HAL_GetTick
 .text.HAL_NVIC_SetPriorityGrouping
                0x0000000008000ed4       0x24 ./Drivers/STM32F7xx_HAL_Driver/Src/stm32f7xx_hal_cortex.o
                0x0000000008000ed4                HAL_NVIC_SetPriorityGrouping
 .text.HAL_NVIC_SetPriority
                0x0000000008000ef8       0x64 ./Drivers/STM32F7xx_HAL_Driver/Src/stm32f7xx_hal_cortex.o
                0x0000000008000ef8                HAL_NVIC_SetPriority
 .text.HAL_SYSTICK_Config
                0x0000000008000f5c       0x2c ./Drivers/STM32F7xx_HAL_Driver/Src/stm32f7xx_hal_cortex.o
                0x0000000008000f5c                HAL_SYSTICK_Config
 .text.DMA_SetConfig
                0x0000000008000f88       0x2c ./Drivers/STM32F7xx_HAL_Driver/Src/stm32f7xx_hal_dma.o
 .text.HAL_DMA_Start_IT
                0x0000000008000fb4       0x74 ./Drivers/STM32F7xx_HAL_Driver/Src/stm32f7xx_hal_dma.o
                0x0000000008000fb4                HAL_DMA_Start_IT
 .text.HAL_GPIO_Init
                0x0000000008001028      0x1e0 ./Drivers/STM32F7xx_HAL_Driver/Src/stm32f7xx_hal_gpio.o
                0x0000000008001028                HAL_GPIO_Init
 .text.HAL_GPIO_WritePin
                0x0000000008001208        0xc ./Drivers/STM32F7xx_HAL_Driver/Src/stm32f7xx_hal_gpio.o
                0x0000000008001208                HAL_GPIO_WritePin
 .text.HAL_RCC_OscConfig
                0x0000000008001214      0x434 ./Drivers/STM32F7xx_HAL_Driver/Src/stm32f7xx_hal_rcc.o
                0x0000000008001214                HAL_RCC_OscConfig
 .text.HAL_RCC_GetSysClockFreq
                0x0000000008001648       0xa0 ./Drivers/STM32F7xx_HAL_Driver/Src/stm32f7xx_hal_rcc.o
                0x0000000008001648                HAL_RCC_GetSysClockFreq
 .text.HAL_RCC_ClockConfig
                0x00000000080016e8      0x16c ./Drivers/STM32F7xx_HAL_Driver/Src/stm32f7xx_hal_rcc.o
                0x00000000080016e8                HAL_RCC_ClockConfig
 .text.HAL_RCC_GetHCLKFreq
                0x0000000008001854        0xc ./Drivers/STM32F7xx_HAL_Driver/Src/stm32f7xx_hal_rcc.o
                0x0000000008001854                HAL_RCC_GetHCLKFreq
 .text.HAL_RCC_GetPCLK1Freq
                0x0000000008001860       0x20 ./Drivers/STM32F7xx_HAL_Driver/Src/stm32f7xx_hal_rcc.o
                0x0000000008001860                HAL_RCC_GetPCLK1Freq
 .text.HAL_RCC_GetPCLK2Freq
                0x0000000008001880       0x20 ./Drivers/STM32F7xx_HAL_Driver/Src/stm32f7xx_hal_rcc.o
                0x0000000008001880                HAL_RCC_GetPCLK2Freq
 .text.HAL_RCCEx_PeriphCLKConfig
                0x00000000080018a0      0x5ac ./Drivers/STM32F7xx_HAL_Driver/Src/stm32f7xx_hal_rcc_ex.o
                0x00000000080018a0                HAL_RCCEx_PeriphCLKConfig
 .text.UART_EndTxTransfer
                0x0000000008001e4c       0x10 ./Drivers/STM32F7xx_HAL_Driver/Src/stm32f7xx_hal_uart.o
 .text.UART_EndRxTransfer
                0x0000000008001e5c       0x1e ./Drivers/STM32F7xx_HAL_Driver/Src/stm32f7xx_hal_uart.o
 *fill*         0x0000000008001e7a        0x2 
 .text.HAL_UART_Transmit_DMA
                0x0000000008001e7c       0xa8 ./Drivers/STM32F7xx_HAL_Driver/Src/stm32f7xx_hal_uart.o
                0x0000000008001e7c                HAL_UART_Transmit_DMA
 .text.HAL_UART_TxCpltCallback
                0x0000000008001f24        0x2 ./Drivers/STM32F7xx_HAL_Driver/Src/stm32f7xx_hal_uart.o
                0x0000000008001f24                HAL_UART_TxCpltCallback
 .text.UART_DMATransmitCplt
                0x0000000008001f26       0x30 ./Drivers/STM32F7xx_HAL_Driver/Src/stm32f7xx_hal_uart.o
 .text.HAL_UART_TxHalfCpltCallback
                0x0000000008001f56        0x2 ./Drivers/STM32F7xx_HAL_Driver/Src/stm32f7xx_hal_uart.o
                0x0000000008001f56                HAL_UART_TxHalfCpltCallback
 .text.UART_DMATxHalfCplt
                0x0000000008001f58        0xa ./Drivers/STM32F7xx_HAL_Driver/Src/stm32f7xx_hal_uart.o
 .text.HAL_UART_ErrorCallback
                0x0000000008001f62        0x2 ./Drivers/STM32F7xx_HAL_Driver/Src/stm32f7xx_hal_uart.o
                0x0000000008001f62                HAL_UART_ErrorCallback
 .text.UART_DMAError
                0x0000000008001f64       0x50 ./Drivers/STM32F7xx_HAL_Driver/Src/stm32f7xx_hal_uart.o
 .text.UART_SetConfig
                0x0000000008001fb4      0x3a0 ./Drivers/STM32F7xx_HAL_Driver/Src/stm32f7xx_hal_uart.o
                0x0000000008001fb4                UART_SetConfig
 .text.UART_AdvFeatureConfig
                0x0000000008002354       0xca ./Drivers/STM32F7xx_HAL_Driver/Src/stm32f7xx_hal_uart.o
                0x0000000008002354                UART_AdvFeatureConfig
 .text.UART_WaitOnFlagUntilTimeout
                0x000000000800241e       0xa2 ./Drivers/STM32F7xx_HAL_Driver/Src/stm32f7xx_hal_uart.o
                0x000000000800241e                UART_WaitOnFlagUntilTimeout
 .text.HAL_UART_Transmit
                0x00000000080024c0       0xda ./Drivers/STM32F7xx_HAL_Driver/Src/stm32f7xx_hal_uart.o
                0x00000000080024c0                HAL_UART_Transmit
 .text.UART_CheckIdleState
                0x000000000800259a       0x44 ./Drivers/STM32F7xx_HAL_Driver/Src/stm32f7xx_hal_uart.o
                0x000000000800259a                UART_CheckIdleState
 .text.HAL_UART_Init
                0x00000000080025de       0x62 ./Drivers/STM32F7xx_HAL_Driver/Src/stm32f7xx_hal_uart.o
                0x00000000080025de                HAL_UART_Init
 .text._ZN14StateMachine01D2Ev
                0x0000000008002640       0x24 ./app/statemachine01.o
                0x0000000008002640                StateMachine01::~StateMachine01()
                0x0000000008002640                StateMachine01::~StateMachine01()
 .text._ZN14StateMachine01D0Ev
                0x0000000008002664       0x14 ./app/statemachine01.o
                0x0000000008002664                StateMachine01::~StateMachine01()
 .text._ZNSt7__cxx1112basic_stringIcSt11char_traitsIcESaIcEE12_M_constructIPcEEvT_S7_St20forward_iterator_tag
                0x0000000008002678       0x58 ./app/statemachine01.o
                0x0000000008002678                void std::__cxx11::basic_string<char, std::char_traits<char>, std::allocator<char> >::_M_construct<char*>(char*, char*, std::forward_iterator_tag)
 .text._ZN14StateMachine01C2EiNSt7__cxx1112basic_stringIcSt11char_traitsIcESaIcEEE
                0x00000000080026d0       0x38 ./app/statemachine01.o
                0x00000000080026d0                StateMachine01::StateMachine01(int, std::__cxx11::basic_string<char, std::char_traits<char>, std::allocator<char> >)
                0x00000000080026d0                StateMachine01::StateMachine01(int, std::__cxx11::basic_string<char, std::char_traits<char>, std::allocator<char> >)
 .text._ZN14StateMachine0112processEventEv
                0x0000000008002708       0xb6 ./app/statemachine01.o
                0x0000000008002708                StateMachine01::processEvent()
 .text.Factory_initialize
                0x00000000080027be        0x2 ./app/testfactory01.o
                0x00000000080027be                Factory_initialize
 .text._ZN13TestFactory015buildEv
                0x00000000080027c0       0x2c ./app/testfactory01.o
                0x00000000080027c0                TestFactory01::build()
 .text.Factory_build
                0x00000000080027ec        0x8 ./app/testfactory01.o
                0x00000000080027ec                Factory_build
 .text._Z41__static_initialization_and_destruction_0ii
                0x00000000080027f4       0x8c ./app/testfactory01.o
 .text._GLOBAL__sub_I_Factory_initialize
                0x0000000008002880        0xe ./app/testfactory01.o
 .text._GLOBAL__sub_D_Factory_initialize
                0x000000000800288e        0xe ./app/testfactory01.o
 .text._ZL10traceMutexv
                0x000000000800289c        0xc ./platform/f7-disco-gcc/board/trace.o
 .text._ZL14traceMutexLockv
                0x00000000080028a8        0xe ./platform/f7-disco-gcc/board/trace.o
 .text._ZL16traceMutexUnlockv
                0x00000000080028b6        0xe ./platform/f7-disco-gcc/board/trace.o
 .text._ZL17checkStringEndingPcm
                0x00000000080028c4       0x44 ./platform/f7-disco-gcc/board/trace.o
 .text._ZN5Trace3outENSt7__cxx1112basic_stringIcSt11char_traitsIcESaIcEEE
                0x0000000008002908       0xa8 ./platform/f7-disco-gcc/board/trace.o
                0x0000000008002908                Trace::out(std::__cxx11::basic_string<char, std::char_traits<char>, std::allocator<char> >)
 .text._ZN5Trace3outEPKcz
                0x00000000080029b0       0x4c ./platform/f7-disco-gcc/board/trace.o
                0x00000000080029b0                Trace::out(char const*, ...)
 .text._Z41__static_initialization_and_destruction_0ii
                0x00000000080029fc       0x4c ./platform/f7-disco-gcc/board/trace.o
 .text._GLOBAL__sub_I_trace_initialize
                0x0000000008002a48        0xe ./platform/f7-disco-gcc/board/trace.o
 .text._GLOBAL__sub_D_trace_initialize
                0x0000000008002a56        0xe ./platform/f7-disco-gcc/board/trace.o
 .text._Z5inISRv
                0x0000000008002a64        0xc ./platform/f7-disco-gcc/mcu/critical/critical.o
                0x0000000008002a64                inISR()
 .text._Z13enterCriticalv
                0x0000000008002a70       0x20 ./platform/f7-disco-gcc/mcu/critical/critical.o
                0x0000000008002a70                enterCritical()
 .text._Z12exitCriticalv
                0x0000000008002a90       0x1c ./platform/f7-disco-gcc/mcu/critical/critical.o
                0x0000000008002a90                exitCritical()
 .text._ZN4UartD2Ev
                0x0000000008002aac        0x2 ./platform/f7-disco-gcc/mcu/hal/uart.o
                0x0000000008002aac                Uart::~Uart()
                0x0000000008002aac                Uart::~Uart()
 .text._ZN4UartD0Ev
                0x0000000008002aae        0xe ./platform/f7-disco-gcc/mcu/hal/uart.o
                0x0000000008002aae                Uart::~Uart()
 .text._ZN4UartC2EhP20__UART_HandleTypeDefb
                0x0000000008002abc       0x58 ./platform/f7-disco-gcc/mcu/hal/uart.o
                0x0000000008002abc                Uart::Uart(unsigned char, __UART_HandleTypeDef*, bool)
                0x0000000008002abc                Uart::Uart(unsigned char, __UART_HandleTypeDef*, bool)
 .text._ZN4Uart13writeUsingDMAEPKhm
                0x0000000008002b14       0x40 ./platform/f7-disco-gcc/mcu/hal/uart.o
                0x0000000008002b14                Uart::writeUsingDMA(unsigned char const*, unsigned long)
 .text._ZN4Uart5writeEPKcj
                0x0000000008002b54       0x2e ./platform/f7-disco-gcc/mcu/hal/uart.o
                0x0000000008002b54                Uart::write(char const*, unsigned int)
 *fill*         0x0000000008002b82        0x2 
 .text.Reset_Handler
                0x0000000008002b84       0x50 ./startup/startup_stm32f746xx.o
                0x0000000008002b84                Reset_Handler
 .text.Default_Handler
                0x0000000008002bd4        0x2 ./startup/startup_stm32f746xx.o
                0x0000000008002bd4                RTC_Alarm_IRQHandler
                0x0000000008002bd4                EXTI2_IRQHandler
                0x0000000008002bd4                TIM8_CC_IRQHandler
                0x0000000008002bd4                UART8_IRQHandler
                0x0000000008002bd4                SPI4_IRQHandler
                0x0000000008002bd4                TIM1_CC_IRQHandler
                0x0000000008002bd4                DMA2_Stream5_IRQHandler
                0x0000000008002bd4                DMA1_Stream5_IRQHandler
                0x0000000008002bd4                PVD_IRQHandler
                0x0000000008002bd4                TAMP_STAMP_IRQHandler
                0x0000000008002bd4                CAN2_RX1_IRQHandler
                0x0000000008002bd4                EXTI3_IRQHandler
                0x0000000008002bd4                TIM8_TRG_COM_TIM14_IRQHandler
                0x0000000008002bd4                TIM1_UP_TIM10_IRQHandler
                0x0000000008002bd4                TIM8_UP_TIM13_IRQHandler
                0x0000000008002bd4                I2C3_ER_IRQHandler
                0x0000000008002bd4                EXTI0_IRQHandler
                0x0000000008002bd4                I2C2_EV_IRQHandler
                0x0000000008002bd4                DMA1_Stream2_IRQHandler
                0x0000000008002bd4                CAN1_RX0_IRQHandler
                0x0000000008002bd4                FPU_IRQHandler
                0x0000000008002bd4                OTG_HS_WKUP_IRQHandler
                0x0000000008002bd4                LTDC_ER_IRQHandler
                0x0000000008002bd4                CAN2_SCE_IRQHandler
                0x0000000008002bd4                DMA2_Stream2_IRQHandler
                0x0000000008002bd4                SPI1_IRQHandler
                0x0000000008002bd4                TIM6_DAC_IRQHandler
                0x0000000008002bd4                TIM1_BRK_TIM9_IRQHandler
                0x0000000008002bd4                DCMI_IRQHandler
                0x0000000008002bd4                CAN2_RX0_IRQHandler
                0x0000000008002bd4                DMA2_Stream3_IRQHandler
                0x0000000008002bd4                SAI2_IRQHandler
                0x0000000008002bd4                USART6_IRQHandler
                0x0000000008002bd4                USART3_IRQHandler
                0x0000000008002bd4                CAN1_RX1_IRQHandler
                0x0000000008002bd4                UART5_IRQHandler
                0x0000000008002bd4                DMA2_Stream0_IRQHandler
                0x0000000008002bd4                TIM4_IRQHandler
                0x0000000008002bd4                QUADSPI_IRQHandler
                0x0000000008002bd4                I2C1_EV_IRQHandler
                0x0000000008002bd4                DMA1_Stream6_IRQHandler
                0x0000000008002bd4                DMA1_Stream1_IRQHandler
                0x0000000008002bd4                UART4_IRQHandler
                0x0000000008002bd4                TIM3_IRQHandler
                0x0000000008002bd4                RCC_IRQHandler
                0x0000000008002bd4                TIM8_BRK_TIM12_IRQHandler
                0x0000000008002bd4                Default_Handler
                0x0000000008002bd4                CEC_IRQHandler
                0x0000000008002bd4                EXTI15_10_IRQHandler
                0x0000000008002bd4                ADC_IRQHandler
                0x0000000008002bd4                DMA1_Stream7_IRQHandler
                0x0000000008002bd4                SPI5_IRQHandler
                0x0000000008002bd4                TIM7_IRQHandler
                0x0000000008002bd4                SDMMC1_IRQHandler
                0x0000000008002bd4                CAN2_TX_IRQHandler
                0x0000000008002bd4                TIM5_IRQHandler
                0x0000000008002bd4                DMA2_Stream7_IRQHandler
                0x0000000008002bd4                I2C3_EV_IRQHandler
                0x0000000008002bd4                EXTI9_5_IRQHandler
                0x0000000008002bd4                RTC_WKUP_IRQHandler
                0x0000000008002bd4                LTDC_IRQHandler
                0x0000000008002bd4                ETH_WKUP_IRQHandler
                0x0000000008002bd4                SPDIF_RX_IRQHandler
                0x0000000008002bd4                SPI2_IRQHandler
                0x0000000008002bd4                OTG_HS_EP1_IN_IRQHandler
                0x0000000008002bd4                DMA1_Stream0_IRQHandler
                0x0000000008002bd4                CAN1_TX_IRQHandler
                0x0000000008002bd4                EXTI4_IRQHandler
                0x0000000008002bd4                RNG_IRQHandler
                0x0000000008002bd4                ETH_IRQHandler
                0x0000000008002bd4                OTG_HS_EP1_OUT_IRQHandler
                0x0000000008002bd4                WWDG_IRQHandler
                0x0000000008002bd4                SPI6_IRQHandler
                0x0000000008002bd4                I2C4_EV_IRQHandler
                0x0000000008002bd4                TIM2_IRQHandler
                0x0000000008002bd4                OTG_FS_WKUP_IRQHandler
                0x0000000008002bd4                TIM1_TRG_COM_TIM11_IRQHandler
                0x0000000008002bd4                OTG_HS_IRQHandler
                0x0000000008002bd4                DMA2D_IRQHandler
                0x0000000008002bd4                EXTI1_IRQHandler
                0x0000000008002bd4                UART7_IRQHandler
                0x0000000008002bd4                USART2_IRQHandler
                0x0000000008002bd4                I2C2_ER_IRQHandler
                0x0000000008002bd4                DMA2_Stream1_IRQHandler
                0x0000000008002bd4                CAN1_SCE_IRQHandler
                0x0000000008002bd4                FLASH_IRQHandler
                0x0000000008002bd4                DMA2_Stream4_IRQHandler
                0x0000000008002bd4                USART1_IRQHandler
                0x0000000008002bd4                OTG_FS_IRQHandler
                0x0000000008002bd4                SPI3_IRQHandler
                0x0000000008002bd4                DMA1_Stream4_IRQHandler
                0x0000000008002bd4                I2C1_ER_IRQHandler
                0x0000000008002bd4                FMC_IRQHandler
                0x0000000008002bd4                LPTIM1_IRQHandler
                0x0000000008002bd4                I2C4_ER_IRQHandler
                0x0000000008002bd4                DMA2_Stream6_IRQHandler
                0x0000000008002bd4                SAI1_IRQHandler
                0x0000000008002bd4                DMA1_Stream3_IRQHandler
 .text._ZNK10XFBehavior17deleteOnTerminateEv
                0x0000000008002bd6        0x4 ./xf/core/behavior.o
                0x0000000008002bd6                XFBehavior::deleteOnTerminate() const
 .text._ZN10XFBehavior20setDeleteOnTerminateEb
                0x0000000008002bda        0x4 ./xf/core/behavior.o
                0x0000000008002bda                XFBehavior::setDeleteOnTerminate(bool)
 .text._ZN10XFBehavior13startBehaviorEv
                0x0000000008002bde       0x1e ./xf/core/behavior.o
                0x0000000008002bde                XFBehavior::startBehavior()
 .text._ZN10XFBehavior9pushEventEP7XFEventb
                0x0000000008002bfc       0x18 ./xf/core/behavior.o
                0x0000000008002bfc                XFBehavior::pushEvent(XFEvent*, bool)
 .text._ZN10XFBehaviorC2Ev
                0x0000000008002c14        0xc ./xf/core/behavior.o
                0x0000000008002c14                XFBehavior::XFBehavior()
                0x0000000008002c14                XFBehavior::XFBehavior()
 .text._ZN10XFBehaviorD2Ev
                0x0000000008002c20        0x2 ./xf/core/behavior.o
                0x0000000008002c20                XFBehavior::~XFBehavior()
                0x0000000008002c20                XFBehavior::~XFBehavior()
 .text._ZNK10XFBehavior15getCurrentEventEv
                0x0000000008002c22        0x4 ./xf/core/behavior.o
                0x0000000008002c22                XFBehavior::getCurrentEvent() const
 .text._ZN10XFBehavior13getDispatcherEv
                0x0000000008002c26        0x8 ./xf/core/behavior.o
                0x0000000008002c26                XFBehavior::getDispatcher()
 .text._ZN10XFBehavior17getCurrentTimeoutEv
                0x0000000008002c2e        0x4 ./xf/core/behavior.o
                0x0000000008002c2e                XFBehavior::getCurrentTimeout()
 .text._ZN10XFBehavior15setCurrentEventEPK7XFEvent
                0x0000000008002c32        0x4 ./xf/core/behavior.o
                0x0000000008002c32                XFBehavior::setCurrentEvent(XFEvent const*)
 .text._ZN10XFBehavior7processEPK7XFEvent
                0x0000000008002c36       0x44 ./xf/core/behavior.o
                0x0000000008002c36                XFBehavior::process(XFEvent const*)
 .text._ZNK19XFDefaultTransition18deleteAfterConsumeEv
                0x0000000008002c7a        0x4 ./xf/core/defaulttransition.o
                0x0000000008002c7a                XFDefaultTransition::deleteAfterConsume() const
 .text._ZN19XFDefaultTransitionD2Ev
                0x0000000008002c7e        0x2 ./xf/core/defaulttransition.o
                0x0000000008002c7e                XFDefaultTransition::~XFDefaultTransition()
                0x0000000008002c7e                XFDefaultTransition::~XFDefaultTransition()
 .text._ZN19XFDefaultTransitionD0Ev
                0x0000000008002c80        0xe ./xf/core/defaulttransition.o
                0x0000000008002c80                XFDefaultTransition::~XFDefaultTransition()
 *fill*         0x0000000008002c8e        0x2 
 .text._ZN19XFDefaultTransitionC2EPN9interface10XFBehaviorE
                0x0000000008002c90       0x14 ./xf/core/defaulttransition.o
                0x0000000008002c90                XFDefaultTransition::XFDefaultTransition(interface::XFBehavior*)
                0x0000000008002c90                XFDefaultTransition::XFDefaultTransition(interface::XFBehavior*)
 .text._ZNK14XFInitialEvent18deleteAfterConsumeEv
                0x0000000008002ca4        0x4 ./xf/core/initialevent.o
                0x0000000008002ca4                XFInitialEvent::deleteAfterConsume() const
 .text._ZN14XFInitialEventD2Ev
                0x0000000008002ca8        0x2 ./xf/core/initialevent.o
                0x0000000008002ca8                XFInitialEvent::~XFInitialEvent()
                0x0000000008002ca8                XFInitialEvent::~XFInitialEvent()
 .text._ZN14XFInitialEventD0Ev
                0x0000000008002caa        0xe ./xf/core/initialevent.o
                0x0000000008002caa                XFInitialEvent::~XFInitialEvent()
 .text._ZN14XFInitialEventC2Ev
                0x0000000008002cb8       0x14 ./xf/core/initialevent.o
                0x0000000008002cb8                XFInitialEvent::XFInitialEvent()
                0x0000000008002cb8                XFInitialEvent::XFInitialEvent()
 .text._ZNK9XFTimeout18deleteAfterConsumeEv
                0x0000000008002ccc        0x4 ./xf/core/timeout.o
                0x0000000008002ccc                XFTimeout::deleteAfterConsume() const
 .text._ZN9XFTimeoutD2Ev
                0x0000000008002cd0        0x2 ./xf/core/timeout.o
                0x0000000008002cd0                XFTimeout::~XFTimeout()
                0x0000000008002cd0                XFTimeout::~XFTimeout()
 .text._ZN9XFTimeoutD0Ev
                0x0000000008002cd2        0xe ./xf/core/timeout.o
                0x0000000008002cd2                XFTimeout::~XFTimeout()
 .text._ZN9XFTimeoutC2EiiPN9interface10XFBehaviorE
                0x0000000008002ce0       0x1c ./xf/core/timeout.o
                0x0000000008002ce0                XFTimeout::XFTimeout(int, int, interface::XFBehavior*)
                0x0000000008002ce0                XFTimeout::XFTimeout(int, int, interface::XFBehavior*)
 .text._ZN12XFDispatcher7executeEPKv
                0x0000000008002cfc        0xe ./xf/port/common/dispatcher.o
                0x0000000008002cfc                XFDispatcher::execute(void const*)
 .text._ZNK12XFDispatcher13dispatchEventEPK7XFEvent
                0x0000000008002d0a       0x1a ./xf/port/common/dispatcher.o
                0x0000000008002d0a                XFDispatcher::dispatchEvent(XFEvent const*) const
 .text._ZN12XFDispatcher15scheduleTimeoutEiiPN9interface10XFBehaviorE
                0x0000000008002d24       0x1a ./xf/port/common/dispatcher.o
                0x0000000008002d24                XFDispatcher::scheduleTimeout(int, int, interface::XFBehavior*)
 .text._ZN12XFDispatcher17unscheduleTimeoutEiPN9interface10XFBehaviorE
                0x0000000008002d3e       0x16 ./xf/port/common/dispatcher.o
                0x0000000008002d3e                XFDispatcher::unscheduleTimeout(int, interface::XFBehavior*)
 .text._ZN12XFDispatcherC2Ev
                0x0000000008002d54       0x18 ./xf/port/common/dispatcher.o
                0x0000000008002d54                XFDispatcher::XFDispatcher()
                0x0000000008002d54                XFDispatcher::XFDispatcher()
 .text._ZN9interface12XFDispatcher11getInstanceEv
                0x0000000008002d6c       0x44 ./xf/port/common/dispatcher.o
                0x0000000008002d6c                interface::XFDispatcher::getInstance()
 .text._ZN12XFDispatcherD2Ev
                0x0000000008002db0       0x18 ./xf/port/common/dispatcher.o
                0x0000000008002db0                XFDispatcher::~XFDispatcher()
                0x0000000008002db0                XFDispatcher::~XFDispatcher()
 .text.__tcf_0  0x0000000008002dc8       0x10 ./xf/port/common/dispatcher.o
 .text._ZN12XFDispatcherD0Ev
                0x0000000008002dd8       0x14 ./xf/port/common/dispatcher.o
                0x0000000008002dd8                XFDispatcher::~XFDispatcher()
 .text._ZN12XFDispatcher9pushEventEP7XFEventb
                0x0000000008002dec        0xa ./xf/port/common/dispatcher.o
                0x0000000008002dec                XFDispatcher::pushEvent(XFEvent*, bool)
 .text._ZN12XFDispatcher11executeOnceEv
                0x0000000008002df6       0x28 ./xf/port/common/dispatcher.o
                0x0000000008002df6                XFDispatcher::executeOnce()
 .text._ZN9interface16XFTimeoutManager10initializeEl
                0x0000000008002e1e        0x4 ./xf/port/common/timeoutmanager.o
                0x0000000008002e1e                interface::XFTimeoutManager::initialize(long)
 .text._ZNK9interface16XFTimeoutManager15getTickIntervalEv
                0x0000000008002e22        0x4 ./xf/port/common/timeoutmanager.o
                0x0000000008002e22                interface::XFTimeoutManager::getTickInterval() const
 .text._ZN16XFTimeoutManager15scheduleTimeoutEllPN9interface10XFBehaviorE
                0x0000000008002e26       0x2c ./xf/port/common/timeoutmanager.o
                0x0000000008002e26                XFTimeoutManager::scheduleTimeout(long, long, interface::XFBehavior*)
 *fill*         0x0000000008002e52        0x2 
 .text._ZN16XFTimeoutManagerC2Ev
                0x0000000008002e54       0x24 ./xf/port/common/timeoutmanager.o
                0x0000000008002e54                XFTimeoutManager::XFTimeoutManager()
                0x0000000008002e54                XFTimeoutManager::XFTimeoutManager()
 .text._ZN9interface16XFTimeoutManager11getInstanceEv
                0x0000000008002e78       0x44 ./xf/port/common/timeoutmanager.o
                0x0000000008002e78                interface::XFTimeoutManager::getInstance()
 .text._ZN16XFTimeoutManager13returnTimeoutEP9XFTimeout
                0x0000000008002ebc        0xe ./xf/port/common/timeoutmanager.o
                0x0000000008002ebc                XFTimeoutManager::returnTimeout(XFTimeout*)
 .text._ZN16XFTimeoutManager4tickEv
                0x0000000008002eca       0x54 ./xf/port/common/timeoutmanager.o
                0x0000000008002eca                XFTimeoutManager::tick()
 .text._ZNKSt8functionIFvmEEclEm
                0x0000000008002f1e       0x1a ./xf/port/common/timeoutmanager.o
                0x0000000008002f1e                std::function<void (unsigned long)>::operator()(unsigned long) const
 .text._ZN16XFTimeoutManager5startESt8functionIFvmEE
                0x0000000008002f38       0x14 ./xf/port/common/timeoutmanager.o
                0x0000000008002f38                XFTimeoutManager::start(std::function<void (unsigned long)>)
 .text._ZNSt7__cxx114listIP9XFTimeoutSaIS2_EE5eraseESt20_List_const_iteratorIS2_E
                0x0000000008002f4c       0x1c ./xf/port/common/timeoutmanager.o
                0x0000000008002f4c                std::__cxx11::list<XFTimeout*, std::allocator<XFTimeout*> >::erase(std::_List_const_iterator<XFTimeout*>)
 .text._ZN16XFTimeoutManager17unscheduleTimeoutElPN9interface10XFBehaviorE
                0x0000000008002f68       0x66 ./xf/port/common/timeoutmanager.o
                0x0000000008002f68                XFTimeoutManager::unscheduleTimeout(long, interface::XFBehavior*)
 .text._ZNSt7__cxx114listIP9XFTimeoutSaIS2_EE6insertESt20_List_const_iteratorIS2_ERKS2_
                0x0000000008002fce       0x24 ./xf/port/common/timeoutmanager.o
                0x0000000008002fce                std::__cxx11::list<XFTimeout*, std::allocator<XFTimeout*> >::insert(std::_List_const_iterator<XFTimeout*>, XFTimeout* const&)
 .text._ZN16XFTimeoutManager10addTimeoutEP9XFTimeout
                0x0000000008002ff2       0x7e ./xf/port/common/timeoutmanager.o
                0x0000000008002ff2                XFTimeoutManager::addTimeout(XFTimeout*)
 .text._ZNSt7__cxx1110_List_baseIP9XFTimeoutSaIS2_EE8_M_clearEv
                0x0000000008003070       0x16 ./xf/port/common/timeoutmanager.o
                0x0000000008003070                std::__cxx11::_List_base<XFTimeout*, std::allocator<XFTimeout*> >::_M_clear()
 *fill*         0x0000000008003086        0x2 
 .text._ZN16XFTimeoutManagerD2Ev
                0x0000000008003088       0x18 ./xf/port/common/timeoutmanager.o
                0x0000000008003088                XFTimeoutManager::~XFTimeoutManager()
                0x0000000008003088                XFTimeoutManager::~XFTimeoutManager()
 .text.__tcf_0  0x00000000080030a0       0x10 ./xf/port/common/timeoutmanager.o
 .text._ZN16XFTimeoutManagerD0Ev
                0x00000000080030b0       0x14 ./xf/port/common/timeoutmanager.o
                0x00000000080030b0                XFTimeoutManager::~XFTimeoutManager()
 .text.XF_tick  0x00000000080030c4       0x28 ./xf/port/idf-stm32/c-wrapper-functions.o
                0x00000000080030c4                XF_tick
 .text.XF_tickIntervalInMilliseconds
                0x00000000080030ec        0xe ./xf/port/idf-stm32/c-wrapper-functions.o
                0x00000000080030ec                XF_tickIntervalInMilliseconds
 .text._ZNK12XFEventQueue5emptyEv
                0x00000000080030fa        0xe ./xf/port/idf-stm32/eventqueue.o
                0x00000000080030fa                XFEventQueue::empty() const
 .text._ZN12XFEventQueue5frontEv
                0x0000000008003108        0x6 ./xf/port/idf-stm32/eventqueue.o
                0x0000000008003108                XFEventQueue::front()
 .text._ZN12XFEventQueue4pendEv
                0x000000000800310e        0xc ./xf/port/idf-stm32/eventqueue.o
                0x000000000800310e                XFEventQueue::pend()
 .text._ZNSt11_Deque_baseIPK7XFEventSaIS2_EE16_M_destroy_nodesEPPS2_S6_
                0x000000000800311a       0x16 ./xf/port/idf-stm32/eventqueue.o
                0x000000000800311a                std::_Deque_base<XFEvent const*, std::allocator<XFEvent const*> >::_M_destroy_nodes(XFEvent const***, XFEvent const***)
 .text._ZNSt11_Deque_baseIPK7XFEventSaIS2_EED2Ev
                0x0000000008003130       0x1c ./xf/port/idf-stm32/eventqueue.o
                0x0000000008003130                std::_Deque_base<XFEvent const*, std::allocator<XFEvent const*> >::~_Deque_base()
                0x0000000008003130                std::_Deque_base<XFEvent const*, std::allocator<XFEvent const*> >::~_Deque_base()
 .text._ZN12XFEventQueueD2Ev
                0x000000000800314c       0x18 ./xf/port/idf-stm32/eventqueue.o
                0x000000000800314c                XFEventQueue::~XFEventQueue()
                0x000000000800314c                XFEventQueue::~XFEventQueue()
 .text._ZN12XFEventQueueD0Ev
                0x0000000008003164       0x14 ./xf/port/idf-stm32/eventqueue.o
                0x0000000008003164                XFEventQueue::~XFEventQueue()
 .text._ZNSt5dequeIPK7XFEventSaIS2_EE16_M_pop_front_auxEv
                0x0000000008003178       0x1e ./xf/port/idf-stm32/eventqueue.o
                0x0000000008003178                std::deque<XFEvent const*, std::allocator<XFEvent const*> >::_M_pop_front_aux()
 .text._ZN12XFEventQueue3popEv
                0x0000000008003196       0x1e ./xf/port/idf-stm32/eventqueue.o
                0x0000000008003196                XFEventQueue::pop()
 .text._ZNSt11_Deque_baseIPK7XFEventSaIS2_EE15_M_create_nodesEPPS2_S6_
                0x00000000080031b4       0x1a ./xf/port/idf-stm32/eventqueue.o
                0x00000000080031b4                std::_Deque_base<XFEvent const*, std::allocator<XFEvent const*> >::_M_create_nodes(XFEvent const***, XFEvent const***)
 .text._ZNSt11_Deque_baseIPK7XFEventSaIS2_EE17_M_initialize_mapEj
                0x00000000080031ce       0x82 ./xf/port/idf-stm32/eventqueue.o
                0x00000000080031ce                std::_Deque_base<XFEvent const*, std::allocator<XFEvent const*> >::_M_initialize_map(unsigned int)
 .text._ZN12XFEventQueueC2Ev
                0x0000000008003250       0x34 ./xf/port/idf-stm32/eventqueue.o
                0x0000000008003250                XFEventQueue::XFEventQueue()
                0x0000000008003250                XFEventQueue::XFEventQueue()
 .text._ZNSt5dequeIPK7XFEventSaIS2_EE17_M_reallocate_mapEjb
                0x0000000008003284       0xe6 ./xf/port/idf-stm32/eventqueue.o
                0x0000000008003284                std::deque<XFEvent const*, std::allocator<XFEvent const*> >::_M_reallocate_map(unsigned int, bool)
 *fill*         0x000000000800336a        0x2 
 .text._ZNSt5dequeIPK7XFEventSaIS2_EE16_M_push_back_auxIJRKS2_EEEvDpOT_
                0x000000000800336c       0x78 ./xf/port/idf-stm32/eventqueue.o
                0x000000000800336c                void std::deque<XFEvent const*, std::allocator<XFEvent const*> >::_M_push_back_aux<XFEvent const* const&>(XFEvent const* const&)
 .text._ZN12XFEventQueue4pushEPK7XFEventb
                0x00000000080033e4       0x44 ./xf/port/idf-stm32/eventqueue.o
                0x00000000080033e4                XFEventQueue::push(XFEvent const*, bool)
 .text._ZN7XFMutex7tryLockEl
                0x0000000008003428        0x4 ./xf/port/idf-stm32/mutex.o
                0x0000000008003428                XFMutex::tryLock(long)
 .text._ZN7XFMutexD2Ev
                0x000000000800342c        0x2 ./xf/port/idf-stm32/mutex.o
                0x000000000800342c                XFMutex::~XFMutex()
                0x000000000800342c                XFMutex::~XFMutex()
 .text._ZN7XFMutex4lockEv
                0x000000000800342e        0x8 ./xf/port/idf-stm32/mutex.o
                0x000000000800342e                XFMutex::lock()
 .text._ZN7XFMutex6unlockEv
                0x0000000008003436        0x8 ./xf/port/idf-stm32/mutex.o
                0x0000000008003436                XFMutex::unlock()
 .text._ZN7XFMutexD0Ev
                0x000000000800343e        0xe ./xf/port/idf-stm32/mutex.o
                0x000000000800343e                XFMutex::~XFMutex()
 .text._ZN9interface7XFMutex6createEv
                0x000000000800344c       0x14 ./xf/port/idf-stm32/mutex.o
                0x000000000800344c                interface::XFMutex::create()
 .text._ZN2XF10initializeEiiPPc
                0x0000000008003460       0x44 ./xf/port/idf-stm32/xf.o
                0x0000000008003460                XF::initialize(int, int, char**)
 .text.XF_initialize
                0x00000000080034a4        0xc ./xf/port/idf-stm32/xf.o
                0x00000000080034a4                XF_initialize
 .text._ZN2XF8execOnceEv
                0x00000000080034b0       0x1c ./xf/port/idf-stm32/xf.o
                0x00000000080034b0                XF::execOnce()
 .text.XF_execOnce
                0x00000000080034cc        0x8 ./xf/port/idf-stm32/xf.o
                0x00000000080034cc                XF_execOnce
 .text._ZN2XF9isRunningEv
                0x00000000080034d4        0xc ./xf/port/idf-stm32/xf.o
                0x00000000080034d4                XF::isRunning()
 .text._ZdlPv   0x00000000080034e0        0x4 c:/st/stm32cubeide_1.7.0/stm32cubeide/plugins/com.st.stm32cube.ide.mcu.externaltools.gnu-tools-for-stm32.9-2020-q2-update.win32_2.0.0.202105311346/tools/bin/../lib/gcc/arm-none-eabi/9.3.1/../../../../arm-none-eabi/lib/thumb/v7e-m+fp/hard\libstdc++_nano.a(del_op.o)
                0x00000000080034e0                operator delete(void*)
 .text._ZdlPvj  0x00000000080034e4        0x4 c:/st/stm32cubeide_1.7.0/stm32cubeide/plugins/com.st.stm32cube.ide.mcu.externaltools.gnu-tools-for-stm32.9-2020-q2-update.win32_2.0.0.202105311346/tools/bin/../lib/gcc/arm-none-eabi/9.3.1/../../../../arm-none-eabi/lib/thumb/v7e-m+fp/hard\libstdc++_nano.a(del_ops.o)
                0x00000000080034e4                operator delete(void*, unsigned int)
 .text.__cxa_guard_acquire
                0x00000000080034e8       0x18 c:/st/stm32cubeide_1.7.0/stm32cubeide/plugins/com.st.stm32cube.ide.mcu.externaltools.gnu-tools-for-stm32.9-2020-q2-update.win32_2.0.0.202105311346/tools/bin/../lib/gcc/arm-none-eabi/9.3.1/../../../../arm-none-eabi/lib/thumb/v7e-m+fp/hard\libstdc++_nano.a(guard.o)
                0x00000000080034e8                __cxa_guard_acquire
 .text.__cxa_guard_release
                0x0000000008003500        0x6 c:/st/stm32cubeide_1.7.0/stm32cubeide/plugins/com.st.stm32cube.ide.mcu.externaltools.gnu-tools-for-stm32.9-2020-q2-update.win32_2.0.0.202105311346/tools/bin/../lib/gcc/arm-none-eabi/9.3.1/../../../../arm-none-eabi/lib/thumb/v7e-m+fp/hard\libstdc++_nano.a(guard.o)
                0x0000000008003500                __cxa_guard_release
 .text._Znwj    0x0000000008003506       0x22 c:/st/stm32cubeide_1.7.0/stm32cubeide/plugins/com.st.stm32cube.ide.mcu.externaltools.gnu-tools-for-stm32.9-2020-q2-update.win32_2.0.0.202105311346/tools/bin/../lib/gcc/arm-none-eabi/9.3.1/../../../../arm-none-eabi/lib/thumb/v7e-m+fp/hard\libstdc++_nano.a(new_op.o)
                0x0000000008003506                operator new(unsigned int)
 .text.__cxa_pure_virtual
                0x0000000008003528        0x6 c:/st/stm32cubeide_1.7.0/stm32cubeide/plugins/com.st.stm32cube.ide.mcu.externaltools.gnu-tools-for-stm32.9-2020-q2-update.win32_2.0.0.202105311346/tools/bin/../lib/gcc/arm-none-eabi/9.3.1/../../../../arm-none-eabi/lib/thumb/v7e-m+fp/hard\libstdc++_nano.a(pure.o)
                0x0000000008003528                __cxa_pure_virtual
 .text._ZNSt8__detail15_List_node_base7_M_hookEPS0_
                0x000000000800352e        0xe c:/st/stm32cubeide_1.7.0/stm32cubeide/plugins/com.st.stm32cube.ide.mcu.externaltools.gnu-tools-for-stm32.9-2020-q2-update.win32_2.0.0.202105311346/tools/bin/../lib/gcc/arm-none-eabi/9.3.1/../../../../arm-none-eabi/lib/thumb/v7e-m+fp/hard\libstdc++_nano.a(list.o)
                0x000000000800352e                std::__detail::_List_node_base::_M_hook(std::__detail::_List_node_base*)
 .text._ZNSt8__detail15_List_node_base9_M_unhookEv
                0x000000000800353c        0xa c:/st/stm32cubeide_1.7.0/stm32cubeide/plugins/com.st.stm32cube.ide.mcu.externaltools.gnu-tools-for-stm32.9-2020-q2-update.win32_2.0.0.202105311346/tools/bin/../lib/gcc/arm-none-eabi/9.3.1/../../../../arm-none-eabi/lib/thumb/v7e-m+fp/hard\libstdc++_nano.a(list.o)
                0x000000000800353c                std::__detail::_List_node_base::_M_unhook()
 .text.unlikely._ZSt17__throw_bad_allocv
                0x0000000008003546        0x6 c:/st/stm32cubeide_1.7.0/stm32cubeide/plugins/com.st.stm32cube.ide.mcu.externaltools.gnu-tools-for-stm32.9-2020-q2-update.win32_2.0.0.202105311346/tools/bin/../lib/gcc/arm-none-eabi/9.3.1/../../../../arm-none-eabi/lib/thumb/v7e-m+fp/hard\libstdc++_nano.a(functexcept.o)
                0x0000000008003546                std::__throw_bad_alloc()
 .text.unlikely._ZSt19__throw_logic_errorPKc
                0x000000000800354c        0x6 c:/st/stm32cubeide_1.7.0/stm32cubeide/plugins/com.st.stm32cube.ide.mcu.externaltools.gnu-tools-for-stm32.9-2020-q2-update.win32_2.0.0.202105311346/tools/bin/../lib/gcc/arm-none-eabi/9.3.1/../../../../arm-none-eabi/lib/thumb/v7e-m+fp/hard\libstdc++_nano.a(functexcept.o)
                0x000000000800354c                std::__throw_logic_error(char const*)
 .text.unlikely._ZSt20__throw_length_errorPKc
                0x0000000008003552        0x6 c:/st/stm32cubeide_1.7.0/stm32cubeide/plugins/com.st.stm32cube.ide.mcu.externaltools.gnu-tools-for-stm32.9-2020-q2-update.win32_2.0.0.202105311346/tools/bin/../lib/gcc/arm-none-eabi/9.3.1/../../../../arm-none-eabi/lib/thumb/v7e-m+fp/hard\libstdc++_nano.a(functexcept.o)
                0x0000000008003552                std::__throw_length_error(char const*)
 .text._ZSt24__throw_out_of_range_fmtPKcz
                0x0000000008003558       0x38 c:/st/stm32cubeide_1.7.0/stm32cubeide/plugins/com.st.stm32cube.ide.mcu.externaltools.gnu-tools-for-stm32.9-2020-q2-update.win32_2.0.0.202105311346/tools/bin/../lib/gcc/arm-none-eabi/9.3.1/../../../../arm-none-eabi/lib/thumb/v7e-m+fp/hard\libstdc++_nano.a(functexcept.o)
                0x0000000008003558                std::__throw_out_of_range_fmt(char const*, ...)
 .text.unlikely._ZSt25__throw_bad_function_callv
                0x0000000008003590        0x6 c:/st/stm32cubeide_1.7.0/stm32cubeide/plugins/com.st.stm32cube.ide.mcu.externaltools.gnu-tools-for-stm32.9-2020-q2-update.win32_2.0.0.202105311346/tools/bin/../lib/gcc/arm-none-eabi/9.3.1/../../../../arm-none-eabi/lib/thumb/v7e-m+fp/hard\libstdc++_nano.a(functional.o)
                0x0000000008003590                std::__throw_bad_function_call()
 *fill*         0x0000000008003596        0x2 
 .text._ZN9__gnu_cxx26__throw_insufficient_spaceEPKcS1_
                0x0000000008003598       0x4c c:/st/stm32cubeide_1.7.0/stm32cubeide/plugins/com.st.stm32cube.ide.mcu.externaltools.gnu-tools-for-stm32.9-2020-q2-update.win32_2.0.0.202105311346/tools/bin/../lib/gcc/arm-none-eabi/9.3.1/../../../../arm-none-eabi/lib/thumb/v7e-m+fp/hard\libstdc++_nano.a(snprintf_lite.o)
                0x0000000008003598                __gnu_cxx::__throw_insufficient_space(char const*, char const*)
 .text._ZN9__gnu_cxx15__concat_size_tEPcjj
                0x00000000080035e4       0x58 c:/st/stm32cubeide_1.7.0/stm32cubeide/plugins/com.st.stm32cube.ide.mcu.externaltools.gnu-tools-for-stm32.9-2020-q2-update.win32_2.0.0.202105311346/tools/bin/../lib/gcc/arm-none-eabi/9.3.1/../../../../arm-none-eabi/lib/thumb/v7e-m+fp/hard\libstdc++_nano.a(snprintf_lite.o)
                0x00000000080035e4                __gnu_cxx::__concat_size_t(char*, unsigned int, unsigned int)
 .text._ZN9__gnu_cxx15__snprintf_liteEPcjPKcSt9__va_list
                0x000000000800363c       0x82 c:/st/stm32cubeide_1.7.0/stm32cubeide/plugins/com.st.stm32cube.ide.mcu.externaltools.gnu-tools-for-stm32.9-2020-q2-update.win32_2.0.0.202105311346/tools/bin/../lib/gcc/arm-none-eabi/9.3.1/../../../../arm-none-eabi/lib/thumb/v7e-m+fp/hard\libstdc++_nano.a(snprintf_lite.o)
                0x000000000800363c                __gnu_cxx::__snprintf_lite(char*, unsigned int, char const*, std::__va_list)
 .text._ZNSt11char_traitsIcE4copyEPcPKcj
                0x00000000080036be        0x8 c:/st/stm32cubeide_1.7.0/stm32cubeide/plugins/com.st.stm32cube.ide.mcu.externaltools.gnu-tools-for-stm32.9-2020-q2-update.win32_2.0.0.202105311346/tools/bin/../lib/gcc/arm-none-eabi/9.3.1/../../../../arm-none-eabi/lib/thumb/v7e-m+fp/hard\libstdc++_nano.a(string-inst.o)
                0x00000000080036be                std::char_traits<char>::copy(char*, char const*, unsigned int)
 *fill*         0x00000000080036c6        0x2 
 .text._ZNSt7__cxx1112basic_stringIcSt11char_traitsIcESaIcEE9_M_createERjj
                0x00000000080036c8       0x44 c:/st/stm32cubeide_1.7.0/stm32cubeide/plugins/com.st.stm32cube.ide.mcu.externaltools.gnu-tools-for-stm32.9-2020-q2-update.win32_2.0.0.202105311346/tools/bin/../lib/gcc/arm-none-eabi/9.3.1/../../../../arm-none-eabi/lib/thumb/v7e-m+fp/hard\libstdc++_nano.a(string-inst.o)
                0x00000000080036c8                std::__cxx11::basic_string<char, std::char_traits<char>, std::allocator<char> >::_M_create(unsigned int&, unsigned int)
 .text._ZNSt7__cxx1112basic_stringIcSt11char_traitsIcESaIcEE10_M_disposeEv
                0x000000000800370c       0x10 c:/st/stm32cubeide_1.7.0/stm32cubeide/plugins/com.st.stm32cube.ide.mcu.externaltools.gnu-tools-for-stm32.9-2020-q2-update.win32_2.0.0.202105311346/tools/bin/../lib/gcc/arm-none-eabi/9.3.1/../../../../arm-none-eabi/lib/thumb/v7e-m+fp/hard\libstdc++_nano.a(string-inst.o)
                0x000000000800370c                std::__cxx11::basic_string<char, std::char_traits<char>, std::allocator<char> >::_M_dispose()
 .text._ZNKSt7__cxx1112basic_stringIcSt11char_traitsIcESaIcEE15_M_check_lengthEjjPKc
                0x000000000800371c       0x18 c:/st/stm32cubeide_1.7.0/stm32cubeide/plugins/com.st.stm32cube.ide.mcu.externaltools.gnu-tools-for-stm32.9-2020-q2-update.win32_2.0.0.202105311346/tools/bin/../lib/gcc/arm-none-eabi/9.3.1/../../../../arm-none-eabi/lib/thumb/v7e-m+fp/hard\libstdc++_nano.a(string-inst.o)
                0x000000000800371c                std::__cxx11::basic_string<char, std::char_traits<char>, std::allocator<char> >::_M_check_length(unsigned int, unsigned int, char const*) const
 .text._ZNKSt7__cxx1112basic_stringIcSt11char_traitsIcESaIcEE11_M_disjunctEPKc
                0x0000000008003734       0x18 c:/st/stm32cubeide_1.7.0/stm32cubeide/plugins/com.st.stm32cube.ide.mcu.externaltools.gnu-tools-for-stm32.9-2020-q2-update.win32_2.0.0.202105311346/tools/bin/../lib/gcc/arm-none-eabi/9.3.1/../../../../arm-none-eabi/lib/thumb/v7e-m+fp/hard\libstdc++_nano.a(string-inst.o)
                0x0000000008003734                std::__cxx11::basic_string<char, std::char_traits<char>, std::allocator<char> >::_M_disjunct(char const*) const
 .text._ZNSt7__cxx1112basic_stringIcSt11char_traitsIcESaIcEE7_S_copyEPcPKcj
                0x000000000800374c       0x12 c:/st/stm32cubeide_1.7.0/stm32cubeide/plugins/com.st.stm32cube.ide.mcu.externaltools.gnu-tools-for-stm32.9-2020-q2-update.win32_2.0.0.202105311346/tools/bin/../lib/gcc/arm-none-eabi/9.3.1/../../../../arm-none-eabi/lib/thumb/v7e-m+fp/hard\libstdc++_nano.a(string-inst.o)
                0x000000000800374c                std::__cxx11::basic_string<char, std::char_traits<char>, std::allocator<char> >::_S_copy(char*, char const*, unsigned int)
 .text._ZNSt7__cxx1112basic_stringIcSt11char_traitsIcESaIcEE7_S_moveEPcPKcj
                0x000000000800375e       0x18 c:/st/stm32cubeide_1.7.0/stm32cubeide/plugins/com.st.stm32cube.ide.mcu.externaltools.gnu-tools-for-stm32.9-2020-q2-update.win32_2.0.0.202105311346/tools/bin/../lib/gcc/arm-none-eabi/9.3.1/../../../../arm-none-eabi/lib/thumb/v7e-m+fp/hard\libstdc++_nano.a(string-inst.o)
                0x000000000800375e                std::__cxx11::basic_string<char, std::char_traits<char>, std::allocator<char> >::_S_move(char*, char const*, unsigned int)
 .text._ZNSt7__cxx1112basic_stringIcSt11char_traitsIcESaIcEE13_S_copy_charsEPcPKcS7_
                0x0000000008003776        0xa c:/st/stm32cubeide_1.7.0/stm32cubeide/plugins/com.st.stm32cube.ide.mcu.externaltools.gnu-tools-for-stm32.9-2020-q2-update.win32_2.0.0.202105311346/tools/bin/../lib/gcc/arm-none-eabi/9.3.1/../../../../arm-none-eabi/lib/thumb/v7e-m+fp/hard\libstdc++_nano.a(string-inst.o)
                0x0000000008003776                std::__cxx11::basic_string<char, std::char_traits<char>, std::allocator<char> >::_S_copy_chars(char*, char const*, char const*)
 .text._ZNSt7__cxx1112basic_stringIcSt11char_traitsIcESaIcEE9_M_mutateEjjPKcj
                0x0000000008003780       0x78 c:/st/stm32cubeide_1.7.0/stm32cubeide/plugins/com.st.stm32cube.ide.mcu.externaltools.gnu-tools-for-stm32.9-2020-q2-update.win32_2.0.0.202105311346/tools/bin/../lib/gcc/arm-none-eabi/9.3.1/../../../../arm-none-eabi/lib/thumb/v7e-m+fp/hard\libstdc++_nano.a(string-inst.o)
                0x0000000008003780                std::__cxx11::basic_string<char, std::char_traits<char>, std::allocator<char> >::_M_mutate(unsigned int, unsigned int, char const*, unsigned int)
 .text._ZNSt7__cxx1112basic_stringIcSt11char_traitsIcESaIcEE10_M_replaceEjjPKcj
                0x00000000080037f8       0xfc c:/st/stm32cubeide_1.7.0/stm32cubeide/plugins/com.st.stm32cube.ide.mcu.externaltools.gnu-tools-for-stm32.9-2020-q2-update.win32_2.0.0.202105311346/tools/bin/../lib/gcc/arm-none-eabi/9.3.1/../../../../arm-none-eabi/lib/thumb/v7e-m+fp/hard\libstdc++_nano.a(string-inst.o)
                0x00000000080037f8                std::__cxx11::basic_string<char, std::char_traits<char>, std::allocator<char> >::_M_replace(unsigned int, unsigned int, char const*, unsigned int)
 .text._ZNSt7__cxx1112basic_stringIcSt11char_traitsIcESaIcEE12_M_constructIPKcEEvT_S8_St20forward_iterator_tag
                0x00000000080038f4       0x48 c:/st/stm32cubeide_1.7.0/stm32cubeide/plugins/com.st.stm32cube.ide.mcu.externaltools.gnu-tools-for-stm32.9-2020-q2-update.win32_2.0.0.202105311346/tools/bin/../lib/gcc/arm-none-eabi/9.3.1/../../../../arm-none-eabi/lib/thumb/v7e-m+fp/hard\libstdc++_nano.a(string-inst.o)
                0x00000000080038f4                void std::__cxx11::basic_string<char, std::char_traits<char>, std::allocator<char> >::_M_construct<char const*>(char const*, char const*, std::forward_iterator_tag)
 .text._ZNSt7__cxx1112basic_stringIcSt11char_traitsIcESaIcEEC2EPKcRKS3_
                0x000000000800393c       0x2c c:/st/stm32cubeide_1.7.0/stm32cubeide/plugins/com.st.stm32cube.ide.mcu.externaltools.gnu-tools-for-stm32.9-2020-q2-update.win32_2.0.0.202105311346/tools/bin/../lib/gcc/arm-none-eabi/9.3.1/../../../../arm-none-eabi/lib/thumb/v7e-m+fp/hard\libstdc++_nano.a(string-inst.o)
                0x000000000800393c                std::__cxx11::basic_string<char, std::char_traits<char>, std::allocator<char> >::basic_string(char const*, std::allocator<char> const&)
                0x000000000800393c                std::__cxx11::basic_string<char, std::char_traits<char>, std::allocator<char> >::basic_string(char const*, std::allocator<char> const&)
 .text._ZN10__cxxabiv111__terminateEPFvvE
                0x0000000008003968        0x8 c:/st/stm32cubeide_1.7.0/stm32cubeide/plugins/com.st.stm32cube.ide.mcu.externaltools.gnu-tools-for-stm32.9-2020-q2-update.win32_2.0.0.202105311346/tools/bin/../lib/gcc/arm-none-eabi/9.3.1/../../../../arm-none-eabi/lib/thumb/v7e-m+fp/hard\libstdc++_nano.a(eh_terminate.o)
                0x0000000008003968                __cxxabiv1::__terminate(void (*)())
 .text._ZSt13get_terminatev
                0x0000000008003970       0x10 c:/st/stm32cubeide_1.7.0/stm32cubeide/plugins/com.st.stm32cube.ide.mcu.externaltools.gnu-tools-for-stm32.9-2020-q2-update.win32_2.0.0.202105311346/tools/bin/../lib/gcc/arm-none-eabi/9.3.1/../../../../arm-none-eabi/lib/thumb/v7e-m+fp/hard\libstdc++_nano.a(eh_terminate.o)
                0x0000000008003970                std::get_terminate()
 .text._ZSt9terminatev
                0x0000000008003980        0xa c:/st/stm32cubeide_1.7.0/stm32cubeide/plugins/com.st.stm32cube.ide.mcu.externaltools.gnu-tools-for-stm32.9-2020-q2-update.win32_2.0.0.202105311346/tools/bin/../lib/gcc/arm-none-eabi/9.3.1/../../../../arm-none-eabi/lib/thumb/v7e-m+fp/hard\libstdc++_nano.a(eh_terminate.o)
                0x0000000008003980                std::terminate()
 *fill*         0x000000000800398a        0x2 
 .text._ZSt15get_new_handlerv
                0x000000000800398c       0x10 c:/st/stm32cubeide_1.7.0/stm32cubeide/plugins/com.st.stm32cube.ide.mcu.externaltools.gnu-tools-for-stm32.9-2020-q2-update.win32_2.0.0.202105311346/tools/bin/../lib/gcc/arm-none-eabi/9.3.1/../../../../arm-none-eabi/lib/thumb/v7e-m+fp/hard\libstdc++_nano.a(new_handler.o)
                0x000000000800398c                std::get_new_handler()
 .text.abort    0x000000000800399c        0xe c:/st/stm32cubeide_1.7.0/stm32cubeide/plugins/com.st.stm32cube.ide.mcu.externaltools.gnu-tools-for-stm32.9-2020-q2-update.win32_2.0.0.202105311346/tools/bin/../lib/gcc/arm-none-eabi/9.3.1/../../../../arm-none-eabi/lib/thumb/v7e-m+fp/hard\libc_nano.a(lib_a-abort.o)
                0x000000000800399c                abort
 *fill*         0x00000000080039aa        0x2 
 .text.__assert_func
                0x00000000080039ac       0x3c c:/st/stm32cubeide_1.7.0/stm32cubeide/plugins/com.st.stm32cube.ide.mcu.externaltools.gnu-tools-for-stm32.9-2020-q2-update.win32_2.0.0.202105311346/tools/bin/../lib/gcc/arm-none-eabi/9.3.1/../../../../arm-none-eabi/lib/thumb/v7e-m+fp/hard\libc_nano.a(lib_a-assert.o)
                0x00000000080039ac                __assert_func
 .text.atexit   0x00000000080039e8        0xc c:/st/stm32cubeide_1.7.0/stm32cubeide/plugins/com.st.stm32cube.ide.mcu.externaltools.gnu-tools-for-stm32.9-2020-q2-update.win32_2.0.0.202105311346/tools/bin/../lib/gcc/arm-none-eabi/9.3.1/../../../../arm-none-eabi/lib/thumb/v7e-m+fp/hard\libc_nano.a(lib_a-atexit.o)
                0x00000000080039e8                atexit
 .text.fprintf  0x00000000080039f4       0x24 c:/st/stm32cubeide_1.7.0/stm32cubeide/plugins/com.st.stm32cube.ide.mcu.externaltools.gnu-tools-for-stm32.9-2020-q2-update.win32_2.0.0.202105311346/tools/bin/../lib/gcc/arm-none-eabi/9.3.1/../../../../arm-none-eabi/lib/thumb/v7e-m+fp/hard\libc_nano.a(lib_a-fprintf.o)
                0x00000000080039f4                fiprintf
                0x00000000080039f4                fprintf
 .text.__libc_init_array
                0x0000000008003a18       0x48 c:/st/stm32cubeide_1.7.0/stm32cubeide/plugins/com.st.stm32cube.ide.mcu.externaltools.gnu-tools-for-stm32.9-2020-q2-update.win32_2.0.0.202105311346/tools/bin/../lib/gcc/arm-none-eabi/9.3.1/../../../../arm-none-eabi/lib/thumb/v7e-m+fp/hard\libc_nano.a(lib_a-init.o)
                0x0000000008003a18                __libc_init_array
 .text.malloc   0x0000000008003a60       0x10 c:/st/stm32cubeide_1.7.0/stm32cubeide/plugins/com.st.stm32cube.ide.mcu.externaltools.gnu-tools-for-stm32.9-2020-q2-update.win32_2.0.0.202105311346/tools/bin/../lib/gcc/arm-none-eabi/9.3.1/../../../../arm-none-eabi/lib/thumb/v7e-m+fp/hard\libc_nano.a(lib_a-malloc.o)
                0x0000000008003a60                malloc
 .text.free     0x0000000008003a70       0x10 c:/st/stm32cubeide_1.7.0/stm32cubeide/plugins/com.st.stm32cube.ide.mcu.externaltools.gnu-tools-for-stm32.9-2020-q2-update.win32_2.0.0.202105311346/tools/bin/../lib/gcc/arm-none-eabi/9.3.1/../../../../arm-none-eabi/lib/thumb/v7e-m+fp/hard\libc_nano.a(lib_a-malloc.o)
                0x0000000008003a70                free
 .text.memcpy   0x0000000008003a80       0x1c c:/st/stm32cubeide_1.7.0/stm32cubeide/plugins/com.st.stm32cube.ide.mcu.externaltools.gnu-tools-for-stm32.9-2020-q2-update.win32_2.0.0.202105311346/tools/bin/../lib/gcc/arm-none-eabi/9.3.1/../../../../arm-none-eabi/lib/thumb/v7e-m+fp/hard\libc_nano.a(lib_a-memcpy-stub.o)
                0x0000000008003a80                memcpy
 .text.memmove  0x0000000008003a9c       0x34 c:/st/stm32cubeide_1.7.0/stm32cubeide/plugins/com.st.stm32cube.ide.mcu.externaltools.gnu-tools-for-stm32.9-2020-q2-update.win32_2.0.0.202105311346/tools/bin/../lib/gcc/arm-none-eabi/9.3.1/../../../../arm-none-eabi/lib/thumb/v7e-m+fp/hard\libc_nano.a(lib_a-memmove.o)
                0x0000000008003a9c                memmove
 .text.memset   0x0000000008003ad0       0x10 c:/st/stm32cubeide_1.7.0/stm32cubeide/plugins/com.st.stm32cube.ide.mcu.externaltools.gnu-tools-for-stm32.9-2020-q2-update.win32_2.0.0.202105311346/tools/bin/../lib/gcc/arm-none-eabi/9.3.1/../../../../arm-none-eabi/lib/thumb/v7e-m+fp/hard\libc_nano.a(lib_a-memset.o)
                0x0000000008003ad0                memset
 .text._free_r  0x0000000008003ae0       0xa0 c:/st/stm32cubeide_1.7.0/stm32cubeide/plugins/com.st.stm32cube.ide.mcu.externaltools.gnu-tools-for-stm32.9-2020-q2-update.win32_2.0.0.202105311346/tools/bin/../lib/gcc/arm-none-eabi/9.3.1/../../../../arm-none-eabi/lib/thumb/v7e-m+fp/hard\libc_nano.a(lib_a-nano-freer.o)
                0x0000000008003ae0                _free_r
 .text._malloc_r
                0x0000000008003b80       0xb4 c:/st/stm32cubeide_1.7.0/stm32cubeide/plugins/com.st.stm32cube.ide.mcu.externaltools.gnu-tools-for-stm32.9-2020-q2-update.win32_2.0.0.202105311346/tools/bin/../lib/gcc/arm-none-eabi/9.3.1/../../../../arm-none-eabi/lib/thumb/v7e-m+fp/hard\libc_nano.a(lib_a-nano-mallocr.o)
                0x0000000008003b80                _malloc_r
 .text.__sfputc_r
                0x0000000008003c34       0x2e c:/st/stm32cubeide_1.7.0/stm32cubeide/plugins/com.st.stm32cube.ide.mcu.externaltools.gnu-tools-for-stm32.9-2020-q2-update.win32_2.0.0.202105311346/tools/bin/../lib/gcc/arm-none-eabi/9.3.1/../../../../arm-none-eabi/lib/thumb/v7e-m+fp/hard\libc_nano.a(lib_a-nano-vfprintf.o)
 .text.__sfputs_r
                0x0000000008003c62       0x24 c:/st/stm32cubeide_1.7.0/stm32cubeide/plugins/com.st.stm32cube.ide.mcu.externaltools.gnu-tools-for-stm32.9-2020-q2-update.win32_2.0.0.202105311346/tools/bin/../lib/gcc/arm-none-eabi/9.3.1/../../../../arm-none-eabi/lib/thumb/v7e-m+fp/hard\libc_nano.a(lib_a-nano-vfprintf.o)
                0x0000000008003c62                __sfputs_r
 *fill*         0x0000000008003c86        0x2 
 .text._vfprintf_r
                0x0000000008003c88      0x260 c:/st/stm32cubeide_1.7.0/stm32cubeide/plugins/com.st.stm32cube.ide.mcu.externaltools.gnu-tools-for-stm32.9-2020-q2-update.win32_2.0.0.202105311346/tools/bin/../lib/gcc/arm-none-eabi/9.3.1/../../../../arm-none-eabi/lib/thumb/v7e-m+fp/hard\libc_nano.a(lib_a-nano-vfprintf.o)
                0x0000000008003c88                _vfprintf_r
                0x0000000008003c88                _vfiprintf_r
 .text._printf_common
                0x0000000008003ee8       0xda c:/st/stm32cubeide_1.7.0/stm32cubeide/plugins/com.st.stm32cube.ide.mcu.externaltools.gnu-tools-for-stm32.9-2020-q2-update.win32_2.0.0.202105311346/tools/bin/../lib/gcc/arm-none-eabi/9.3.1/../../../../arm-none-eabi/lib/thumb/v7e-m+fp/hard\libc_nano.a(lib_a-nano-vfprintf_i.o)
                0x0000000008003ee8                _printf_common
 *fill*         0x0000000008003fc2        0x2 
 .text._printf_i
                0x0000000008003fc4      0x24c c:/st/stm32cubeide_1.7.0/stm32cubeide/plugins/com.st.stm32cube.ide.mcu.externaltools.gnu-tools-for-stm32.9-2020-q2-update.win32_2.0.0.202105311346/tools/bin/../lib/gcc/arm-none-eabi/9.3.1/../../../../arm-none-eabi/lib/thumb/v7e-m+fp/hard\libc_nano.a(lib_a-nano-vfprintf_i.o)
                0x0000000008003fc4                _printf_i
 .text._sbrk_r  0x0000000008004210       0x20 c:/st/stm32cubeide_1.7.0/stm32cubeide/plugins/com.st.stm32cube.ide.mcu.externaltools.gnu-tools-for-stm32.9-2020-q2-update.win32_2.0.0.202105311346/tools/bin/../lib/gcc/arm-none-eabi/9.3.1/../../../../arm-none-eabi/lib/thumb/v7e-m+fp/hard\libc_nano.a(lib_a-sbrkr.o)
                0x0000000008004210                _sbrk_r
 .text._raise_r
                0x0000000008004230       0x50 c:/st/stm32cubeide_1.7.0/stm32cubeide/plugins/com.st.stm32cube.ide.mcu.externaltools.gnu-tools-for-stm32.9-2020-q2-update.win32_2.0.0.202105311346/tools/bin/../lib/gcc/arm-none-eabi/9.3.1/../../../../arm-none-eabi/lib/thumb/v7e-m+fp/hard\libc_nano.a(lib_a-signal.o)
                0x0000000008004230                _raise_r
 .text.raise    0x0000000008004280       0x10 c:/st/stm32cubeide_1.7.0/stm32cubeide/plugins/com.st.stm32cube.ide.mcu.externaltools.gnu-tools-for-stm32.9-2020-q2-update.win32_2.0.0.202105311346/tools/bin/../lib/gcc/arm-none-eabi/9.3.1/../../../../arm-none-eabi/lib/thumb/v7e-m+fp/hard\libc_nano.a(lib_a-signal.o)
                0x0000000008004280                raise
 .text._kill_r  0x0000000008004290       0x24 c:/st/stm32cubeide_1.7.0/stm32cubeide/plugins/com.st.stm32cube.ide.mcu.externaltools.gnu-tools-for-stm32.9-2020-q2-update.win32_2.0.0.202105311346/tools/bin/../lib/gcc/arm-none-eabi/9.3.1/../../../../arm-none-eabi/lib/thumb/v7e-m+fp/hard\libc_nano.a(lib_a-signalr.o)
                0x0000000008004290                _kill_r
 .text._getpid_r
                0x00000000080042b4        0x4 c:/st/stm32cubeide_1.7.0/stm32cubeide/plugins/com.st.stm32cube.ide.mcu.externaltools.gnu-tools-for-stm32.9-2020-q2-update.win32_2.0.0.202105311346/tools/bin/../lib/gcc/arm-none-eabi/9.3.1/../../../../arm-none-eabi/lib/thumb/v7e-m+fp/hard\libc_nano.a(lib_a-signalr.o)
                0x00000000080042b4                _getpid_r
 .text._vsprintf_r
                0x00000000080042b8       0x2c c:/st/stm32cubeide_1.7.0/stm32cubeide/plugins/com.st.stm32cube.ide.mcu.externaltools.gnu-tools-for-stm32.9-2020-q2-update.win32_2.0.0.202105311346/tools/bin/../lib/gcc/arm-none-eabi/9.3.1/../../../../arm-none-eabi/lib/thumb/v7e-m+fp/hard\libc_nano.a(lib_a-vsprintf.o)
                0x00000000080042b8                _vsprintf_r
                0x00000000080042b8                _vsiprintf_r
 .text.vsprintf
                0x00000000080042e4       0x14 c:/st/stm32cubeide_1.7.0/stm32cubeide/plugins/com.st.stm32cube.ide.mcu.externaltools.gnu-tools-for-stm32.9-2020-q2-update.win32_2.0.0.202105311346/tools/bin/../lib/gcc/arm-none-eabi/9.3.1/../../../../arm-none-eabi/lib/thumb/v7e-m+fp/hard\libc_nano.a(lib_a-vsprintf.o)
                0x00000000080042e4                vsiprintf
                0x00000000080042e4                vsprintf
 .text.__swbuf_r
                0x00000000080042f8       0xa4 c:/st/stm32cubeide_1.7.0/stm32cubeide/plugins/com.st.stm32cube.ide.mcu.externaltools.gnu-tools-for-stm32.9-2020-q2-update.win32_2.0.0.202105311346/tools/bin/../lib/gcc/arm-none-eabi/9.3.1/../../../../arm-none-eabi/lib/thumb/v7e-m+fp/hard\libc_nano.a(lib_a-wbuf.o)
                0x00000000080042f8                __swbuf_r
 .text.__swsetup_r
                0x000000000800439c       0xdc c:/st/stm32cubeide_1.7.0/stm32cubeide/plugins/com.st.stm32cube.ide.mcu.externaltools.gnu-tools-for-stm32.9-2020-q2-update.win32_2.0.0.202105311346/tools/bin/../lib/gcc/arm-none-eabi/9.3.1/../../../../arm-none-eabi/lib/thumb/v7e-m+fp/hard\libc_nano.a(lib_a-wsetup.o)
                0x000000000800439c                __swsetup_r
 .text.__register_exitproc
                0x0000000008004478       0xc4 c:/st/stm32cubeide_1.7.0/stm32cubeide/plugins/com.st.stm32cube.ide.mcu.externaltools.gnu-tools-for-stm32.9-2020-q2-update.win32_2.0.0.202105311346/tools/bin/../lib/gcc/arm-none-eabi/9.3.1/../../../../arm-none-eabi/lib/thumb/v7e-m+fp/hard\libc_nano.a(lib_a-__atexit.o)
                0x0000000008004478                __register_exitproc
 .text.__sflush_r
                0x000000000800453c      0x10c c:/st/stm32cubeide_1.7.0/stm32cubeide/plugins/com.st.stm32cube.ide.mcu.externaltools.gnu-tools-for-stm32.9-2020-q2-update.win32_2.0.0.202105311346/tools/bin/../lib/gcc/arm-none-eabi/9.3.1/../../../../arm-none-eabi/lib/thumb/v7e-m+fp/hard\libc_nano.a(lib_a-fflush.o)
                0x000000000800453c                __sflush_r
 .text._fflush_r
                0x0000000008004648       0x78 c:/st/stm32cubeide_1.7.0/stm32cubeide/plugins/com.st.stm32cube.ide.mcu.externaltools.gnu-tools-for-stm32.9-2020-q2-update.win32_2.0.0.202105311346/tools/bin/../lib/gcc/arm-none-eabi/9.3.1/../../../../arm-none-eabi/lib/thumb/v7e-m+fp/hard\libc_nano.a(lib_a-fflush.o)
                0x0000000008004648                _fflush_r
 .text.std      0x00000000080046c0       0x48 c:/st/stm32cubeide_1.7.0/stm32cubeide/plugins/com.st.stm32cube.ide.mcu.externaltools.gnu-tools-for-stm32.9-2020-q2-update.win32_2.0.0.202105311346/tools/bin/../lib/gcc/arm-none-eabi/9.3.1/../../../../arm-none-eabi/lib/thumb/v7e-m+fp/hard\libc_nano.a(lib_a-findfp.o)
 .text._cleanup_r
                0x0000000008004708        0xc c:/st/stm32cubeide_1.7.0/stm32cubeide/plugins/com.st.stm32cube.ide.mcu.externaltools.gnu-tools-for-stm32.9-2020-q2-update.win32_2.0.0.202105311346/tools/bin/../lib/gcc/arm-none-eabi/9.3.1/../../../../arm-none-eabi/lib/thumb/v7e-m+fp/hard\libc_nano.a(lib_a-findfp.o)
                0x0000000008004708                _cleanup_r
 .text.__sfmoreglue
                0x0000000008004714       0x2c c:/st/stm32cubeide_1.7.0/stm32cubeide/plugins/com.st.stm32cube.ide.mcu.externaltools.gnu-tools-for-stm32.9-2020-q2-update.win32_2.0.0.202105311346/tools/bin/../lib/gcc/arm-none-eabi/9.3.1/../../../../arm-none-eabi/lib/thumb/v7e-m+fp/hard\libc_nano.a(lib_a-findfp.o)
                0x0000000008004714                __sfmoreglue
 .text.__sfp_lock_acquire
                0x0000000008004740        0xc c:/st/stm32cubeide_1.7.0/stm32cubeide/plugins/com.st.stm32cube.ide.mcu.externaltools.gnu-tools-for-stm32.9-2020-q2-update.win32_2.0.0.202105311346/tools/bin/../lib/gcc/arm-none-eabi/9.3.1/../../../../arm-none-eabi/lib/thumb/v7e-m+fp/hard\libc_nano.a(lib_a-findfp.o)
                0x0000000008004740                __sfp_lock_acquire
 .text.__sfp_lock_release
                0x000000000800474c        0xc c:/st/stm32cubeide_1.7.0/stm32cubeide/plugins/com.st.stm32cube.ide.mcu.externaltools.gnu-tools-for-stm32.9-2020-q2-update.win32_2.0.0.202105311346/tools/bin/../lib/gcc/arm-none-eabi/9.3.1/../../../../arm-none-eabi/lib/thumb/v7e-m+fp/hard\libc_nano.a(lib_a-findfp.o)
                0x000000000800474c                __sfp_lock_release
 .text.__sinit_lock_acquire
                0x0000000008004758        0xc c:/st/stm32cubeide_1.7.0/stm32cubeide/plugins/com.st.stm32cube.ide.mcu.externaltools.gnu-tools-for-stm32.9-2020-q2-update.win32_2.0.0.202105311346/tools/bin/../lib/gcc/arm-none-eabi/9.3.1/../../../../arm-none-eabi/lib/thumb/v7e-m+fp/hard\libc_nano.a(lib_a-findfp.o)
                0x0000000008004758                __sinit_lock_acquire
 .text.__sinit_lock_release
                0x0000000008004764        0xc c:/st/stm32cubeide_1.7.0/stm32cubeide/plugins/com.st.stm32cube.ide.mcu.externaltools.gnu-tools-for-stm32.9-2020-q2-update.win32_2.0.0.202105311346/tools/bin/../lib/gcc/arm-none-eabi/9.3.1/../../../../arm-none-eabi/lib/thumb/v7e-m+fp/hard\libc_nano.a(lib_a-findfp.o)
                0x0000000008004764                __sinit_lock_release
 .text.__sinit  0x0000000008004770       0x70 c:/st/stm32cubeide_1.7.0/stm32cubeide/plugins/com.st.stm32cube.ide.mcu.externaltools.gnu-tools-for-stm32.9-2020-q2-update.win32_2.0.0.202105311346/tools/bin/../lib/gcc/arm-none-eabi/9.3.1/../../../../arm-none-eabi/lib/thumb/v7e-m+fp/hard\libc_nano.a(lib_a-findfp.o)
                0x0000000008004770                __sinit
 .text.__sfp    0x00000000080047e0       0x8c c:/st/stm32cubeide_1.7.0/stm32cubeide/plugins/com.st.stm32cube.ide.mcu.externaltools.gnu-tools-for-stm32.9-2020-q2-update.win32_2.0.0.202105311346/tools/bin/../lib/gcc/arm-none-eabi/9.3.1/../../../../arm-none-eabi/lib/thumb/v7e-m+fp/hard\libc_nano.a(lib_a-findfp.o)
                0x00000000080047e0                __sfp
 .text._fwalk_reent
                0x000000000800486c       0x3e c:/st/stm32cubeide_1.7.0/stm32cubeide/plugins/com.st.stm32cube.ide.mcu.externaltools.gnu-tools-for-stm32.9-2020-q2-update.win32_2.0.0.202105311346/tools/bin/../lib/gcc/arm-none-eabi/9.3.1/../../../../arm-none-eabi/lib/thumb/v7e-m+fp/hard\libc_nano.a(lib_a-fwalk.o)
                0x000000000800486c                _fwalk_reent
 .text.__retarget_lock_init_recursive
                0x00000000080048aa        0x2 c:/st/stm32cubeide_1.7.0/stm32cubeide/plugins/com.st.stm32cube.ide.mcu.externaltools.gnu-tools-for-stm32.9-2020-q2-update.win32_2.0.0.202105311346/tools/bin/../lib/gcc/arm-none-eabi/9.3.1/../../../../arm-none-eabi/lib/thumb/v7e-m+fp/hard\libc_nano.a(lib_a-lock.o)
                0x00000000080048aa                __retarget_lock_init_recursive
 .text.__retarget_lock_acquire_recursive
                0x00000000080048ac        0x2 c:/st/stm32cubeide_1.7.0/stm32cubeide/plugins/com.st.stm32cube.ide.mcu.externaltools.gnu-tools-for-stm32.9-2020-q2-update.win32_2.0.0.202105311346/tools/bin/../lib/gcc/arm-none-eabi/9.3.1/../../../../arm-none-eabi/lib/thumb/v7e-m+fp/hard\libc_nano.a(lib_a-lock.o)
                0x00000000080048ac                __retarget_lock_acquire_recursive
 .text.__retarget_lock_release
                0x00000000080048ae        0x2 c:/st/stm32cubeide_1.7.0/stm32cubeide/plugins/com.st.stm32cube.ide.mcu.externaltools.gnu-tools-for-stm32.9-2020-q2-update.win32_2.0.0.202105311346/tools/bin/../lib/gcc/arm-none-eabi/9.3.1/../../../../arm-none-eabi/lib/thumb/v7e-m+fp/hard\libc_nano.a(lib_a-lock.o)
                0x00000000080048ae                __retarget_lock_release
 .text.__retarget_lock_release_recursive
                0x00000000080048b0        0x2 c:/st/stm32cubeide_1.7.0/stm32cubeide/plugins/com.st.stm32cube.ide.mcu.externaltools.gnu-tools-for-stm32.9-2020-q2-update.win32_2.0.0.202105311346/tools/bin/../lib/gcc/arm-none-eabi/9.3.1/../../../../arm-none-eabi/lib/thumb/v7e-m+fp/hard\libc_nano.a(lib_a-lock.o)
                0x00000000080048b0                __retarget_lock_release_recursive
 .text.__swhatbuf_r
                0x00000000080048b2       0x48 c:/st/stm32cubeide_1.7.0/stm32cubeide/plugins/com.st.stm32cube.ide.mcu.externaltools.gnu-tools-for-stm32.9-2020-q2-update.win32_2.0.0.202105311346/tools/bin/../lib/gcc/arm-none-eabi/9.3.1/../../../../arm-none-eabi/lib/thumb/v7e-m+fp/hard\libc_nano.a(lib_a-makebuf.o)
                0x00000000080048b2                __swhatbuf_r
 *fill*         0x00000000080048fa        0x2 
 .text.__smakebuf_r
                0x00000000080048fc       0x80 c:/st/stm32cubeide_1.7.0/stm32cubeide/plugins/com.st.stm32cube.ide.mcu.externaltools.gnu-tools-for-stm32.9-2020-q2-update.win32_2.0.0.202105311346/tools/bin/../lib/gcc/arm-none-eabi/9.3.1/../../../../arm-none-eabi/lib/thumb/v7e-m+fp/hard\libc_nano.a(lib_a-makebuf.o)
                0x00000000080048fc                __smakebuf_r
 .text.__malloc_lock
                0x000000000800497c        0xc c:/st/stm32cubeide_1.7.0/stm32cubeide/plugins/com.st.stm32cube.ide.mcu.externaltools.gnu-tools-for-stm32.9-2020-q2-update.win32_2.0.0.202105311346/tools/bin/../lib/gcc/arm-none-eabi/9.3.1/../../../../arm-none-eabi/lib/thumb/v7e-m+fp/hard\libc_nano.a(lib_a-mlock.o)
                0x000000000800497c                __malloc_lock
 .text.__malloc_unlock
                0x0000000008004988        0xc c:/st/stm32cubeide_1.7.0/stm32cubeide/plugins/com.st.stm32cube.ide.mcu.externaltools.gnu-tools-for-stm32.9-2020-q2-update.win32_2.0.0.202105311346/tools/bin/../lib/gcc/arm-none-eabi/9.3.1/../../../../arm-none-eabi/lib/thumb/v7e-m+fp/hard\libc_nano.a(lib_a-mlock.o)
                0x0000000008004988                __malloc_unlock
 .text._realloc_r
                0x0000000008004994       0x4c c:/st/stm32cubeide_1.7.0/stm32cubeide/plugins/com.st.stm32cube.ide.mcu.externaltools.gnu-tools-for-stm32.9-2020-q2-update.win32_2.0.0.202105311346/tools/bin/../lib/gcc/arm-none-eabi/9.3.1/../../../../arm-none-eabi/lib/thumb/v7e-m+fp/hard\libc_nano.a(lib_a-nano-reallocr.o)
                0x0000000008004994                _realloc_r
 .text.__ssputs_r
                0x00000000080049e0       0xb6 c:/st/stm32cubeide_1.7.0/stm32cubeide/plugins/com.st.stm32cube.ide.mcu.externaltools.gnu-tools-for-stm32.9-2020-q2-update.win32_2.0.0.202105311346/tools/bin/../lib/gcc/arm-none-eabi/9.3.1/../../../../arm-none-eabi/lib/thumb/v7e-m+fp/hard\libc_nano.a(lib_a-nano-svfprintf.o)
                0x00000000080049e0                __ssputs_r
 *fill*         0x0000000008004a96        0x2 
 .text._svfprintf_r
                0x0000000008004a98      0x200 c:/st/stm32cubeide_1.7.0/stm32cubeide/plugins/com.st.stm32cube.ide.mcu.externaltools.gnu-tools-for-stm32.9-2020-q2-update.win32_2.0.0.202105311346/tools/bin/../lib/gcc/arm-none-eabi/9.3.1/../../../../arm-none-eabi/lib/thumb/v7e-m+fp/hard\libc_nano.a(lib_a-nano-svfprintf.o)
                0x0000000008004a98                _svfiprintf_r
                0x0000000008004a98                _svfprintf_r
 .text.__sread  0x0000000008004c98       0x22 c:/st/stm32cubeide_1.7.0/stm32cubeide/plugins/com.st.stm32cube.ide.mcu.externaltools.gnu-tools-for-stm32.9-2020-q2-update.win32_2.0.0.202105311346/tools/bin/../lib/gcc/arm-none-eabi/9.3.1/../../../../arm-none-eabi/lib/thumb/v7e-m+fp/hard\libc_nano.a(lib_a-stdio.o)
                0x0000000008004c98                __sread
 .text.__swrite
                0x0000000008004cba       0x38 c:/st/stm32cubeide_1.7.0/stm32cubeide/plugins/com.st.stm32cube.ide.mcu.externaltools.gnu-tools-for-stm32.9-2020-q2-update.win32_2.0.0.202105311346/tools/bin/../lib/gcc/arm-none-eabi/9.3.1/../../../../arm-none-eabi/lib/thumb/v7e-m+fp/hard\libc_nano.a(lib_a-stdio.o)
                0x0000000008004cba                __swrite
 .text.__sseek  0x0000000008004cf2       0x24 c:/st/stm32cubeide_1.7.0/stm32cubeide/plugins/com.st.stm32cube.ide.mcu.externaltools.gnu-tools-for-stm32.9-2020-q2-update.win32_2.0.0.202105311346/tools/bin/../lib/gcc/arm-none-eabi/9.3.1/../../../../arm-none-eabi/lib/thumb/v7e-m+fp/hard\libc_nano.a(lib_a-stdio.o)
                0x0000000008004cf2                __sseek
 .text.__sclose
                0x0000000008004d16        0x8 c:/st/stm32cubeide_1.7.0/stm32cubeide/plugins/com.st.stm32cube.ide.mcu.externaltools.gnu-tools-for-stm32.9-2020-q2-update.win32_2.0.0.202105311346/tools/bin/../lib/gcc/arm-none-eabi/9.3.1/../../../../arm-none-eabi/lib/thumb/v7e-m+fp/hard\libc_nano.a(lib_a-stdio.o)
                0x0000000008004d16                __sclose
 *fill*         0x0000000008004d1e        0x2 
 .text._write_r
                0x0000000008004d20       0x24 c:/st/stm32cubeide_1.7.0/stm32cubeide/plugins/com.st.stm32cube.ide.mcu.externaltools.gnu-tools-for-stm32.9-2020-q2-update.win32_2.0.0.202105311346/tools/bin/../lib/gcc/arm-none-eabi/9.3.1/../../../../arm-none-eabi/lib/thumb/v7e-m+fp/hard\libc_nano.a(lib_a-writer.o)
                0x0000000008004d20                _write_r
 .text._close_r
                0x0000000008004d44       0x20 c:/st/stm32cubeide_1.7.0/stm32cubeide/plugins/com.st.stm32cube.ide.mcu.externaltools.gnu-tools-for-stm32.9-2020-q2-update.win32_2.0.0.202105311346/tools/bin/../lib/gcc/arm-none-eabi/9.3.1/../../../../arm-none-eabi/lib/thumb/v7e-m+fp/hard\libc_nano.a(lib_a-closer.o)
                0x0000000008004d44                _close_r
 .text._fstat_r
                0x0000000008004d64       0x24 c:/st/stm32cubeide_1.7.0/stm32cubeide/plugins/com.st.stm32cube.ide.mcu.externaltools.gnu-tools-for-stm32.9-2020-q2-update.win32_2.0.0.202105311346/tools/bin/../lib/gcc/arm-none-eabi/9.3.1/../../../../arm-none-eabi/lib/thumb/v7e-m+fp/hard\libc_nano.a(lib_a-fstatr.o)
                0x0000000008004d64                _fstat_r
 .text._isatty_r
                0x0000000008004d88       0x20 c:/st/stm32cubeide_1.7.0/stm32cubeide/plugins/com.st.stm32cube.ide.mcu.externaltools.gnu-tools-for-stm32.9-2020-q2-update.win32_2.0.0.202105311346/tools/bin/../lib/gcc/arm-none-eabi/9.3.1/../../../../arm-none-eabi/lib/thumb/v7e-m+fp/hard\libc_nano.a(lib_a-isattyr.o)
                0x0000000008004d88                _isatty_r
 .text._lseek_r
                0x0000000008004da8       0x24 c:/st/stm32cubeide_1.7.0/stm32cubeide/plugins/com.st.stm32cube.ide.mcu.externaltools.gnu-tools-for-stm32.9-2020-q2-update.win32_2.0.0.202105311346/tools/bin/../lib/gcc/arm-none-eabi/9.3.1/../../../../arm-none-eabi/lib/thumb/v7e-m+fp/hard\libc_nano.a(lib_a-lseekr.o)
                0x0000000008004da8                _lseek_r
 .text._malloc_usable_size_r
                0x0000000008004dcc       0x10 c:/st/stm32cubeide_1.7.0/stm32cubeide/plugins/com.st.stm32cube.ide.mcu.externaltools.gnu-tools-for-stm32.9-2020-q2-update.win32_2.0.0.202105311346/tools/bin/../lib/gcc/arm-none-eabi/9.3.1/../../../../arm-none-eabi/lib/thumb/v7e-m+fp/hard\libc_nano.a(lib_a-nano-msizer.o)
                0x0000000008004dcc                _malloc_usable_size_r
 .text._read_r  0x0000000008004ddc       0x24 c:/st/stm32cubeide_1.7.0/stm32cubeide/plugins/com.st.stm32cube.ide.mcu.externaltools.gnu-tools-for-stm32.9-2020-q2-update.win32_2.0.0.202105311346/tools/bin/../lib/gcc/arm-none-eabi/9.3.1/../../../../arm-none-eabi/lib/thumb/v7e-m+fp/hard\libc_nano.a(lib_a-readr.o)
                0x0000000008004ddc                _read_r
 .text._close   0x0000000008004e00       0x10 c:/st/stm32cubeide_1.7.0/stm32cubeide/plugins/com.st.stm32cube.ide.mcu.externaltools.gnu-tools-for-stm32.9-2020-q2-update.win32_2.0.0.202105311346/tools/bin/../lib/gcc/arm-none-eabi/9.3.1/../../../../arm-none-eabi/lib/thumb/v7e-m+fp/hard\libnosys.a(close.o)
                0x0000000008004e00                _close
 .text._fstat   0x0000000008004e10       0x10 c:/st/stm32cubeide_1.7.0/stm32cubeide/plugins/com.st.stm32cube.ide.mcu.externaltools.gnu-tools-for-stm32.9-2020-q2-update.win32_2.0.0.202105311346/tools/bin/../lib/gcc/arm-none-eabi/9.3.1/../../../../arm-none-eabi/lib/thumb/v7e-m+fp/hard\libnosys.a(fstat.o)
                0x0000000008004e10                _fstat
 .text._getpid  0x0000000008004e20       0x10 c:/st/stm32cubeide_1.7.0/stm32cubeide/plugins/com.st.stm32cube.ide.mcu.externaltools.gnu-tools-for-stm32.9-2020-q2-update.win32_2.0.0.202105311346/tools/bin/../lib/gcc/arm-none-eabi/9.3.1/../../../../arm-none-eabi/lib/thumb/v7e-m+fp/hard\libnosys.a(getpid.o)
                0x0000000008004e20                _getpid
 .text._isatty  0x0000000008004e30       0x10 c:/st/stm32cubeide_1.7.0/stm32cubeide/plugins/com.st.stm32cube.ide.mcu.externaltools.gnu-tools-for-stm32.9-2020-q2-update.win32_2.0.0.202105311346/tools/bin/../lib/gcc/arm-none-eabi/9.3.1/../../../../arm-none-eabi/lib/thumb/v7e-m+fp/hard\libnosys.a(isatty.o)
                0x0000000008004e30                _isatty
 .text._kill    0x0000000008004e40       0x10 c:/st/stm32cubeide_1.7.0/stm32cubeide/plugins/com.st.stm32cube.ide.mcu.externaltools.gnu-tools-for-stm32.9-2020-q2-update.win32_2.0.0.202105311346/tools/bin/../lib/gcc/arm-none-eabi/9.3.1/../../../../arm-none-eabi/lib/thumb/v7e-m+fp/hard\libnosys.a(kill.o)
                0x0000000008004e40                _kill
 .text._lseek   0x0000000008004e50       0x10 c:/st/stm32cubeide_1.7.0/stm32cubeide/plugins/com.st.stm32cube.ide.mcu.externaltools.gnu-tools-for-stm32.9-2020-q2-update.win32_2.0.0.202105311346/tools/bin/../lib/gcc/arm-none-eabi/9.3.1/../../../../arm-none-eabi/lib/thumb/v7e-m+fp/hard\libnosys.a(lseek.o)
                0x0000000008004e50                _lseek
 .text._read    0x0000000008004e60       0x10 c:/st/stm32cubeide_1.7.0/stm32cubeide/plugins/com.st.stm32cube.ide.mcu.externaltools.gnu-tools-for-stm32.9-2020-q2-update.win32_2.0.0.202105311346/tools/bin/../lib/gcc/arm-none-eabi/9.3.1/../../../../arm-none-eabi/lib/thumb/v7e-m+fp/hard\libnosys.a(read.o)
                0x0000000008004e60                _read
 .text._sbrk    0x0000000008004e70       0x1c c:/st/stm32cubeide_1.7.0/stm32cubeide/plugins/com.st.stm32cube.ide.mcu.externaltools.gnu-tools-for-stm32.9-2020-q2-update.win32_2.0.0.202105311346/tools/bin/../lib/gcc/arm-none-eabi/9.3.1/../../../../arm-none-eabi/lib/thumb/v7e-m+fp/hard\libnosys.a(sbrk.o)
                0x0000000008004e70                _sbrk
 .text._write   0x0000000008004e8c       0x10 c:/st/stm32cubeide_1.7.0/stm32cubeide/plugins/com.st.stm32cube.ide.mcu.externaltools.gnu-tools-for-stm32.9-2020-q2-update.win32_2.0.0.202105311346/tools/bin/../lib/gcc/arm-none-eabi/9.3.1/../../../../arm-none-eabi/lib/thumb/v7e-m+fp/hard\libnosys.a(write.o)
                0x0000000008004e8c                _write
 .text._exit    0x0000000008004e9c        0x2 c:/st/stm32cubeide_1.7.0/stm32cubeide/plugins/com.st.stm32cube.ide.mcu.externaltools.gnu-tools-for-stm32.9-2020-q2-update.win32_2.0.0.202105311346/tools/bin/../lib/gcc/arm-none-eabi/9.3.1/../../../../arm-none-eabi/lib/thumb/v7e-m+fp/hard\libnosys.a(_exit.o)
                0x0000000008004e9c                _exit
 *(.glue_7)
 .glue_7        0x0000000008004e9e        0x0 linker stubs
 *(.glue_7t)
 .glue_7t       0x0000000008004e9e        0x0 linker stubs
 *(.eh_frame)
 *fill*         0x0000000008004e9e        0x2 
 .eh_frame      0x0000000008004ea0        0x0 c:/st/stm32cubeide_1.7.0/stm32cubeide/plugins/com.st.stm32cube.ide.mcu.externaltools.gnu-tools-for-stm32.9-2020-q2-update.win32_2.0.0.202105311346/tools/bin/../lib/gcc/arm-none-eabi/9.3.1/thumb/v7e-m+fp/hard/crtbegin.o
 *(.init)
 .init          0x0000000008004ea0        0x4 c:/st/stm32cubeide_1.7.0/stm32cubeide/plugins/com.st.stm32cube.ide.mcu.externaltools.gnu-tools-for-stm32.9-2020-q2-update.win32_2.0.0.202105311346/tools/bin/../lib/gcc/arm-none-eabi/9.3.1/thumb/v7e-m+fp/hard/crti.o
                0x0000000008004ea0                _init
 .init          0x0000000008004ea4        0x8 c:/st/stm32cubeide_1.7.0/stm32cubeide/plugins/com.st.stm32cube.ide.mcu.externaltools.gnu-tools-for-stm32.9-2020-q2-update.win32_2.0.0.202105311346/tools/bin/../lib/gcc/arm-none-eabi/9.3.1/thumb/v7e-m+fp/hard/crtn.o
 *(.fini)
 .fini          0x0000000008004eac        0x4 c:/st/stm32cubeide_1.7.0/stm32cubeide/plugins/com.st.stm32cube.ide.mcu.externaltools.gnu-tools-for-stm32.9-2020-q2-update.win32_2.0.0.202105311346/tools/bin/../lib/gcc/arm-none-eabi/9.3.1/thumb/v7e-m+fp/hard/crti.o
                0x0000000008004eac                _fini
 .fini          0x0000000008004eb0        0x8 c:/st/stm32cubeide_1.7.0/stm32cubeide/plugins/com.st.stm32cube.ide.mcu.externaltools.gnu-tools-for-stm32.9-2020-q2-update.win32_2.0.0.202105311346/tools/bin/../lib/gcc/arm-none-eabi/9.3.1/thumb/v7e-m+fp/hard/crtn.o
                0x0000000008004eb8                . = ALIGN (0x4)
                0x0000000008004eb8                _etext = .

.vfp11_veneer   0x0000000008004eb8        0x0
 .vfp11_veneer  0x0000000008004eb8        0x0 linker stubs

.v4_bx          0x0000000008004eb8        0x0
 .v4_bx         0x0000000008004eb8        0x0 linker stubs

.iplt           0x0000000008004eb8        0x0
 .iplt          0x0000000008004eb8        0x0 c:/st/stm32cubeide_1.7.0/stm32cubeide/plugins/com.st.stm32cube.ide.mcu.externaltools.gnu-tools-for-stm32.9-2020-q2-update.win32_2.0.0.202105311346/tools/bin/../lib/gcc/arm-none-eabi/9.3.1/thumb/v7e-m+fp/hard/crtbegin.o

.rodata         0x0000000008004eb8      0x4ec