statemachine01.cpp:18:1:StateMachine01::~StateMachine01()	8	static
statemachine01.cpp:18:1:virtual StateMachine01::~StateMachine01()	8	static
basic_string.tcc:206:7:void std::__cxx11::basic_string<_CharT, _Traits, _Alloc>::_M_construct(_InIterator, _InIterator, std::forward_iterator_tag) [with _FwdIterator = char*; _CharT = char; _Traits = std::char_traits<char>; _Alloc = std::allocator<char>]	24	static
statemachine01.cpp:11:1:StateMachine01::StateMachine01(int, std::string)	16	static
statemachine01.cpp:23:15:virtual XFEventStatus StateMachine01::processEvent()	48	static
