behavior.cpp:32:6:virtual bool XFBehavior::deleteOnTerminate() const	0	static
behavior.cpp:37:6:virtual void XFBehavior::setDeleteOnTerminate(bool)	0	static
behavior.cpp:19:6:virtual void XFBehavior::startBehavior()	16	static
behavior.cpp:25:6:virtual void XFBehavior::pushEvent(XFEvent*, bool)	16	static
behavior.cpp:9:1:XFBehavior::XFBehavior()	0	static
behavior.cpp:14:1:XFBehavior::~XFBehavior()	0	static
behavior.cpp:14:1:virtual XFBehavior::~XFBehavior()	8	static
behavior.cpp:42:16:const XFEvent* XFBehavior::getCurrentEvent() const	0	static
behavior.cpp:47:26:interface::XFDispatcher* XFBehavior::getDispatcher()	8	static
behavior.cpp:52:18:const XFTimeout* XFBehavior::getCurrentTimeout()	0	static
behavior.cpp:57:6:void XFBehavior::setCurrentEvent(const XFEvent*)	0	static
behavior.cpp:62:31:virtual interface::XFBehavior::TerminateBehavior XFBehavior::process(const XFEvent*)	8	static
